Archive member included to satisfy reference by file (symbol)

/opt/gcc-arm-none-eabi/gcc-arm-none-eabi-10.3-2021.10/bin/../lib/gcc/arm-none-eabi/10.3.1/../../../../arm-none-eabi/lib/thumb/v7e-m/nofp/libm.a(lib_a-w_log10.o)
                              build/partB.o (log10)
/opt/gcc-arm-none-eabi/gcc-arm-none-eabi-10.3-2021.10/bin/../lib/gcc/arm-none-eabi/10.3.1/../../../../arm-none-eabi/lib/thumb/v7e-m/nofp/libm.a(lib_a-w_pow.o)
                              build/partB.o (pow)
/opt/gcc-arm-none-eabi/gcc-arm-none-eabi-10.3-2021.10/bin/../lib/gcc/arm-none-eabi/10.3.1/../../../../arm-none-eabi/lib/thumb/v7e-m/nofp/libm.a(lib_a-e_log10.o)
                              /opt/gcc-arm-none-eabi/gcc-arm-none-eabi-10.3-2021.10/bin/../lib/gcc/arm-none-eabi/10.3.1/../../../../arm-none-eabi/lib/thumb/v7e-m/nofp/libm.a(lib_a-w_log10.o) (__ieee754_log10)
/opt/gcc-arm-none-eabi/gcc-arm-none-eabi-10.3-2021.10/bin/../lib/gcc/arm-none-eabi/10.3.1/../../../../arm-none-eabi/lib/thumb/v7e-m/nofp/libm.a(lib_a-e_pow.o)
                              /opt/gcc-arm-none-eabi/gcc-arm-none-eabi-10.3-2021.10/bin/../lib/gcc/arm-none-eabi/10.3.1/../../../../arm-none-eabi/lib/thumb/v7e-m/nofp/libm.a(lib_a-w_pow.o) (__ieee754_pow)
/opt/gcc-arm-none-eabi/gcc-arm-none-eabi-10.3-2021.10/bin/../lib/gcc/arm-none-eabi/10.3.1/../../../../arm-none-eabi/lib/thumb/v7e-m/nofp/libm.a(lib_a-e_sqrt.o)
                              /opt/gcc-arm-none-eabi/gcc-arm-none-eabi-10.3-2021.10/bin/../lib/gcc/arm-none-eabi/10.3.1/../../../../arm-none-eabi/lib/thumb/v7e-m/nofp/libm.a(lib_a-e_pow.o) (__ieee754_sqrt)
/opt/gcc-arm-none-eabi/gcc-arm-none-eabi-10.3-2021.10/bin/../lib/gcc/arm-none-eabi/10.3.1/../../../../arm-none-eabi/lib/thumb/v7e-m/nofp/libm.a(lib_a-math_err.o)
                              /opt/gcc-arm-none-eabi/gcc-arm-none-eabi-10.3-2021.10/bin/../lib/gcc/arm-none-eabi/10.3.1/../../../../arm-none-eabi/lib/thumb/v7e-m/nofp/libm.a(lib_a-e_pow.o) (__math_uflow)
/opt/gcc-arm-none-eabi/gcc-arm-none-eabi-10.3-2021.10/bin/../lib/gcc/arm-none-eabi/10.3.1/../../../../arm-none-eabi/lib/thumb/v7e-m/nofp/libm.a(lib_a-s_fabs.o)
                              /opt/gcc-arm-none-eabi/gcc-arm-none-eabi-10.3-2021.10/bin/../lib/gcc/arm-none-eabi/10.3.1/../../../../arm-none-eabi/lib/thumb/v7e-m/nofp/libm.a(lib_a-e_pow.o) (fabs)
/opt/gcc-arm-none-eabi/gcc-arm-none-eabi-10.3-2021.10/bin/../lib/gcc/arm-none-eabi/10.3.1/../../../../arm-none-eabi/lib/thumb/v7e-m/nofp/libm.a(lib_a-s_finite.o)
                              /opt/gcc-arm-none-eabi/gcc-arm-none-eabi-10.3-2021.10/bin/../lib/gcc/arm-none-eabi/10.3.1/../../../../arm-none-eabi/lib/thumb/v7e-m/nofp/libm.a(lib_a-w_pow.o) (finite)
/opt/gcc-arm-none-eabi/gcc-arm-none-eabi-10.3-2021.10/bin/../lib/gcc/arm-none-eabi/10.3.1/../../../../arm-none-eabi/lib/thumb/v7e-m/nofp/libm.a(lib_a-s_nan.o)
                              /opt/gcc-arm-none-eabi/gcc-arm-none-eabi-10.3-2021.10/bin/../lib/gcc/arm-none-eabi/10.3.1/../../../../arm-none-eabi/lib/thumb/v7e-m/nofp/libm.a(lib_a-w_log10.o) (nan)
/opt/gcc-arm-none-eabi/gcc-arm-none-eabi-10.3-2021.10/bin/../lib/gcc/arm-none-eabi/10.3.1/../../../../arm-none-eabi/lib/thumb/v7e-m/nofp/libm.a(lib_a-s_scalbn.o)
                              /opt/gcc-arm-none-eabi/gcc-arm-none-eabi-10.3-2021.10/bin/../lib/gcc/arm-none-eabi/10.3.1/../../../../arm-none-eabi/lib/thumb/v7e-m/nofp/libm.a(lib_a-e_pow.o) (scalbn)
/opt/gcc-arm-none-eabi/gcc-arm-none-eabi-10.3-2021.10/bin/../lib/gcc/arm-none-eabi/10.3.1/../../../../arm-none-eabi/lib/thumb/v7e-m/nofp/libm.a(lib_a-e_log.o)
                              /opt/gcc-arm-none-eabi/gcc-arm-none-eabi-10.3-2021.10/bin/../lib/gcc/arm-none-eabi/10.3.1/../../../../arm-none-eabi/lib/thumb/v7e-m/nofp/libm.a(lib_a-e_log10.o) (__ieee754_log)
/opt/gcc-arm-none-eabi/gcc-arm-none-eabi-10.3-2021.10/bin/../lib/gcc/arm-none-eabi/10.3.1/thumb/v7e-m/nofp/libgcc.a(_arm_muldf3.o)
                              build/partB.o (__aeabi_dmul)
/opt/gcc-arm-none-eabi/gcc-arm-none-eabi-10.3-2021.10/bin/../lib/gcc/arm-none-eabi/10.3.1/thumb/v7e-m/nofp/libgcc.a(_arm_addsubdf3.o)
                              build/partB.o (__aeabi_dsub)
/opt/gcc-arm-none-eabi/gcc-arm-none-eabi-10.3-2021.10/bin/../lib/gcc/arm-none-eabi/10.3.1/thumb/v7e-m/nofp/libgcc.a(_arm_muldivdf3.o)
                              build/partB.o (__aeabi_ddiv)
/opt/gcc-arm-none-eabi/gcc-arm-none-eabi-10.3-2021.10/bin/../lib/gcc/arm-none-eabi/10.3.1/thumb/v7e-m/nofp/libgcc.a(_arm_cmpdf2.o)
                              /opt/gcc-arm-none-eabi/gcc-arm-none-eabi-10.3-2021.10/bin/../lib/gcc/arm-none-eabi/10.3.1/../../../../arm-none-eabi/lib/thumb/v7e-m/nofp/libm.a(lib_a-w_log10.o) (__aeabi_dcmpeq)
/opt/gcc-arm-none-eabi/gcc-arm-none-eabi-10.3-2021.10/bin/../lib/gcc/arm-none-eabi/10.3.1/thumb/v7e-m/nofp/libgcc.a(_arm_unorddf2.o)
                              /opt/gcc-arm-none-eabi/gcc-arm-none-eabi-10.3-2021.10/bin/../lib/gcc/arm-none-eabi/10.3.1/../../../../arm-none-eabi/lib/thumb/v7e-m/nofp/libm.a(lib_a-w_log10.o) (__aeabi_dcmpun)
/opt/gcc-arm-none-eabi/gcc-arm-none-eabi-10.3-2021.10/bin/../lib/gcc/arm-none-eabi/10.3.1/thumb/v7e-m/nofp/libgcc.a(_arm_fixdfsi.o)
                              build/partB.o (__aeabi_d2iz)
/opt/gcc-arm-none-eabi/gcc-arm-none-eabi-10.3-2021.10/bin/../lib/gcc/arm-none-eabi/10.3.1/thumb/v7e-m/nofp/libgcc.a(_arm_fixunsdfsi.o)
                              build/partB.o (__aeabi_d2uiz)
/opt/gcc-arm-none-eabi/gcc-arm-none-eabi-10.3-2021.10/bin/../lib/gcc/arm-none-eabi/10.3.1/../../../../arm-none-eabi/lib/thumb/v7e-m/nofp/libg.a(lib_a-errno.o)
                              lib_build/syscalls.o (__errno)
/opt/gcc-arm-none-eabi/gcc-arm-none-eabi-10.3-2021.10/bin/../lib/gcc/arm-none-eabi/10.3.1/../../../../arm-none-eabi/lib/thumb/v7e-m/nofp/libg.a(lib_a-impure.o)
                              /opt/gcc-arm-none-eabi/gcc-arm-none-eabi-10.3-2021.10/bin/../lib/gcc/arm-none-eabi/10.3.1/../../../../arm-none-eabi/lib/thumb/v7e-m/nofp/libg.a(lib_a-errno.o) (_impure_ptr)
/opt/gcc-arm-none-eabi/gcc-arm-none-eabi-10.3-2021.10/bin/../lib/gcc/arm-none-eabi/10.3.1/../../../../arm-none-eabi/lib/thumb/v7e-m/nofp/libg.a(lib_a-init.o)
                              lib_build/startup_XMC4500.o (__libc_init_array)

Discarded input sections

 .group         0x0000000000000000        0xc build/partB.o
 .group         0x0000000000000000        0xc build/partB.o
 .group         0x0000000000000000        0xc build/partB.o
 .group         0x0000000000000000        0xc build/partB.o
 .group         0x0000000000000000        0xc build/partB.o
 .group         0x0000000000000000        0xc build/partB.o
 .group         0x0000000000000000        0xc build/partB.o
 .group         0x0000000000000000        0xc build/partB.o
 .group         0x0000000000000000        0xc build/partB.o
 .group         0x0000000000000000        0xc build/partB.o
 .group         0x0000000000000000        0xc build/partB.o
 .group         0x0000000000000000        0xc build/partB.o
 .group         0x0000000000000000        0xc build/partB.o
 .group         0x0000000000000000        0xc build/partB.o
 .group         0x0000000000000000        0xc build/partB.o
 .group         0x0000000000000000        0xc build/partB.o
 .group         0x0000000000000000        0xc build/partB.o
 .group         0x0000000000000000        0xc build/partB.o
 .group         0x0000000000000000        0xc build/partB.o
 .group         0x0000000000000000        0xc build/partB.o
 .group         0x0000000000000000        0xc build/partB.o
 .group         0x0000000000000000        0xc build/partB.o
 .group         0x0000000000000000        0xc build/partB.o
 .group         0x0000000000000000        0xc build/partB.o
 .group         0x0000000000000000        0xc build/partB.o
 .group         0x0000000000000000        0xc build/partB.o
 .group         0x0000000000000000        0xc build/partB.o
 .group         0x0000000000000000        0xc build/partB.o
 .group         0x0000000000000000        0xc build/partB.o
 .group         0x0000000000000000        0xc build/partB.o
 .group         0x0000000000000000        0xc build/partB.o
 .group         0x0000000000000000        0xc build/partB.o
 .group         0x0000000000000000        0xc build/partB.o
 .group         0x0000000000000000        0xc build/partB.o
 .group         0x0000000000000000        0xc build/partB.o
 .comment       0x0000000000000000       0x4a build/partB.o
 .group         0x0000000000000000        0xc lib_build/xmc_gpio.o
 .group         0x0000000000000000        0xc lib_build/xmc_gpio.o
 .group         0x0000000000000000        0xc lib_build/xmc_gpio.o
 .group         0x0000000000000000        0xc lib_build/xmc_gpio.o
 .group         0x0000000000000000        0xc lib_build/xmc_gpio.o
 .group         0x0000000000000000        0xc lib_build/xmc_gpio.o
 .group         0x0000000000000000        0xc lib_build/xmc_gpio.o
 .group         0x0000000000000000        0xc lib_build/xmc_gpio.o
 .group         0x0000000000000000        0xc lib_build/xmc_gpio.o
 .group         0x0000000000000000        0xc lib_build/xmc_gpio.o
 .group         0x0000000000000000        0xc lib_build/xmc_gpio.o
 .group         0x0000000000000000        0xc lib_build/xmc_gpio.o
 .group         0x0000000000000000        0xc lib_build/xmc_gpio.o
 .group         0x0000000000000000        0xc lib_build/xmc_gpio.o
 .group         0x0000000000000000        0xc lib_build/xmc_gpio.o
 .group         0x0000000000000000        0xc lib_build/xmc_gpio.o
 .group         0x0000000000000000        0xc lib_build/xmc_gpio.o
 .group         0x0000000000000000        0xc lib_build/xmc_gpio.o
 .group         0x0000000000000000        0xc lib_build/xmc_gpio.o
 .group         0x0000000000000000        0xc lib_build/xmc_gpio.o
 .group         0x0000000000000000        0xc lib_build/xmc_gpio.o
 .group         0x0000000000000000        0xc lib_build/xmc_gpio.o
 .group         0x0000000000000000        0xc lib_build/xmc_gpio.o
 .group         0x0000000000000000        0xc lib_build/xmc_gpio.o
 .group         0x0000000000000000        0xc lib_build/xmc_gpio.o
 .group         0x0000000000000000        0xc lib_build/xmc_gpio.o
 .group         0x0000000000000000        0xc lib_build/xmc_gpio.o
 .group         0x0000000000000000        0xc lib_build/xmc_gpio.o
 .group         0x0000000000000000        0xc lib_build/xmc_gpio.o
 .group         0x0000000000000000        0xc lib_build/xmc_gpio.o
 .group         0x0000000000000000        0xc lib_build/xmc_gpio.o
 .group         0x0000000000000000        0xc lib_build/xmc_gpio.o
 .group         0x0000000000000000        0xc lib_build/xmc_gpio.o
 .group         0x0000000000000000        0xc lib_build/xmc_gpio.o
 .debug_macro   0x0000000000000000      0xa6c lib_build/xmc_gpio.o
 .debug_macro   0x0000000000000000      0x16d lib_build/xmc_gpio.o
 .debug_macro   0x0000000000000000       0x22 lib_build/xmc_gpio.o
 .debug_macro   0x0000000000000000       0x8e lib_build/xmc_gpio.o
 .debug_macro   0x0000000000000000       0x51 lib_build/xmc_gpio.o
 .debug_macro   0x0000000000000000      0x103 lib_build/xmc_gpio.o
 .debug_macro   0x0000000000000000       0x6a lib_build/xmc_gpio.o
 .debug_macro   0x0000000000000000      0x1df lib_build/xmc_gpio.o
 .debug_macro   0x0000000000000000       0x22 lib_build/xmc_gpio.o
 .debug_macro   0x0000000000000000       0x64 lib_build/xmc_gpio.o
 .debug_macro   0x0000000000000000       0x1e lib_build/xmc_gpio.o
 .debug_macro   0x0000000000000000       0x35 lib_build/xmc_gpio.o
 .debug_macro   0x0000000000000000       0x34 lib_build/xmc_gpio.o
 .debug_macro   0x0000000000000000       0x16 lib_build/xmc_gpio.o
 .debug_macro   0x0000000000000000       0x43 lib_build/xmc_gpio.o
 .debug_macro   0x0000000000000000       0x34 lib_build/xmc_gpio.o
 .debug_macro   0x0000000000000000       0x10 lib_build/xmc_gpio.o
 .debug_macro   0x0000000000000000       0x58 lib_build/xmc_gpio.o
 .debug_macro   0x0000000000000000      0x182 lib_build/xmc_gpio.o
 .debug_macro   0x0000000000000000      0x35d lib_build/xmc_gpio.o
 .debug_macro   0x0000000000000000       0x10 lib_build/xmc_gpio.o
 .debug_macro   0x0000000000000000       0x35 lib_build/xmc_gpio.o
 .debug_macro   0x0000000000000000      0x167 lib_build/xmc_gpio.o
 .debug_macro   0x0000000000000000       0x2d lib_build/xmc_gpio.o
 .debug_macro   0x0000000000000000       0x28 lib_build/xmc_gpio.o
 .debug_macro   0x0000000000000000       0xaf lib_build/xmc_gpio.o
 .debug_macro   0x0000000000000000      0xfe7 lib_build/xmc_gpio.o
 .debug_macro   0x0000000000000000       0x16 lib_build/xmc_gpio.o
 .debug_macro   0x0000000000000000    0x1474b lib_build/xmc_gpio.o
 .debug_macro   0x0000000000000000       0x12 lib_build/xmc_gpio.o
 .debug_macro   0x0000000000000000       0x4c lib_build/xmc_gpio.o
 .debug_macro   0x0000000000000000       0x22 lib_build/xmc_gpio.o
 .debug_macro   0x0000000000000000      0x861 lib_build/xmc_gpio.o
 .debug_macro   0x0000000000000000       0xa5 lib_build/xmc_gpio.o
 .comment       0x0000000000000000       0x4a lib_build/xmc_gpio.o
 .group         0x0000000000000000        0xc lib_build/xmc4_gpio.o
 .group         0x0000000000000000        0xc lib_build/xmc4_gpio.o
 .group         0x0000000000000000        0xc lib_build/xmc4_gpio.o
 .group         0x0000000000000000        0xc lib_build/xmc4_gpio.o
 .group         0x0000000000000000        0xc lib_build/xmc4_gpio.o
 .group         0x0000000000000000        0xc lib_build/xmc4_gpio.o
 .group         0x0000000000000000        0xc lib_build/xmc4_gpio.o
 .group         0x0000000000000000        0xc lib_build/xmc4_gpio.o
 .group         0x0000000000000000        0xc lib_build/xmc4_gpio.o
 .group         0x0000000000000000        0xc lib_build/xmc4_gpio.o
 .group         0x0000000000000000        0xc lib_build/xmc4_gpio.o
 .group         0x0000000000000000        0xc lib_build/xmc4_gpio.o
 .group         0x0000000000000000        0xc lib_build/xmc4_gpio.o
 .group         0x0000000000000000        0xc lib_build/xmc4_gpio.o
 .group         0x0000000000000000        0xc lib_build/xmc4_gpio.o
 .group         0x0000000000000000        0xc lib_build/xmc4_gpio.o
 .group         0x0000000000000000        0xc lib_build/xmc4_gpio.o
 .group         0x0000000000000000        0xc lib_build/xmc4_gpio.o
 .group         0x0000000000000000        0xc lib_build/xmc4_gpio.o
 .group         0x0000000000000000        0xc lib_build/xmc4_gpio.o
 .group         0x0000000000000000        0xc lib_build/xmc4_gpio.o
 .group         0x0000000000000000        0xc lib_build/xmc4_gpio.o
 .group         0x0000000000000000        0xc lib_build/xmc4_gpio.o
 .group         0x0000000000000000        0xc lib_build/xmc4_gpio.o
 .group         0x0000000000000000        0xc lib_build/xmc4_gpio.o
 .group         0x0000000000000000        0xc lib_build/xmc4_gpio.o
 .group         0x0000000000000000        0xc lib_build/xmc4_gpio.o
 .group         0x0000000000000000        0xc lib_build/xmc4_gpio.o
 .group         0x0000000000000000        0xc lib_build/xmc4_gpio.o
 .group         0x0000000000000000        0xc lib_build/xmc4_gpio.o
 .group         0x0000000000000000        0xc lib_build/xmc4_gpio.o
 .group         0x0000000000000000        0xc lib_build/xmc4_gpio.o
 .group         0x0000000000000000        0xc lib_build/xmc4_gpio.o
 .group         0x0000000000000000        0xc lib_build/xmc4_gpio.o
 .debug_macro   0x0000000000000000      0xa6c lib_build/xmc4_gpio.o
 .debug_macro   0x0000000000000000      0x16d lib_build/xmc4_gpio.o
 .debug_macro   0x0000000000000000       0x22 lib_build/xmc4_gpio.o
 .debug_macro   0x0000000000000000       0x8e lib_build/xmc4_gpio.o
 .debug_macro   0x0000000000000000       0x51 lib_build/xmc4_gpio.o
 .debug_macro   0x0000000000000000      0x103 lib_build/xmc4_gpio.o
 .debug_macro   0x0000000000000000       0x6a lib_build/xmc4_gpio.o
 .debug_macro   0x0000000000000000      0x1df lib_build/xmc4_gpio.o
 .debug_macro   0x0000000000000000       0x22 lib_build/xmc4_gpio.o
 .debug_macro   0x0000000000000000       0x64 lib_build/xmc4_gpio.o
 .debug_macro   0x0000000000000000       0x1e lib_build/xmc4_gpio.o
 .debug_macro   0x0000000000000000       0x35 lib_build/xmc4_gpio.o
 .debug_macro   0x0000000000000000       0x34 lib_build/xmc4_gpio.o
 .debug_macro   0x0000000000000000       0x16 lib_build/xmc4_gpio.o
 .debug_macro   0x0000000000000000       0x43 lib_build/xmc4_gpio.o
 .debug_macro   0x0000000000000000       0x34 lib_build/xmc4_gpio.o
 .debug_macro   0x0000000000000000       0x10 lib_build/xmc4_gpio.o
 .debug_macro   0x0000000000000000       0x58 lib_build/xmc4_gpio.o
 .debug_macro   0x0000000000000000      0x182 lib_build/xmc4_gpio.o
 .debug_macro   0x0000000000000000      0x35d lib_build/xmc4_gpio.o
 .debug_macro   0x0000000000000000       0x10 lib_build/xmc4_gpio.o
 .debug_macro   0x0000000000000000       0x35 lib_build/xmc4_gpio.o
 .debug_macro   0x0000000000000000      0x167 lib_build/xmc4_gpio.o
 .debug_macro   0x0000000000000000       0x2d lib_build/xmc4_gpio.o
 .debug_macro   0x0000000000000000       0x28 lib_build/xmc4_gpio.o
 .debug_macro   0x0000000000000000       0xaf lib_build/xmc4_gpio.o
 .debug_macro   0x0000000000000000      0xfe7 lib_build/xmc4_gpio.o
 .debug_macro   0x0000000000000000       0x16 lib_build/xmc4_gpio.o
 .debug_macro   0x0000000000000000    0x1474b lib_build/xmc4_gpio.o
 .debug_macro   0x0000000000000000       0x12 lib_build/xmc4_gpio.o
 .debug_macro   0x0000000000000000       0x4c lib_build/xmc4_gpio.o
 .debug_macro   0x0000000000000000       0x22 lib_build/xmc4_gpio.o
 .debug_macro   0x0000000000000000      0x861 lib_build/xmc4_gpio.o
 .debug_macro   0x0000000000000000       0xa5 lib_build/xmc4_gpio.o
 .comment       0x0000000000000000       0x4a lib_build/xmc4_gpio.o
 .group         0x0000000000000000        0xc lib_build/xmc_common.o
 .group         0x0000000000000000        0xc lib_build/xmc_common.o
 .group         0x0000000000000000        0xc lib_build/xmc_common.o
 .group         0x0000000000000000        0xc lib_build/xmc_common.o
 .group         0x0000000000000000        0xc lib_build/xmc_common.o
 .group         0x0000000000000000        0xc lib_build/xmc_common.o
 .group         0x0000000000000000        0xc lib_build/xmc_common.o
 .group         0x0000000000000000        0xc lib_build/xmc_common.o
 .group         0x0000000000000000        0xc lib_build/xmc_common.o
 .group         0x0000000000000000        0xc lib_build/xmc_common.o
 .group         0x0000000000000000        0xc lib_build/xmc_common.o
 .group         0x0000000000000000        0xc lib_build/xmc_common.o
 .group         0x0000000000000000        0xc lib_build/xmc_common.o
 .group         0x0000000000000000        0xc lib_build/xmc_common.o
 .group         0x0000000000000000        0xc lib_build/xmc_common.o
 .group         0x0000000000000000        0xc lib_build/xmc_common.o
 .group         0x0000000000000000        0xc lib_build/xmc_common.o
 .group         0x0000000000000000        0xc lib_build/xmc_common.o
 .group         0x0000000000000000        0xc lib_build/xmc_common.o
 .group         0x0000000000000000        0xc lib_build/xmc_common.o
 .group         0x0000000000000000        0xc lib_build/xmc_common.o
 .group         0x0000000000000000        0xc lib_build/xmc_common.o
 .group         0x0000000000000000        0xc lib_build/xmc_common.o
 .group         0x0000000000000000        0xc lib_build/xmc_common.o
 .group         0x0000000000000000        0xc lib_build/xmc_common.o
 .group         0x0000000000000000        0xc lib_build/xmc_common.o
 .group         0x0000000000000000        0xc lib_build/xmc_common.o
 .group         0x0000000000000000        0xc lib_build/xmc_common.o
 .group         0x0000000000000000        0xc lib_build/xmc_common.o
 .group         0x0000000000000000        0xc lib_build/xmc_common.o
 .group         0x0000000000000000        0xc lib_build/xmc_common.o
 .debug_macro   0x0000000000000000      0xa6c lib_build/xmc_common.o
 .debug_macro   0x0000000000000000      0x16d lib_build/xmc_common.o
 .debug_macro   0x0000000000000000       0x22 lib_build/xmc_common.o
 .debug_macro   0x0000000000000000       0x8e lib_build/xmc_common.o
 .debug_macro   0x0000000000000000       0x51 lib_build/xmc_common.o
 .debug_macro   0x0000000000000000      0x103 lib_build/xmc_common.o
 .debug_macro   0x0000000000000000       0x6a lib_build/xmc_common.o
 .debug_macro   0x0000000000000000      0x1df lib_build/xmc_common.o
 .debug_macro   0x0000000000000000       0x22 lib_build/xmc_common.o
 .debug_macro   0x0000000000000000       0x64 lib_build/xmc_common.o
 .debug_macro   0x0000000000000000       0x1e lib_build/xmc_common.o
 .debug_macro   0x0000000000000000       0x35 lib_build/xmc_common.o
 .debug_macro   0x0000000000000000       0x34 lib_build/xmc_common.o
 .debug_macro   0x0000000000000000       0x16 lib_build/xmc_common.o
 .debug_macro   0x0000000000000000       0x43 lib_build/xmc_common.o
 .debug_macro   0x0000000000000000       0x34 lib_build/xmc_common.o
 .debug_macro   0x0000000000000000       0x10 lib_build/xmc_common.o
 .debug_macro   0x0000000000000000       0x58 lib_build/xmc_common.o
 .debug_macro   0x0000000000000000      0x182 lib_build/xmc_common.o
 .debug_macro   0x0000000000000000      0x35d lib_build/xmc_common.o
 .debug_macro   0x0000000000000000       0x10 lib_build/xmc_common.o
 .debug_macro   0x0000000000000000       0x35 lib_build/xmc_common.o
 .debug_macro   0x0000000000000000      0x167 lib_build/xmc_common.o
 .debug_macro   0x0000000000000000       0x2d lib_build/xmc_common.o
 .debug_macro   0x0000000000000000       0x28 lib_build/xmc_common.o
 .debug_macro   0x0000000000000000       0xaf lib_build/xmc_common.o
 .debug_macro   0x0000000000000000      0xfe7 lib_build/xmc_common.o
 .debug_macro   0x0000000000000000       0x16 lib_build/xmc_common.o
 .debug_macro   0x0000000000000000    0x1474b lib_build/xmc_common.o
 .debug_macro   0x0000000000000000       0x12 lib_build/xmc_common.o
 .debug_macro   0x0000000000000000       0x4c lib_build/xmc_common.o
 .comment       0x0000000000000000       0x4a lib_build/xmc_common.o
 .group         0x0000000000000000        0xc lib_build/system_XMC4500.o
 .group         0x0000000000000000        0xc lib_build/system_XMC4500.o
 .group         0x0000000000000000        0xc lib_build/system_XMC4500.o
 .group         0x0000000000000000        0xc lib_build/system_XMC4500.o
 .group         0x0000000000000000        0xc lib_build/system_XMC4500.o
 .group         0x0000000000000000        0xc lib_build/system_XMC4500.o
 .group         0x0000000000000000        0xc lib_build/system_XMC4500.o
 .group         0x0000000000000000        0xc lib_build/system_XMC4500.o
 .group         0x0000000000000000        0xc lib_build/system_XMC4500.o
 .group         0x0000000000000000        0xc lib_build/system_XMC4500.o
 .group         0x0000000000000000        0xc lib_build/system_XMC4500.o
 .group         0x0000000000000000        0xc lib_build/system_XMC4500.o
 .group         0x0000000000000000        0xc lib_build/system_XMC4500.o
 .group         0x0000000000000000        0xc lib_build/system_XMC4500.o
 .group         0x0000000000000000        0xc lib_build/system_XMC4500.o
 .group         0x0000000000000000        0xc lib_build/system_XMC4500.o
 .group         0x0000000000000000        0xc lib_build/system_XMC4500.o
 .group         0x0000000000000000        0xc lib_build/system_XMC4500.o
 .group         0x0000000000000000        0xc lib_build/system_XMC4500.o
 .group         0x0000000000000000        0xc lib_build/system_XMC4500.o
 .group         0x0000000000000000        0xc lib_build/system_XMC4500.o
 .group         0x0000000000000000        0xc lib_build/system_XMC4500.o
 .group         0x0000000000000000        0xc lib_build/system_XMC4500.o
 .group         0x0000000000000000        0xc lib_build/system_XMC4500.o
 .group         0x0000000000000000        0xc lib_build/system_XMC4500.o
 .group         0x0000000000000000        0xc lib_build/system_XMC4500.o
 .group         0x0000000000000000        0xc lib_build/system_XMC4500.o
 .debug_macro   0x0000000000000000      0xa6c lib_build/system_XMC4500.o
 .debug_macro   0x0000000000000000       0x22 lib_build/system_XMC4500.o
 .debug_macro   0x0000000000000000       0x1e lib_build/system_XMC4500.o
 .debug_macro   0x0000000000000000       0x35 lib_build/system_XMC4500.o
 .debug_macro   0x0000000000000000       0x34 lib_build/system_XMC4500.o
 .debug_macro   0x0000000000000000      0x16d lib_build/system_XMC4500.o
 .debug_macro   0x0000000000000000       0x16 lib_build/system_XMC4500.o
 .debug_macro   0x0000000000000000       0x43 lib_build/system_XMC4500.o
 .debug_macro   0x0000000000000000       0x34 lib_build/system_XMC4500.o
 .debug_macro   0x0000000000000000       0x10 lib_build/system_XMC4500.o
 .debug_macro   0x0000000000000000       0x58 lib_build/system_XMC4500.o
 .debug_macro   0x0000000000000000      0x182 lib_build/system_XMC4500.o
 .debug_macro   0x0000000000000000      0x35d lib_build/system_XMC4500.o
 .debug_macro   0x0000000000000000       0x10 lib_build/system_XMC4500.o
 .debug_macro   0x0000000000000000       0x35 lib_build/system_XMC4500.o
 .debug_macro   0x0000000000000000       0x2d lib_build/system_XMC4500.o
 .debug_macro   0x0000000000000000      0x103 lib_build/system_XMC4500.o
 .debug_macro   0x0000000000000000       0x6a lib_build/system_XMC4500.o
 .debug_macro   0x0000000000000000      0x1df lib_build/system_XMC4500.o
 .debug_macro   0x0000000000000000       0xaf lib_build/system_XMC4500.o
 .debug_macro   0x0000000000000000      0xfe7 lib_build/system_XMC4500.o
 .debug_macro   0x0000000000000000       0x16 lib_build/system_XMC4500.o
 .debug_macro   0x0000000000000000    0x1474b lib_build/system_XMC4500.o
 .comment       0x0000000000000000       0x4a lib_build/system_XMC4500.o
 .group         0x0000000000000000        0xc lib_build/syscalls.o
 .group         0x0000000000000000        0xc lib_build/syscalls.o
 .group         0x0000000000000000        0xc lib_build/syscalls.o
 .group         0x0000000000000000        0xc lib_build/syscalls.o
 .group         0x0000000000000000        0xc lib_build/syscalls.o
 .group         0x0000000000000000        0xc lib_build/syscalls.o
 .group         0x0000000000000000        0xc lib_build/syscalls.o
 .group         0x0000000000000000        0xc lib_build/syscalls.o
 .group         0x0000000000000000        0xc lib_build/syscalls.o
 .group         0x0000000000000000        0xc lib_build/syscalls.o
 .group         0x0000000000000000        0xc lib_build/syscalls.o
 .group         0x0000000000000000        0xc lib_build/syscalls.o
 .group         0x0000000000000000        0xc lib_build/syscalls.o
 .group         0x0000000000000000        0xc lib_build/syscalls.o
 .group         0x0000000000000000        0xc lib_build/syscalls.o
 .group         0x0000000000000000        0xc lib_build/syscalls.o
 .group         0x0000000000000000        0xc lib_build/syscalls.o
 .group         0x0000000000000000        0xc lib_build/syscalls.o
 .group         0x0000000000000000        0xc lib_build/syscalls.o
 .group         0x0000000000000000        0xc lib_build/syscalls.o
 .group         0x0000000000000000        0xc lib_build/syscalls.o
 .group         0x0000000000000000        0xc lib_build/syscalls.o
 .group         0x0000000000000000        0xc lib_build/syscalls.o
 .group         0x0000000000000000        0xc lib_build/syscalls.o
 .group         0x0000000000000000        0xc lib_build/syscalls.o
 .group         0x0000000000000000        0xc lib_build/syscalls.o
 .group         0x0000000000000000        0xc lib_build/syscalls.o
 .group         0x0000000000000000        0xc lib_build/syscalls.o
 .group         0x0000000000000000        0xc lib_build/syscalls.o
 .group         0x0000000000000000        0xc lib_build/syscalls.o
 .debug_macro   0x0000000000000000      0xa6c lib_build/syscalls.o
 .debug_macro   0x0000000000000000       0x22 lib_build/syscalls.o
 .debug_macro   0x0000000000000000       0x8e lib_build/syscalls.o
 .debug_macro   0x0000000000000000       0x51 lib_build/syscalls.o
 .debug_macro   0x0000000000000000      0x103 lib_build/syscalls.o
 .debug_macro   0x0000000000000000       0x6a lib_build/syscalls.o
 .debug_macro   0x0000000000000000      0x1df lib_build/syscalls.o
 .debug_macro   0x0000000000000000       0x64 lib_build/syscalls.o
 .debug_macro   0x0000000000000000       0x1e lib_build/syscalls.o
 .debug_macro   0x0000000000000000       0x35 lib_build/syscalls.o
 .debug_macro   0x0000000000000000       0x34 lib_build/syscalls.o
 .debug_macro   0x0000000000000000      0x16d lib_build/syscalls.o
 .debug_macro   0x0000000000000000       0x16 lib_build/syscalls.o
 .debug_macro   0x0000000000000000       0x43 lib_build/syscalls.o
 .debug_macro   0x0000000000000000       0x34 lib_build/syscalls.o
 .debug_macro   0x0000000000000000       0x10 lib_build/syscalls.o
 .debug_macro   0x0000000000000000       0x58 lib_build/syscalls.o
 .debug_macro   0x0000000000000000      0x182 lib_build/syscalls.o
 .debug_macro   0x0000000000000000      0x35d lib_build/syscalls.o
 .comment       0x0000000000000000       0x4a lib_build/syscalls.o

Memory Configuration

Name             Origin             Length             Attributes
FLASH_1_cached   0x0000000008000000 0x0000000000100000 xr
FLASH_1_uncached 0x000000000c000000 0x0000000000100000 xr
PSRAM_1          0x0000000010000000 0x0000000000010000 !xr
DSRAM_1_system   0x0000000020000000 0x0000000000010000 !xr
DSRAM_2_comm     0x0000000030000000 0x0000000000008000 !xr
*default*        0x0000000000000000 0xffffffffffffffff

Linker script and memory map

LOAD build/partB.o
LOAD lib_build/xmc_gpio.o
LOAD lib_build/xmc4_gpio.o
LOAD lib_build/xmc_common.o
LOAD lib_build/startup_XMC4500.o
LOAD lib_build/system_XMC4500.o
LOAD lib_build/syscalls.o
LOAD /opt/gcc-arm-none-eabi/gcc-arm-none-eabi-10.3-2021.10/bin/../lib/gcc/arm-none-eabi/10.3.1/../../../../arm-none-eabi/lib/thumb/v7e-m/nofp/libm.a
START GROUP
LOAD /opt/gcc-arm-none-eabi/gcc-arm-none-eabi-10.3-2021.10/bin/../lib/gcc/arm-none-eabi/10.3.1/thumb/v7e-m/nofp/libgcc.a
LOAD /opt/gcc-arm-none-eabi/gcc-arm-none-eabi-10.3-2021.10/bin/../lib/gcc/arm-none-eabi/10.3.1/../../../../arm-none-eabi/lib/thumb/v7e-m/nofp/libg.a
LOAD /opt/gcc-arm-none-eabi/gcc-arm-none-eabi-10.3-2021.10/bin/../lib/gcc/arm-none-eabi/10.3.1/../../../../arm-none-eabi/lib/thumb/v7e-m/nofp/libc.a
END GROUP
START GROUP
LOAD /opt/gcc-arm-none-eabi/gcc-arm-none-eabi-10.3-2021.10/bin/../lib/gcc/arm-none-eabi/10.3.1/thumb/v7e-m/nofp/libgcc.a
LOAD /opt/gcc-arm-none-eabi/gcc-arm-none-eabi-10.3-2021.10/bin/../lib/gcc/arm-none-eabi/10.3.1/../../../../arm-none-eabi/lib/thumb/v7e-m/nofp/libc.a
LOAD /opt/gcc-arm-none-eabi/gcc-arm-none-eabi-10.3-2021.10/bin/../lib/gcc/arm-none-eabi/10.3.1/../../../../arm-none-eabi/lib/thumb/v7e-m/nofp/libnosys.a
END GROUP
                0x0000000000000800                stack_size = DEFINED (stack_size)?stack_size:0x800
                0x0000000000000040                no_init_size = 0x40

.text           0x0000000008000000     0x34b4 load address 0x000000000c000000
                0x0000000008000000                sText = .
 *(.reset)
 .reset         0x0000000008000000      0x2b2 lib_build/startup_XMC4500.o
                0x0000000008000000                __Vectors
                0x0000000008000200                Reset_Handler
                0x00000000080002b0                VADC0_C0_3_IRQHandler
                0x00000000080002b0                DSD0_7_IRQHandler
                0x00000000080002b0                DebugMon_Handler
                0x00000000080002b0                VADC0_C0_0_IRQHandler
                0x00000000080002b0                CAN0_4_IRQHandler
                0x00000000080002b0                VADC0_G2_0_IRQHandler
                0x00000000080002b0                USIC0_5_IRQHandler
                0x00000000080002b0                POSIF0_0_IRQHandler
                0x00000000080002b0                POSIF1_0_IRQHandler
                0x00000000080002b0                HardFault_Handler
                0x00000000080002b0                VADC0_G1_1_IRQHandler
                0x00000000080002b0                PendSV_Handler
                0x00000000080002b0                NMI_Handler
                0x00000000080002b0                USIC1_3_IRQHandler
                0x00000000080002b0                CCU40_2_IRQHandler
                0x00000000080002b0                SCU_0_IRQHandler
                0x00000000080002b0                ERU0_0_IRQHandler
                0x00000000080002b0                CCU41_0_IRQHandler
                0x00000000080002b0                USIC1_5_IRQHandler
                0x00000000080002b0                DSD0_4_IRQHandler
                0x00000000080002b0                CCU80_1_IRQHandler
                0x00000000080002b0                CCU81_0_IRQHandler
                0x00000000080002b0                UsageFault_Handler
                0x00000000080002b0                USIC0_0_IRQHandler
                0x00000000080002b0                POSIF1_1_IRQHandler
                0x00000000080002b0                ERU0_2_IRQHandler
                0x00000000080002b0                CCU81_1_IRQHandler
                0x00000000080002b0                ERU1_1_IRQHandler
                0x00000000080002b0                VADC0_G2_3_IRQHandler
                0x00000000080002b0                VADC0_G2_2_IRQHandler
                0x00000000080002b0                CCU42_3_IRQHandler
                0x00000000080002b0                ERU0_3_IRQHandler
                0x00000000080002b0                DSD0_5_IRQHandler
                0x00000000080002b0                CAN0_6_IRQHandler
                0x00000000080002b0                CCU43_0_IRQHandler
                0x00000000080002b0                VADC0_G0_1_IRQHandler
                0x00000000080002b0                CCU81_2_IRQHandler
                0x00000000080002b0                USIC2_4_IRQHandler
                0x00000000080002b0                CCU81_3_IRQHandler
                0x00000000080002b0                CCU42_1_IRQHandler
                0x00000000080002b0                USIC1_1_IRQHandler
                0x00000000080002b0                USIC2_5_IRQHandler
                0x00000000080002b0                CCU40_0_IRQHandler
                0x00000000080002b0                CAN0_0_IRQHandler
                0x00000000080002b0                ERU1_0_IRQHandler
                0x00000000080002b0                CCU42_2_IRQHandler
                0x00000000080002b0                Default_Handler
                0x00000000080002b0                USIC1_4_IRQHandler
                0x00000000080002b0                ERU1_3_IRQHandler
                0x00000000080002b0                USIC1_0_IRQHandler
                0x00000000080002b0                POSIF0_1_IRQHandler
                0x00000000080002b0                VADC0_G0_0_IRQHandler
                0x00000000080002b0                DSD0_2_IRQHandler
                0x00000000080002b0                CCU80_3_IRQHandler
                0x00000000080002b0                CCU41_3_IRQHandler
                0x00000000080002b0                CCU80_2_IRQHandler
                0x00000000080002b0                VADC0_G1_3_IRQHandler
                0x00000000080002b0                VADC0_G0_3_IRQHandler
                0x00000000080002b0                GPDMA0_0_IRQHandler
                0x00000000080002b0                PMU0_0_IRQHandler
                0x00000000080002b0                CAN0_7_IRQHandler
                0x00000000080002b0                DSD0_1_IRQHandler
                0x00000000080002b0                CCU41_2_IRQHandler
                0x00000000080002b0                VADC0_C0_1_IRQHandler
                0x00000000080002b0                CCU43_2_IRQHandler
                0x00000000080002b0                USIC2_2_IRQHandler
                0x00000000080002b0                MemManage_Handler
                0x00000000080002b0                VADC0_G3_1_IRQHandler
                0x00000000080002b0                DAC0_0_IRQHandler
                0x00000000080002b0                SVC_Handler
                0x00000000080002b0                VADC0_G3_3_IRQHandler
                0x00000000080002b0                ERU1_2_IRQHandler
                0x00000000080002b0                CCU41_1_IRQHandler
                0x00000000080002b0                DSD0_6_IRQHandler
                0x00000000080002b0                CCU43_1_IRQHandler
                0x00000000080002b0                VADC0_G1_2_IRQHandler
                0x00000000080002b0                USIC2_3_IRQHandler
                0x00000000080002b0                CAN0_2_IRQHandler
                0x00000000080002b0                USIC2_0_IRQHandler
                0x00000000080002b0                VADC0_G0_2_IRQHandler
                0x00000000080002b0                VADC0_G2_1_IRQHandler
                0x00000000080002b0                CAN0_3_IRQHandler
                0x00000000080002b0                ETH0_0_IRQHandler
                0x00000000080002b0                USIC0_3_IRQHandler
                0x00000000080002b0                DSD0_0_IRQHandler
                0x00000000080002b0                VADC0_C0_2_IRQHandler
                0x00000000080002b0                CCU42_0_IRQHandler
                0x00000000080002b0                FCE0_0_IRQHandler
                0x00000000080002b0                VADC0_G1_0_IRQHandler
                0x00000000080002b0                USB0_0_IRQHandler
                0x00000000080002b0                CAN0_5_IRQHandler
                0x00000000080002b0                CCU80_0_IRQHandler
                0x00000000080002b0                CCU40_1_IRQHandler
                0x00000000080002b0                USIC2_1_IRQHandler
                0x00000000080002b0                USIC0_1_IRQHandler
                0x00000000080002b0                VADC0_G3_2_IRQHandler
                0x00000000080002b0                CCU40_3_IRQHandler
                0x00000000080002b0                BusFault_Handler
                0x00000000080002b0                LEDTS0_0_IRQHandler
                0x00000000080002b0                USIC0_4_IRQHandler
                0x00000000080002b0                CCU43_3_IRQHandler
                0x00000000080002b0                ERU0_1_IRQHandler
                0x00000000080002b0                VADC0_G3_0_IRQHandler
                0x00000000080002b0                USIC1_2_IRQHandler
                0x00000000080002b0                DSD0_3_IRQHandler
                0x00000000080002b0                SDMMC0_0_IRQHandler
                0x00000000080002b0                CAN0_1_IRQHandler
                0x00000000080002b0                USIC0_2_IRQHandler
                0x00000000080002b0                DAC0_1_IRQHandler
                0x00000000080002b0                GPDMA1_0_IRQHandler
 *(.text .text.* .gnu.linkonce.t.*)
 .text          0x00000000080002b2        0x0 build/partB.o
 *fill*         0x00000000080002b2        0x2 
 .text.__NVIC_SetPriority
                0x00000000080002b4       0x54 build/partB.o
 .text.SysTick_Config
                0x0000000008000308       0x44 build/partB.o
 .text.XMC_GPIO_SetOutputHigh
                0x000000000800034c       0x22 build/partB.o
 .text.XMC_GPIO_SetOutputLow
                0x000000000800036e       0x24 build/partB.o
 .text.XMC_GPIO_GetInput
                0x0000000008000392       0x26 build/partB.o
 .text.main     0x00000000080003b8       0xb4 build/partB.o
                0x00000000080003b8                main
 .text.SysTick_Handler
                0x000000000800046c       0x58 build/partB.o
                0x000000000800046c                SysTick_Handler
 .text.sleep    0x00000000080004c4       0x2c build/partB.o
                0x00000000080004c4                sleep
 .text.character_encode
                0x00000000080004f0       0x58 build/partB.o
                0x00000000080004f0                character_encode
 .text.sentence_encode
                0x0000000008000548      0x168 build/partB.o
                0x0000000008000548                sentence_encode
 .text.number_encode
                0x00000000080006b0      0x268 build/partB.o
                0x00000000080006b0                number_encode
 .text          0x0000000008000918        0x0 lib_build/xmc_gpio.o
 .text.XMC_GPIO_SetMode
                0x0000000008000918       0x82 lib_build/xmc_gpio.o
                0x0000000008000918                XMC_GPIO_SetMode
 .text.XMC_GPIO_SetHardwareControl
                0x000000000800099a       0x46 lib_build/xmc_gpio.o
                0x000000000800099a                XMC_GPIO_SetHardwareControl
 .text          0x00000000080009e0        0x0 lib_build/xmc4_gpio.o
 .text.XMC_GPIO_Init
                0x00000000080009e0      0x144 lib_build/xmc4_gpio.o
                0x00000000080009e0                XMC_GPIO_Init
 .text.XMC_GPIO_SetOutputStrength
                0x0000000008000b24       0x86 lib_build/xmc4_gpio.o
                0x0000000008000b24                XMC_GPIO_SetOutputStrength
 .text          0x0000000008000baa        0x0 lib_build/xmc_common.o
 .text.XMC_PRIOARRAY_GetHead
                0x0000000008000baa       0x2a lib_build/xmc_common.o
 .text.XMC_PRIOARRAY_GetItemPriority
                0x0000000008000bd4       0x28 lib_build/xmc_common.o
 .text.XMC_PRIOARRAY_GetItemNext
                0x0000000008000bfc       0x28 lib_build/xmc_common.o
 .text.XMC_LIST_Init
                0x0000000008000c24       0x1a lib_build/xmc_common.o
                0x0000000008000c24                XMC_LIST_Init
 .text.XMC_LIST_GetHead
                0x0000000008000c3e       0x18 lib_build/xmc_common.o
                0x0000000008000c3e                XMC_LIST_GetHead
 .text.XMC_LIST_GetTail
                0x0000000008000c56       0x3a lib_build/xmc_common.o
                0x0000000008000c56                XMC_LIST_GetTail
 .text.XMC_LIST_Add
                0x0000000008000c90       0x34 lib_build/xmc_common.o
                0x0000000008000c90                XMC_LIST_Add
 .text.XMC_LIST_Remove
                0x0000000008000cc4       0x64 lib_build/xmc_common.o
                0x0000000008000cc4                XMC_LIST_Remove
 .text.XMC_LIST_Insert
                0x0000000008000d28       0x3c lib_build/xmc_common.o
                0x0000000008000d28                XMC_LIST_Insert
 .text.XMC_PRIOARRAY_Init
                0x0000000008000d64       0xb2 lib_build/xmc_common.o
                0x0000000008000d64                XMC_PRIOARRAY_Init
 .text.XMC_PRIOARRAY_Add
                0x0000000008000e16       0xb0 lib_build/xmc_common.o
                0x0000000008000e16                XMC_PRIOARRAY_Add
 .text.XMC_PRIOARRAY_Remove
                0x0000000008000ec6       0x66 lib_build/xmc_common.o
                0x0000000008000ec6                XMC_PRIOARRAY_Remove
 .text          0x0000000008000f2c        0x0 lib_build/startup_XMC4500.o
 .text          0x0000000008000f2c        0x0 lib_build/system_XMC4500.o
 .text.delay    0x0000000008000f2c       0x2c lib_build/system_XMC4500.o
 .text.SystemInit
                0x0000000008000f58       0x24 lib_build/system_XMC4500.o
                0x0000000008000f58                SystemInit
 .text.SystemCoreSetup
                0x0000000008000f7c       0x74 lib_build/system_XMC4500.o
                0x0000000008000f7c                SystemCoreSetup
 .text.SystemCoreClockSetup
                0x0000000008000ff0      0x208 lib_build/system_XMC4500.o
                0x0000000008000ff0                SystemCoreClockSetup
 .text.SystemCoreClockUpdate
                0x00000000080011f8       0xd4 lib_build/system_XMC4500.o
                0x00000000080011f8                SystemCoreClockUpdate
 .text.OSCHP_GetFrequency
                0x00000000080012cc       0x14 lib_build/system_XMC4500.o
                0x00000000080012cc                OSCHP_GetFrequency
 .text          0x00000000080012e0        0x0 lib_build/syscalls.o
 .text._sbrk    0x00000000080012e0       0x68 lib_build/syscalls.o
                0x00000000080012e0                _sbrk
 .text._init    0x0000000008001348        0xe lib_build/syscalls.o
                0x0000000008001348                _init
 .text          0x0000000008001356        0x0 /opt/gcc-arm-none-eabi/gcc-arm-none-eabi-10.3-2021.10/bin/../lib/gcc/arm-none-eabi/10.3.1/../../../../arm-none-eabi/lib/thumb/v7e-m/nofp/libm.a(lib_a-w_log10.o)
 *fill*         0x0000000008001356        0x2 
 .text.log10    0x0000000008001358       0x68 /opt/gcc-arm-none-eabi/gcc-arm-none-eabi-10.3-2021.10/bin/../lib/gcc/arm-none-eabi/10.3.1/../../../../arm-none-eabi/lib/thumb/v7e-m/nofp/libm.a(lib_a-w_log10.o)
                0x0000000008001358                log10
 .text          0x00000000080013c0        0x0 /opt/gcc-arm-none-eabi/gcc-arm-none-eabi-10.3-2021.10/bin/../lib/gcc/arm-none-eabi/10.3.1/../../../../arm-none-eabi/lib/thumb/v7e-m/nofp/libm.a(lib_a-w_pow.o)
 .text.pow      0x00000000080013c0       0xdc /opt/gcc-arm-none-eabi/gcc-arm-none-eabi-10.3-2021.10/bin/../lib/gcc/arm-none-eabi/10.3.1/../../../../arm-none-eabi/lib/thumb/v7e-m/nofp/libm.a(lib_a-w_pow.o)
                0x00000000080013c0                pow
 .text          0x000000000800149c        0x0 /opt/gcc-arm-none-eabi/gcc-arm-none-eabi-10.3-2021.10/bin/../lib/gcc/arm-none-eabi/10.3.1/../../../../arm-none-eabi/lib/thumb/v7e-m/nofp/libm.a(lib_a-e_log10.o)
 *fill*         0x000000000800149c        0x4 
 .text.__ieee754_log10
                0x00000000080014a0      0x114 /opt/gcc-arm-none-eabi/gcc-arm-none-eabi-10.3-2021.10/bin/../lib/gcc/arm-none-eabi/10.3.1/../../../../arm-none-eabi/lib/thumb/v7e-m/nofp/libm.a(lib_a-e_log10.o)
                0x00000000080014a0                __ieee754_log10
 .text          0x00000000080015b4        0x0 /opt/gcc-arm-none-eabi/gcc-arm-none-eabi-10.3-2021.10/bin/../lib/gcc/arm-none-eabi/10.3.1/../../../../arm-none-eabi/lib/thumb/v7e-m/nofp/libm.a(lib_a-e_pow.o)
 *fill*         0x00000000080015b4        0x4 
 .text.__ieee754_pow
                0x00000000080015b8      0xad8 /opt/gcc-arm-none-eabi/gcc-arm-none-eabi-10.3-2021.10/bin/../lib/gcc/arm-none-eabi/10.3.1/../../../../arm-none-eabi/lib/thumb/v7e-m/nofp/libm.a(lib_a-e_pow.o)
                0x00000000080015b8                __ieee754_pow
 .text          0x0000000008002090        0x0 /opt/gcc-arm-none-eabi/gcc-arm-none-eabi-10.3-2021.10/bin/../lib/gcc/arm-none-eabi/10.3.1/../../../../arm-none-eabi/lib/thumb/v7e-m/nofp/libm.a(lib_a-e_sqrt.o)
 .text.__ieee754_sqrt
                0x0000000008002090      0x18c /opt/gcc-arm-none-eabi/gcc-arm-none-eabi-10.3-2021.10/bin/../lib/gcc/arm-none-eabi/10.3.1/../../../../arm-none-eabi/lib/thumb/v7e-m/nofp/libm.a(lib_a-e_sqrt.o)
                0x0000000008002090                __ieee754_sqrt
 .text          0x000000000800221c        0x0 /opt/gcc-arm-none-eabi/gcc-arm-none-eabi-10.3-2021.10/bin/../lib/gcc/arm-none-eabi/10.3.1/../../../../arm-none-eabi/lib/thumb/v7e-m/nofp/libm.a(lib_a-math_err.o)
 .text.with_errno
                0x000000000800221c       0x18 /opt/gcc-arm-none-eabi/gcc-arm-none-eabi-10.3-2021.10/bin/../lib/gcc/arm-none-eabi/10.3.1/../../../../arm-none-eabi/lib/thumb/v7e-m/nofp/libm.a(lib_a-math_err.o)
 .text.xflow    0x0000000008002234       0x30 /opt/gcc-arm-none-eabi/gcc-arm-none-eabi-10.3-2021.10/bin/../lib/gcc/arm-none-eabi/10.3.1/../../../../arm-none-eabi/lib/thumb/v7e-m/nofp/libm.a(lib_a-math_err.o)
 .text.__math_uflow
                0x0000000008002264        0xc /opt/gcc-arm-none-eabi/gcc-arm-none-eabi-10.3-2021.10/bin/../lib/gcc/arm-none-eabi/10.3.1/../../../../arm-none-eabi/lib/thumb/v7e-m/nofp/libm.a(lib_a-math_err.o)
                0x0000000008002264                __math_uflow
 .text.__math_may_uflow
                0x0000000008002270        0xc /opt/gcc-arm-none-eabi/gcc-arm-none-eabi-10.3-2021.10/bin/../lib/gcc/arm-none-eabi/10.3.1/../../../../arm-none-eabi/lib/thumb/v7e-m/nofp/libm.a(lib_a-math_err.o)
                0x0000000008002270                __math_may_uflow
 .text.__math_oflow
                0x000000000800227c        0xc /opt/gcc-arm-none-eabi/gcc-arm-none-eabi-10.3-2021.10/bin/../lib/gcc/arm-none-eabi/10.3.1/../../../../arm-none-eabi/lib/thumb/v7e-m/nofp/libm.a(lib_a-math_err.o)
                0x000000000800227c                __math_oflow
 .text.__math_divzero
                0x0000000008002288       0x34 /opt/gcc-arm-none-eabi/gcc-arm-none-eabi-10.3-2021.10/bin/../lib/gcc/arm-none-eabi/10.3.1/../../../../arm-none-eabi/lib/thumb/v7e-m/nofp/libm.a(lib_a-math_err.o)
                0x0000000008002288                __math_divzero
 .text.__math_invalid
                0x00000000080022bc       0x3c /opt/gcc-arm-none-eabi/gcc-arm-none-eabi-10.3-2021.10/bin/../lib/gcc/arm-none-eabi/10.3.1/../../../../arm-none-eabi/lib/thumb/v7e-m/nofp/libm.a(lib_a-math_err.o)
                0x00000000080022bc                __math_invalid
 .text.__math_check_uflow
                0x00000000080022f8       0x24 /opt/gcc-arm-none-eabi/gcc-arm-none-eabi-10.3-2021.10/bin/../lib/gcc/arm-none-eabi/10.3.1/../../../../arm-none-eabi/lib/thumb/v7e-m/nofp/libm.a(lib_a-math_err.o)
                0x00000000080022f8                __math_check_uflow
 .text.__math_check_oflow
                0x000000000800231c       0x44 /opt/gcc-arm-none-eabi/gcc-arm-none-eabi-10.3-2021.10/bin/../lib/gcc/arm-none-eabi/10.3.1/../../../../arm-none-eabi/lib/thumb/v7e-m/nofp/libm.a(lib_a-math_err.o)
                0x000000000800231c                __math_check_oflow
 .text          0x0000000008002360        0x0 /opt/gcc-arm-none-eabi/gcc-arm-none-eabi-10.3-2021.10/bin/../lib/gcc/arm-none-eabi/10.3.1/../../../../arm-none-eabi/lib/thumb/v7e-m/nofp/libm.a(lib_a-s_fabs.o)
 .text.fabs     0x0000000008002360        0x8 /opt/gcc-arm-none-eabi/gcc-arm-none-eabi-10.3-2021.10/bin/../lib/gcc/arm-none-eabi/10.3.1/../../../../arm-none-eabi/lib/thumb/v7e-m/nofp/libm.a(lib_a-s_fabs.o)
                0x0000000008002360                fabs
 .text          0x0000000008002368        0x0 /opt/gcc-arm-none-eabi/gcc-arm-none-eabi-10.3-2021.10/bin/../lib/gcc/arm-none-eabi/10.3.1/../../../../arm-none-eabi/lib/thumb/v7e-m/nofp/libm.a(lib_a-s_finite.o)
 .text.finite   0x0000000008002368        0xc /opt/gcc-arm-none-eabi/gcc-arm-none-eabi-10.3-2021.10/bin/../lib/gcc/arm-none-eabi/10.3.1/../../../../arm-none-eabi/lib/thumb/v7e-m/nofp/libm.a(lib_a-s_finite.o)
                0x0000000008002368                finite
 .text          0x0000000008002374        0x0 /opt/gcc-arm-none-eabi/gcc-arm-none-eabi-10.3-2021.10/bin/../lib/gcc/arm-none-eabi/10.3.1/../../../../arm-none-eabi/lib/thumb/v7e-m/nofp/libm.a(lib_a-s_nan.o)
 .text.nan      0x0000000008002374        0xc /opt/gcc-arm-none-eabi/gcc-arm-none-eabi-10.3-2021.10/bin/../lib/gcc/arm-none-eabi/10.3.1/../../../../arm-none-eabi/lib/thumb/v7e-m/nofp/libm.a(lib_a-s_nan.o)
                0x0000000008002374                nan
 .text          0x0000000008002380        0x0 /opt/gcc-arm-none-eabi/gcc-arm-none-eabi-10.3-2021.10/bin/../lib/gcc/arm-none-eabi/10.3.1/../../../../arm-none-eabi/lib/thumb/v7e-m/nofp/libm.a(lib_a-s_scalbn.o)
 .text.scalbn   0x0000000008002380       0xf4 /opt/gcc-arm-none-eabi/gcc-arm-none-eabi-10.3-2021.10/bin/../lib/gcc/arm-none-eabi/10.3.1/../../../../arm-none-eabi/lib/thumb/v7e-m/nofp/libm.a(lib_a-s_scalbn.o)
                0x0000000008002380                scalbn
 .text          0x0000000008002474        0x0 /opt/gcc-arm-none-eabi/gcc-arm-none-eabi-10.3-2021.10/bin/../lib/gcc/arm-none-eabi/10.3.1/../../../../arm-none-eabi/lib/thumb/v7e-m/nofp/libm.a(lib_a-e_log.o)
 *fill*         0x0000000008002474        0x4 
 .text.__ieee754_log
                0x0000000008002478      0x400 /opt/gcc-arm-none-eabi/gcc-arm-none-eabi-10.3-2021.10/bin/../lib/gcc/arm-none-eabi/10.3.1/../../../../arm-none-eabi/lib/thumb/v7e-m/nofp/libm.a(lib_a-e_log.o)
                0x0000000008002478                __ieee754_log
 .text          0x0000000008002878      0x254 /opt/gcc-arm-none-eabi/gcc-arm-none-eabi-10.3-2021.10/bin/../lib/gcc/arm-none-eabi/10.3.1/thumb/v7e-m/nofp/libgcc.a(_arm_muldf3.o)
 .text          0x0000000008002acc      0x378 /opt/gcc-arm-none-eabi/gcc-arm-none-eabi-10.3-2021.10/bin/../lib/gcc/arm-none-eabi/10.3.1/thumb/v7e-m/nofp/libgcc.a(_arm_addsubdf3.o)
                0x0000000008002acc                __aeabi_drsub
                0x0000000008002ad4                __aeabi_dsub
                0x0000000008002ad4                __subdf3
                0x0000000008002ad8                __adddf3
                0x0000000008002ad8                __aeabi_dadd
                0x0000000008002d50                __aeabi_ui2d
                0x0000000008002d50                __floatunsidf
                0x0000000008002d70                __floatsidf
                0x0000000008002d70                __aeabi_i2d
                0x0000000008002d94                __extendsfdf2
                0x0000000008002d94                __aeabi_f2d
                0x0000000008002dd8                __aeabi_ul2d
                0x0000000008002dd8                __floatundidf
                0x0000000008002de8                __floatdidf
                0x0000000008002de8                __aeabi_l2d
 .text          0x0000000008002e44      0x424 /opt/gcc-arm-none-eabi/gcc-arm-none-eabi-10.3-2021.10/bin/../lib/gcc/arm-none-eabi/10.3.1/thumb/v7e-m/nofp/libgcc.a(_arm_muldivdf3.o)
                0x0000000008002e44                __aeabi_dmul
                0x0000000008002e44                __muldf3
                0x0000000008003098                __aeabi_ddiv
                0x0000000008003098                __divdf3
 .text          0x0000000008003268      0x110 /opt/gcc-arm-none-eabi/gcc-arm-none-eabi-10.3-2021.10/bin/../lib/gcc/arm-none-eabi/10.3.1/thumb/v7e-m/nofp/libgcc.a(_arm_cmpdf2.o)
                0x0000000008003268                __gtdf2
                0x0000000008003268                __gedf2
                0x0000000008003270                __ltdf2
                0x0000000008003270                __ledf2
                0x0000000008003278                __cmpdf2
                0x0000000008003278                __eqdf2
                0x0000000008003278                __nedf2
                0x00000000080032f4                __aeabi_cdrcmple
                0x0000000008003304                __aeabi_cdcmple
                0x0000000008003304                __aeabi_cdcmpeq
                0x0000000008003314                __aeabi_dcmpeq
                0x0000000008003328                __aeabi_dcmplt
                0x000000000800333c                __aeabi_dcmple
                0x0000000008003350                __aeabi_dcmpge
                0x0000000008003364                __aeabi_dcmpgt
 .text          0x0000000008003378       0x2c /opt/gcc-arm-none-eabi/gcc-arm-none-eabi-10.3-2021.10/bin/../lib/gcc/arm-none-eabi/10.3.1/thumb/v7e-m/nofp/libgcc.a(_arm_unorddf2.o)
                0x0000000008003378                __aeabi_dcmpun
                0x0000000008003378                __unorddf2
 .text          0x00000000080033a4       0x50 /opt/gcc-arm-none-eabi/gcc-arm-none-eabi-10.3-2021.10/bin/../lib/gcc/arm-none-eabi/10.3.1/thumb/v7e-m/nofp/libgcc.a(_arm_fixdfsi.o)
                0x00000000080033a4                __fixdfsi
                0x00000000080033a4                __aeabi_d2iz
 .text          0x00000000080033f4       0x40 /opt/gcc-arm-none-eabi/gcc-arm-none-eabi-10.3-2021.10/bin/../lib/gcc/arm-none-eabi/10.3.1/thumb/v7e-m/nofp/libgcc.a(_arm_fixunsdfsi.o)
                0x00000000080033f4                __fixunsdfsi
                0x00000000080033f4                __aeabi_d2uiz
 .text          0x0000000008003434        0x0 /opt/gcc-arm-none-eabi/gcc-arm-none-eabi-10.3-2021.10/bin/../lib/gcc/arm-none-eabi/10.3.1/../../../../arm-none-eabi/lib/thumb/v7e-m/nofp/libg.a(lib_a-errno.o)
 .text.__errno  0x0000000008003434        0xc /opt/gcc-arm-none-eabi/gcc-arm-none-eabi-10.3-2021.10/bin/../lib/gcc/arm-none-eabi/10.3.1/../../../../arm-none-eabi/lib/thumb/v7e-m/nofp/libg.a(lib_a-errno.o)
                0x0000000008003434                __errno
 .text          0x0000000008003440        0x0 /opt/gcc-arm-none-eabi/gcc-arm-none-eabi-10.3-2021.10/bin/../lib/gcc/arm-none-eabi/10.3.1/../../../../arm-none-eabi/lib/thumb/v7e-m/nofp/libg.a(lib_a-impure.o)
 .text          0x0000000008003440        0x0 /opt/gcc-arm-none-eabi/gcc-arm-none-eabi-10.3-2021.10/bin/../lib/gcc/arm-none-eabi/10.3.1/../../../../arm-none-eabi/lib/thumb/v7e-m/nofp/libg.a(lib_a-init.o)
 .text.__libc_init_array
                0x0000000008003440       0x48 /opt/gcc-arm-none-eabi/gcc-arm-none-eabi-10.3-2021.10/bin/../lib/gcc/arm-none-eabi/10.3.1/../../../../arm-none-eabi/lib/thumb/v7e-m/nofp/libg.a(lib_a-init.o)
                0x0000000008003440                __libc_init_array
 *(.init)
 *(.fini)
 *crtbegin.o(.ctors)
 *crtbegin?.o(.ctors)
 *(EXCLUDE_FILE(*crtend.o *crtend?.o) .ctors)
 *(SORT_BY_NAME(.ctors.*))
 *(.ctors)
 *crtbegin.o(.dtors)
 *crtbegin?.o(.dtors)
 *(EXCLUDE_FILE(*crtend.o *crtend?.o) .dtors)
 *(SORT_BY_NAME(.dtors.*))
 *(.dtors)
 *(.rodata .rodata.*)
 .rodata        0x0000000008003488       0x24 build/partB.o
                0x0000000008003488                out_config
                0x0000000008003494                in_config
 .rodata.log10.str1.4
                0x00000000080034ac        0x1 /opt/gcc-arm-none-eabi/gcc-arm-none-eabi-10.3-2021.10/bin/../lib/gcc/arm-none-eabi/10.3.1/../../../../arm-none-eabi/lib/thumb/v7e-m/nofp/libm.a(lib_a-w_log10.o)
 *fill*         0x00000000080034ad        0x3 
 .rodata._global_impure_ptr
                0x00000000080034b0        0x4 /opt/gcc-arm-none-eabi/gcc-arm-none-eabi-10.3-2021.10/bin/../lib/gcc/arm-none-eabi/10.3.1/../../../../arm-none-eabi/lib/thumb/v7e-m/nofp/libg.a(lib_a-impure.o)
                0x00000000080034b0                _global_impure_ptr
 *(.gnu.linkonce.r*)
 *(vtable)
                0x00000000080034b4                . = ALIGN (0x4)

.glue_7         0x00000000080034b4        0x0 load address 0x000000000c0034b4
 .glue_7        0x00000000080034b4        0x0 linker stubs

.glue_7t        0x00000000080034b4        0x0 load address 0x000000000c0034b4
 .glue_7t       0x00000000080034b4        0x0 linker stubs

.vfp11_veneer   0x00000000080034b4        0x0 load address 0x000000000c0034b4
 .vfp11_veneer  0x00000000080034b4        0x0 linker stubs

.v4_bx          0x00000000080034b4        0x0 load address 0x000000000c0034b4
 .v4_bx         0x00000000080034b4        0x0 linker stubs

.iplt           0x00000000080034b4        0x0 load address 0x000000000c0034b4
 .iplt          0x00000000080034b4        0x0 build/partB.o

.rel.dyn        0x00000000080034b4        0x0 load address 0x000000000c0034b4
 .rel.iplt      0x00000000080034b4        0x0 build/partB.o

.eh_frame_hdr
 *(.eh_frame_hdr)

.eh_frame
 *(.eh_frame)

.ARM.extab
 *(.ARM.extab* .gnu.linkonce.armextab.*)
                0x00000000080034b4                . = ALIGN (0x4)
                0x00000000080034b4                __exidx_start = .

.ARM.exidx
 *(.ARM.exidx* .gnu.linkonce.armexidx.*)
                0x00000000080034b4                __exidx_end = .
                0x00000000080034b4                . = ALIGN (0x4)

Stack           0x0000000010000000      0x800
                0x0000000010000000                __stack_start = .
                0x0000000010000800                . = (. + stack_size)
 *fill*         0x0000000010000000      0x800 
                0x0000000010000800                __stack_end = .
                0x0000000010000800                __initial_sp = .

.ram_code       0x0000000010000800        0x0 load address 0x000000000c0034b4
                0x0000000010000800                . = ALIGN (0x4)
                0x0000000010000800                __ram_code_start = .
 *(.ram_code)
                0x0000000010000800                . = ALIGN (0x4)
                0x0000000010000800                __ram_code_end = .
                0x000000000c0034b4                __ram_code_load = LOADADDR (.ram_code)
                0x0000000000000000                __ram_code_size = (__ram_code_end - __ram_code_start)

PSRAM_DATA      0x0000000010000800        0x0 load address 0x000000000c0034b4
                0x0000000010000800                . = ALIGN (0x4)
                0x0000000010000800                __data3_start = .
 *(PSRAM_DATA)
                0x0000000010000800                . = ALIGN (0x4)
                0x0000000010000800                __data3_end = .
                0x000000000c0034b4                __data3_load = LOADADDR (PSRAM_DATA)
                0x0000000000000000                __data3_size = (__data3_end - __data3_start)

PSRAM_BSS       0x0000000010000800        0x0 load address 0x000000000c0034b4
                0x0000000010000800                . = ALIGN (0x4)
                0x0000000010000800                __bss3_start = .
 *(PSRAM_BSS)
                0x0000000010000800                . = ALIGN (0x4)
                0x0000000010000800                __bss3_end = .
                0x0000000010000800                . = ALIGN (0x8)
                0x0000000010000800                Heap_Bank3_Start = .
                0x0000000000000000                __bss3_size = (__bss3_end - __bss3_start)

.data           0x0000000020000000      0x430 load address 0x000000000c0034b4
                0x0000000020000000                . = ALIGN (0x4)
                0x0000000020000000                __data_start = .
 *(.data)
 .data          0x0000000020000000        0x0 build/partB.o
 .data          0x0000000020000000        0x0 lib_build/xmc_gpio.o
 .data          0x0000000020000000        0x0 lib_build/xmc4_gpio.o
 .data          0x0000000020000000        0x0 lib_build/xmc_common.o
 .data          0x0000000020000000        0x0 lib_build/startup_XMC4500.o
 .data          0x0000000020000000        0x0 lib_build/system_XMC4500.o
 .data          0x0000000020000000        0x0 lib_build/syscalls.o
 .data          0x0000000020000000        0x0 /opt/gcc-arm-none-eabi/gcc-arm-none-eabi-10.3-2021.10/bin/../lib/gcc/arm-none-eabi/10.3.1/../../../../arm-none-eabi/lib/thumb/v7e-m/nofp/libm.a(lib_a-w_log10.o)
 .data          0x0000000020000000        0x0 /opt/gcc-arm-none-eabi/gcc-arm-none-eabi-10.3-2021.10/bin/../lib/gcc/arm-none-eabi/10.3.1/../../../../arm-none-eabi/lib/thumb/v7e-m/nofp/libm.a(lib_a-w_pow.o)
 .data          0x0000000020000000        0x0 /opt/gcc-arm-none-eabi/gcc-arm-none-eabi-10.3-2021.10/bin/../lib/gcc/arm-none-eabi/10.3.1/../../../../arm-none-eabi/lib/thumb/v7e-m/nofp/libm.a(lib_a-e_log10.o)
 .data          0x0000000020000000        0x0 /opt/gcc-arm-none-eabi/gcc-arm-none-eabi-10.3-2021.10/bin/../lib/gcc/arm-none-eabi/10.3.1/../../../../arm-none-eabi/lib/thumb/v7e-m/nofp/libm.a(lib_a-e_pow.o)
 .data          0x0000000020000000        0x0 /opt/gcc-arm-none-eabi/gcc-arm-none-eabi-10.3-2021.10/bin/../lib/gcc/arm-none-eabi/10.3.1/../../../../arm-none-eabi/lib/thumb/v7e-m/nofp/libm.a(lib_a-e_sqrt.o)
 .data          0x0000000020000000        0x0 /opt/gcc-arm-none-eabi/gcc-arm-none-eabi-10.3-2021.10/bin/../lib/gcc/arm-none-eabi/10.3.1/../../../../arm-none-eabi/lib/thumb/v7e-m/nofp/libm.a(lib_a-math_err.o)
 .data          0x0000000020000000        0x0 /opt/gcc-arm-none-eabi/gcc-arm-none-eabi-10.3-2021.10/bin/../lib/gcc/arm-none-eabi/10.3.1/../../../../arm-none-eabi/lib/thumb/v7e-m/nofp/libm.a(lib_a-s_fabs.o)
 .data          0x0000000020000000        0x0 /opt/gcc-arm-none-eabi/gcc-arm-none-eabi-10.3-2021.10/bin/../lib/gcc/arm-none-eabi/10.3.1/../../../../arm-none-eabi/lib/thumb/v7e-m/nofp/libm.a(lib_a-s_finite.o)
 .data          0x0000000020000000        0x0 /opt/gcc-arm-none-eabi/gcc-arm-none-eabi-10.3-2021.10/bin/../lib/gcc/arm-none-eabi/10.3.1/../../../../arm-none-eabi/lib/thumb/v7e-m/nofp/libm.a(lib_a-s_nan.o)
 .data          0x0000000020000000        0x0 /opt/gcc-arm-none-eabi/gcc-arm-none-eabi-10.3-2021.10/bin/../lib/gcc/arm-none-eabi/10.3.1/../../../../arm-none-eabi/lib/thumb/v7e-m/nofp/libm.a(lib_a-s_scalbn.o)
 .data          0x0000000020000000        0x0 /opt/gcc-arm-none-eabi/gcc-arm-none-eabi-10.3-2021.10/bin/../lib/gcc/arm-none-eabi/10.3.1/../../../../arm-none-eabi/lib/thumb/v7e-m/nofp/libm.a(lib_a-e_log.o)
 .data          0x0000000020000000        0x0 /opt/gcc-arm-none-eabi/gcc-arm-none-eabi-10.3-2021.10/bin/../lib/gcc/arm-none-eabi/10.3.1/thumb/v7e-m/nofp/libgcc.a(_arm_muldf3.o)
 .data          0x0000000020000000        0x0 /opt/gcc-arm-none-eabi/gcc-arm-none-eabi-10.3-2021.10/bin/../lib/gcc/arm-none-eabi/10.3.1/thumb/v7e-m/nofp/libgcc.a(_arm_addsubdf3.o)
 .data          0x0000000020000000        0x0 /opt/gcc-arm-none-eabi/gcc-arm-none-eabi-10.3-2021.10/bin/../lib/gcc/arm-none-eabi/10.3.1/thumb/v7e-m/nofp/libgcc.a(_arm_muldivdf3.o)
 .data          0x0000000020000000        0x0 /opt/gcc-arm-none-eabi/gcc-arm-none-eabi-10.3-2021.10/bin/../lib/gcc/arm-none-eabi/10.3.1/thumb/v7e-m/nofp/libgcc.a(_arm_cmpdf2.o)
 .data          0x0000000020000000        0x0 /opt/gcc-arm-none-eabi/gcc-arm-none-eabi-10.3-2021.10/bin/../lib/gcc/arm-none-eabi/10.3.1/thumb/v7e-m/nofp/libgcc.a(_arm_unorddf2.o)
 .data          0x0000000020000000        0x0 /opt/gcc-arm-none-eabi/gcc-arm-none-eabi-10.3-2021.10/bin/../lib/gcc/arm-none-eabi/10.3.1/thumb/v7e-m/nofp/libgcc.a(_arm_fixdfsi.o)
 .data          0x0000000020000000        0x0 /opt/gcc-arm-none-eabi/gcc-arm-none-eabi-10.3-2021.10/bin/../lib/gcc/arm-none-eabi/10.3.1/thumb/v7e-m/nofp/libgcc.a(_arm_fixunsdfsi.o)
 .data          0x0000000020000000        0x0 /opt/gcc-arm-none-eabi/gcc-arm-none-eabi-10.3-2021.10/bin/../lib/gcc/arm-none-eabi/10.3.1/../../../../arm-none-eabi/lib/thumb/v7e-m/nofp/libg.a(lib_a-errno.o)
 .data          0x0000000020000000        0x0 /opt/gcc-arm-none-eabi/gcc-arm-none-eabi-10.3-2021.10/bin/../lib/gcc/arm-none-eabi/10.3.1/../../../../arm-none-eabi/lib/thumb/v7e-m/nofp/libg.a(lib_a-impure.o)
 .data          0x0000000020000000        0x0 /opt/gcc-arm-none-eabi/gcc-arm-none-eabi-10.3-2021.10/bin/../lib/gcc/arm-none-eabi/10.3.1/../../../../arm-none-eabi/lib/thumb/v7e-m/nofp/libg.a(lib_a-init.o)
 *(.data*)
 .data._impure_ptr
                0x0000000020000000        0x4 /opt/gcc-arm-none-eabi/gcc-arm-none-eabi-10.3-2021.10/bin/../lib/gcc/arm-none-eabi/10.3.1/../../../../arm-none-eabi/lib/thumb/v7e-m/nofp/libg.a(lib_a-impure.o)
                0x0000000020000000                _impure_ptr
 *fill*         0x0000000020000004        0x4 
 .data.impure_data
                0x0000000020000008      0x428 /opt/gcc-arm-none-eabi/gcc-arm-none-eabi-10.3-2021.10/bin/../lib/gcc/arm-none-eabi/10.3.1/../../../../arm-none-eabi/lib/thumb/v7e-m/nofp/libg.a(lib_a-impure.o)
 *(*.data)
 *(.gnu.linkonce.d*)
                0x0000000020000430                . = ALIGN (0x4)
                0x0000000020000430                PROVIDE (__preinit_array_start = .)
 *(.preinit_array)
                0x0000000020000430                PROVIDE (__preinit_array_end = .)
                0x0000000020000430                . = ALIGN (0x4)
                0x0000000020000430                PROVIDE (__init_array_start = .)
 *(SORT_BY_NAME(.init_array.*))
 *(.init_array)
                0x0000000020000430                PROVIDE (__init_array_end = .)
                0x0000000020000430                . = ALIGN (0x4)
                [!provide]                        PROVIDE (__fini_array_start = .)
 *(SORT_BY_NAME(.fini_array.*))
 *(.fini_array)
                [!provide]                        PROVIDE (__fini_array_end = .)
                0x0000000020000430                . = ALIGN (0x4)
                0x0000000020000430                __data_end = .
                0x000000000c0034b4                __data_load = LOADADDR (.data)
                0x0000000000000430                __data_size = (__data_end - __data_start)

.igot.plt       0x0000000020000430        0x0 load address 0x000000000c0038e4
 .igot.plt      0x0000000020000430        0x0 build/partB.o

.bss            0x0000000020000430       0x18 load address 0x000000000c0038e4
                0x0000000020000430                . = ALIGN (0x4)
                0x0000000020000430                __bss_start = .
 *(.bss)
 .bss           0x0000000020000430        0xe build/partB.o
                0x0000000020000430                tick
                0x0000000020000434                interval1
                0x0000000020000438                interval2
                0x000000002000043c                button1_on
                0x000000002000043d                button1_once
 .bss           0x000000002000043e        0x0 lib_build/xmc_gpio.o
 .bss           0x000000002000043e        0x0 lib_build/xmc4_gpio.o
 .bss           0x000000002000043e        0x0 lib_build/xmc_common.o
 .bss           0x000000002000043e        0x0 lib_build/startup_XMC4500.o
 .bss           0x000000002000043e        0x0 lib_build/system_XMC4500.o
 *fill*         0x000000002000043e        0x2 
 .bss           0x0000000020000440        0x8 lib_build/syscalls.o
                0x0000000020000440                __dso_handle
 .bss           0x0000000020000448        0x0 /opt/gcc-arm-none-eabi/gcc-arm-none-eabi-10.3-2021.10/bin/../lib/gcc/arm-none-eabi/10.3.1/../../../../arm-none-eabi/lib/thumb/v7e-m/nofp/libm.a(lib_a-w_log10.o)
 .bss           0x0000000020000448        0x0 /opt/gcc-arm-none-eabi/gcc-arm-none-eabi-10.3-2021.10/bin/../lib/gcc/arm-none-eabi/10.3.1/../../../../arm-none-eabi/lib/thumb/v7e-m/nofp/libm.a(lib_a-w_pow.o)
 .bss           0x0000000020000448        0x0 /opt/gcc-arm-none-eabi/gcc-arm-none-eabi-10.3-2021.10/bin/../lib/gcc/arm-none-eabi/10.3.1/../../../../arm-none-eabi/lib/thumb/v7e-m/nofp/libm.a(lib_a-e_log10.o)
 .bss           0x0000000020000448        0x0 /opt/gcc-arm-none-eabi/gcc-arm-none-eabi-10.3-2021.10/bin/../lib/gcc/arm-none-eabi/10.3.1/../../../../arm-none-eabi/lib/thumb/v7e-m/nofp/libm.a(lib_a-e_pow.o)
 .bss           0x0000000020000448        0x0 /opt/gcc-arm-none-eabi/gcc-arm-none-eabi-10.3-2021.10/bin/../lib/gcc/arm-none-eabi/10.3.1/../../../../arm-none-eabi/lib/thumb/v7e-m/nofp/libm.a(lib_a-e_sqrt.o)
 .bss           0x0000000020000448        0x0 /opt/gcc-arm-none-eabi/gcc-arm-none-eabi-10.3-2021.10/bin/../lib/gcc/arm-none-eabi/10.3.1/../../../../arm-none-eabi/lib/thumb/v7e-m/nofp/libm.a(lib_a-math_err.o)
 .bss           0x0000000020000448        0x0 /opt/gcc-arm-none-eabi/gcc-arm-none-eabi-10.3-2021.10/bin/../lib/gcc/arm-none-eabi/10.3.1/../../../../arm-none-eabi/lib/thumb/v7e-m/nofp/libm.a(lib_a-s_fabs.o)
 .bss           0x0000000020000448        0x0 /opt/gcc-arm-none-eabi/gcc-arm-none-eabi-10.3-2021.10/bin/../lib/gcc/arm-none-eabi/10.3.1/../../../../arm-none-eabi/lib/thumb/v7e-m/nofp/libm.a(lib_a-s_finite.o)
 .bss           0x0000000020000448        0x0 /opt/gcc-arm-none-eabi/gcc-arm-none-eabi-10.3-2021.10/bin/../lib/gcc/arm-none-eabi/10.3.1/../../../../arm-none-eabi/lib/thumb/v7e-m/nofp/libm.a(lib_a-s_nan.o)
 .bss           0x0000000020000448        0x0 /opt/gcc-arm-none-eabi/gcc-arm-none-eabi-10.3-2021.10/bin/../lib/gcc/arm-none-eabi/10.3.1/../../../../arm-none-eabi/lib/thumb/v7e-m/nofp/libm.a(lib_a-s_scalbn.o)
 .bss           0x0000000020000448        0x0 /opt/gcc-arm-none-eabi/gcc-arm-none-eabi-10.3-2021.10/bin/../lib/gcc/arm-none-eabi/10.3.1/../../../../arm-none-eabi/lib/thumb/v7e-m/nofp/libm.a(lib_a-e_log.o)
 .bss           0x0000000020000448        0x0 /opt/gcc-arm-none-eabi/gcc-arm-none-eabi-10.3-2021.10/bin/../lib/gcc/arm-none-eabi/10.3.1/thumb/v7e-m/nofp/libgcc.a(_arm_muldf3.o)
 .bss           0x0000000020000448        0x0 /opt/gcc-arm-none-eabi/gcc-arm-none-eabi-10.3-2021.10/bin/../lib/gcc/arm-none-eabi/10.3.1/thumb/v7e-m/nofp/libgcc.a(_arm_addsubdf3.o)
 .bss           0x0000000020000448        0x0 /opt/gcc-arm-none-eabi/gcc-arm-none-eabi-10.3-2021.10/bin/../lib/gcc/arm-none-eabi/10.3.1/thumb/v7e-m/nofp/libgcc.a(_arm_muldivdf3.o)
 .bss           0x0000000020000448        0x0 /opt/gcc-arm-none-eabi/gcc-arm-none-eabi-10.3-2021.10/bin/../lib/gcc/arm-none-eabi/10.3.1/thumb/v7e-m/nofp/libgcc.a(_arm_cmpdf2.o)
 .bss           0x0000000020000448        0x0 /opt/gcc-arm-none-eabi/gcc-arm-none-eabi-10.3-2021.10/bin/../lib/gcc/arm-none-eabi/10.3.1/thumb/v7e-m/nofp/libgcc.a(_arm_unorddf2.o)
 .bss           0x0000000020000448        0x0 /opt/gcc-arm-none-eabi/gcc-arm-none-eabi-10.3-2021.10/bin/../lib/gcc/arm-none-eabi/10.3.1/thumb/v7e-m/nofp/libgcc.a(_arm_fixdfsi.o)
 .bss           0x0000000020000448        0x0 /opt/gcc-arm-none-eabi/gcc-arm-none-eabi-10.3-2021.10/bin/../lib/gcc/arm-none-eabi/10.3.1/thumb/v7e-m/nofp/libgcc.a(_arm_fixunsdfsi.o)
 .bss           0x0000000020000448        0x0 /opt/gcc-arm-none-eabi/gcc-arm-none-eabi-10.3-2021.10/bin/../lib/gcc/arm-none-eabi/10.3.1/../../../../arm-none-eabi/lib/thumb/v7e-m/nofp/libg.a(lib_a-errno.o)
 .bss           0x0000000020000448        0x0 /opt/gcc-arm-none-eabi/gcc-arm-none-eabi-10.3-2021.10/bin/../lib/gcc/arm-none-eabi/10.3.1/../../../../arm-none-eabi/lib/thumb/v7e-m/nofp/libg.a(lib_a-impure.o)
 .bss           0x0000000020000448        0x0 /opt/gcc-arm-none-eabi/gcc-arm-none-eabi-10.3-2021.10/bin/../lib/gcc/arm-none-eabi/10.3.1/../../../../arm-none-eabi/lib/thumb/v7e-m/nofp/libg.a(lib_a-init.o)
 *(.bss*)
 *(COMMON)
 *(.gnu.linkonce.b*)
                0x0000000020000448                . = ALIGN (0x4)
                0x0000000020000448                __bss_end = .
                0x0000000020000448                . = ALIGN (0x8)
                0x0000000020000448                Heap_Bank1_Start = .
                0x0000000000000018                __bss_size = (__bss_end - __bss_start)

.no_init        0x000000002000ffc0       0x14
                0x000000002000ffc0                Heap_Bank1_End = .
 *(.no_init)
 .no_init       0x000000002000ffc0       0x14 lib_build/system_XMC4500.o
                0x000000002000ffc0                SystemCoreClock
                0x000000002000ffc4                g_chipid

DSRAM2_DATA     0x0000000030000000        0x0 load address 0x000000000c0038e4
                0x0000000030000000                . = ALIGN (0x4)
                0x0000000030000000                __data2_start = .
 *(DSRAM2_DATA)
                0x0000000030000000                . = ALIGN (0x4)
                0x0000000030000000                __data2_end = .
                0x000000000c0038e4                __data2_load = LOADADDR (DSRAM2_DATA)
                0x0000000000000000                __data2_size = (__data2_end - __data2_start)
                0x00000000000038e4                __text_size = (((((__exidx_end - sText) + __data_size) + __ram_code_size) + __data2_size) + __data3_size)
                0x00000000080038e4                eText = (sText + __text_size)

DSRAM2_BSS      0x0000000030000000        0x0 load address 0x000000000c0038e4
                0x0000000030000000                . = ALIGN (0x4)
                0x0000000030000000                __bss2_start = .
 *(ETH_RAM)
 *(USB_RAM)
 *(DSRAM2_BSS)
                0x0000000030000000                . = ALIGN (0x4)
                0x0000000030000000                __bss2_end = .
                0x0000000030000000                . = ALIGN (0x8)
                0x0000000030000000                Heap_Bank2_Start = .
                0x0000000000000000                __bss2_size = (__bss2_end - __bss2_start)
                0x000000000000fb78                Heap_Bank1_Size = (Heap_Bank1_End - Heap_Bank1_Start)
                0x0000000000008000                Heap_Bank2_Size = (LENGTH (DSRAM_2_comm) - (Heap_Bank2_Start - ORIGIN (DSRAM_2_comm)))
                0x000000000000f800                Heap_Bank3_Size = (LENGTH (PSRAM_1) - (Heap_Bank3_Start - ORIGIN (PSRAM_1)))
                0x0000000000000001                ASSERT ((Heap_Bank1_Start <= Heap_Bank1_End), region SRAM_combined overflowed no_init section)

/DISCARD/
 *(.comment)

.stab
 *(.stab)

.stabstr
 *(.stabstr)

.debug
 *(.debug)

.line
 *(.line)

.debug_srcinfo
 *(.debug_srcinfo)

.debug_sfnames
 *(.debug_sfnames)

.debug_aranges  0x0000000000000000      0x1a8
 *(.debug_aranges)
 .debug_aranges
                0x0000000000000000       0x70 build/partB.o
 .debug_aranges
                0x0000000000000070       0x28 lib_build/xmc_gpio.o
 .debug_aranges
                0x0000000000000098       0x28 lib_build/xmc4_gpio.o
 .debug_aranges
                0x00000000000000c0       0x78 lib_build/xmc_common.o
 .debug_aranges
                0x0000000000000138       0x48 lib_build/system_XMC4500.o
 .debug_aranges
                0x0000000000000180       0x28 lib_build/syscalls.o

.debug_pubnames
 *(.debug_pubnames)

.debug_pubtypes
 *(.debug_pubtypes)

.debug_info     0x0000000000000000     0x237b
 *(.debug_info .gnu.linkonce.wi.*)
 .debug_info    0x0000000000000000      0xd04 build/partB.o
 .debug_info    0x0000000000000d04      0x397 lib_build/xmc_gpio.o
 .debug_info    0x000000000000109b      0x42d lib_build/xmc4_gpio.o
 .debug_info    0x00000000000014c8      0x46b lib_build/xmc_common.o
 .debug_info    0x0000000000001933      0x927 lib_build/system_XMC4500.o
 .debug_info    0x000000000000225a      0x121 lib_build/syscalls.o

.debug_abbrev   0x0000000000000000      0x8c5
 *(.debug_abbrev)
 .debug_abbrev  0x0000000000000000      0x291 build/partB.o
 .debug_abbrev  0x0000000000000291      0x130 lib_build/xmc_gpio.o
 .debug_abbrev  0x00000000000003c1      0x130 lib_build/xmc4_gpio.o
 .debug_abbrev  0x00000000000004f1      0x12f lib_build/xmc_common.o
 .debug_abbrev  0x0000000000000620      0x1d9 lib_build/system_XMC4500.o
 .debug_abbrev  0x00000000000007f9       0xcc lib_build/syscalls.o

.debug_line     0x0000000000000000     0x20de
 *(.debug_line)
 .debug_line    0x0000000000000000      0x6ab build/partB.o
 .debug_line    0x00000000000006ab      0x4a5 lib_build/xmc_gpio.o
 .debug_line    0x0000000000000b50      0x51b lib_build/xmc4_gpio.o
 .debug_line    0x000000000000106b      0x677 lib_build/xmc_common.o
 .debug_line    0x00000000000016e2      0x66c lib_build/system_XMC4500.o
 .debug_line    0x0000000000001d4e      0x390 lib_build/syscalls.o

.debug_frame    0x0000000000000000      0xb7c
 *(.debug_frame)
 .debug_frame   0x0000000000000000      0x1b0 build/partB.o
 .debug_frame   0x00000000000001b0       0x60 lib_build/xmc_gpio.o
 .debug_frame   0x0000000000000210       0x60 lib_build/xmc4_gpio.o
 .debug_frame   0x0000000000000270      0x1e8 lib_build/xmc_common.o
 .debug_frame   0x0000000000000458       0xe0 lib_build/system_XMC4500.o
 .debug_frame   0x0000000000000538       0x54 lib_build/syscalls.o
 .debug_frame   0x000000000000058c       0x38 /opt/gcc-arm-none-eabi/gcc-arm-none-eabi-10.3-2021.10/bin/../lib/gcc/arm-none-eabi/10.3.1/../../../../arm-none-eabi/lib/thumb/v7e-m/nofp/libm.a(lib_a-w_log10.o)
 .debug_frame   0x00000000000005c4       0x34 /opt/gcc-arm-none-eabi/gcc-arm-none-eabi-10.3-2021.10/bin/../lib/gcc/arm-none-eabi/10.3.1/../../../../arm-none-eabi/lib/thumb/v7e-m/nofp/libm.a(lib_a-w_pow.o)
 .debug_frame   0x00000000000005f8       0x34 /opt/gcc-arm-none-eabi/gcc-arm-none-eabi-10.3-2021.10/bin/../lib/gcc/arm-none-eabi/10.3.1/../../../../arm-none-eabi/lib/thumb/v7e-m/nofp/libm.a(lib_a-e_log10.o)
 .debug_frame   0x000000000000062c       0x7c /opt/gcc-arm-none-eabi/gcc-arm-none-eabi-10.3-2021.10/bin/../lib/gcc/arm-none-eabi/10.3.1/../../../../arm-none-eabi/lib/thumb/v7e-m/nofp/libm.a(lib_a-e_pow.o)
 .debug_frame   0x00000000000006a8       0x34 /opt/gcc-arm-none-eabi/gcc-arm-none-eabi-10.3-2021.10/bin/../lib/gcc/arm-none-eabi/10.3.1/../../../../arm-none-eabi/lib/thumb/v7e-m/nofp/libm.a(lib_a-e_sqrt.o)
 .debug_frame   0x00000000000006dc      0x11c /opt/gcc-arm-none-eabi/gcc-arm-none-eabi-10.3-2021.10/bin/../lib/gcc/arm-none-eabi/10.3.1/../../../../arm-none-eabi/lib/thumb/v7e-m/nofp/libm.a(lib_a-math_err.o)
 .debug_frame   0x00000000000007f8       0x20 /opt/gcc-arm-none-eabi/gcc-arm-none-eabi-10.3-2021.10/bin/../lib/gcc/arm-none-eabi/10.3.1/../../../../arm-none-eabi/lib/thumb/v7e-m/nofp/libm.a(lib_a-s_fabs.o)
 .debug_frame   0x0000000000000818       0x20 /opt/gcc-arm-none-eabi/gcc-arm-none-eabi-10.3-2021.10/bin/../lib/gcc/arm-none-eabi/10.3.1/../../../../arm-none-eabi/lib/thumb/v7e-m/nofp/libm.a(lib_a-s_finite.o)
 .debug_frame   0x0000000000000838       0x20 /opt/gcc-arm-none-eabi/gcc-arm-none-eabi-10.3-2021.10/bin/../lib/gcc/arm-none-eabi/10.3.1/../../../../arm-none-eabi/lib/thumb/v7e-m/nofp/libm.a(lib_a-s_nan.o)
 .debug_frame   0x0000000000000858       0x2c /opt/gcc-arm-none-eabi/gcc-arm-none-eabi-10.3-2021.10/bin/../lib/gcc/arm-none-eabi/10.3.1/../../../../arm-none-eabi/lib/thumb/v7e-m/nofp/libm.a(lib_a-s_scalbn.o)
 .debug_frame   0x0000000000000884       0x54 /opt/gcc-arm-none-eabi/gcc-arm-none-eabi-10.3-2021.10/bin/../lib/gcc/arm-none-eabi/10.3.1/../../../../arm-none-eabi/lib/thumb/v7e-m/nofp/libm.a(lib_a-e_log.o)
 .debug_frame   0x00000000000008d8       0x30 /opt/gcc-arm-none-eabi/gcc-arm-none-eabi-10.3-2021.10/bin/../lib/gcc/arm-none-eabi/10.3.1/thumb/v7e-m/nofp/libgcc.a(_arm_muldf3.o)
 .debug_frame   0x0000000000000908       0xac /opt/gcc-arm-none-eabi/gcc-arm-none-eabi-10.3-2021.10/bin/../lib/gcc/arm-none-eabi/10.3.1/thumb/v7e-m/nofp/libgcc.a(_arm_addsubdf3.o)
 .debug_frame   0x00000000000009b4       0x50 /opt/gcc-arm-none-eabi/gcc-arm-none-eabi-10.3-2021.10/bin/../lib/gcc/arm-none-eabi/10.3.1/thumb/v7e-m/nofp/libgcc.a(_arm_muldivdf3.o)
 .debug_frame   0x0000000000000a04       0xc4 /opt/gcc-arm-none-eabi/gcc-arm-none-eabi-10.3-2021.10/bin/../lib/gcc/arm-none-eabi/10.3.1/thumb/v7e-m/nofp/libgcc.a(_arm_cmpdf2.o)
 .debug_frame   0x0000000000000ac8       0x20 /opt/gcc-arm-none-eabi/gcc-arm-none-eabi-10.3-2021.10/bin/../lib/gcc/arm-none-eabi/10.3.1/thumb/v7e-m/nofp/libgcc.a(_arm_unorddf2.o)
 .debug_frame   0x0000000000000ae8       0x24 /opt/gcc-arm-none-eabi/gcc-arm-none-eabi-10.3-2021.10/bin/../lib/gcc/arm-none-eabi/10.3.1/thumb/v7e-m/nofp/libgcc.a(_arm_fixdfsi.o)
 .debug_frame   0x0000000000000b0c       0x24 /opt/gcc-arm-none-eabi/gcc-arm-none-eabi-10.3-2021.10/bin/../lib/gcc/arm-none-eabi/10.3.1/thumb/v7e-m/nofp/libgcc.a(_arm_fixunsdfsi.o)
 .debug_frame   0x0000000000000b30       0x20 /opt/gcc-arm-none-eabi/gcc-arm-none-eabi-10.3-2021.10/bin/../lib/gcc/arm-none-eabi/10.3.1/../../../../arm-none-eabi/lib/thumb/v7e-m/nofp/libg.a(lib_a-errno.o)
 .debug_frame   0x0000000000000b50       0x2c /opt/gcc-arm-none-eabi/gcc-arm-none-eabi-10.3-2021.10/bin/../lib/gcc/arm-none-eabi/10.3.1/../../../../arm-none-eabi/lib/thumb/v7e-m/nofp/libg.a(lib_a-init.o)

.debug_str      0x0000000000000000    0x76434
 *(.debug_str)
 .debug_str     0x0000000000000000    0x7445a build/partB.o
                                      0x746d9 (size before relaxing)
 .debug_str     0x000000000007445a       0xd3 lib_build/xmc_gpio.o
                                      0x7355b (size before relaxing)
 .debug_str     0x000000000007452d       0x9e lib_build/xmc4_gpio.o
                                      0x736e0 (size before relaxing)
 .debug_str     0x00000000000745cb      0x1c4 lib_build/xmc_common.o
                                      0x6f6b2 (size before relaxing)
 .debug_str     0x000000000007478f      0xe11 lib_build/system_XMC4500.o
                                      0x6fde5 (size before relaxing)
 .debug_str     0x00000000000755a0      0xe94 lib_build/syscalls.o
                                       0x75b0 (size before relaxing)

.debug_loc      0x0000000000000000      0xb68
 *(.debug_loc)
 .debug_loc     0x0000000000000000      0x388 build/partB.o
 .debug_loc     0x0000000000000388       0xb8 lib_build/xmc_gpio.o
 .debug_loc     0x0000000000000440       0xb8 lib_build/xmc4_gpio.o
 .debug_loc     0x00000000000004f8      0x438 lib_build/xmc_common.o
 .debug_loc     0x0000000000000930      0x1a4 lib_build/system_XMC4500.o
 .debug_loc     0x0000000000000ad4       0x94 lib_build/syscalls.o

.debug_macinfo
 *(.debug_macinfo)

.debug_ranges   0x0000000000000000      0x148
 *(.debug_ranges)
 .debug_ranges  0x0000000000000000       0x60 build/partB.o
 .debug_ranges  0x0000000000000060       0x18 lib_build/xmc_gpio.o
 .debug_ranges  0x0000000000000078       0x18 lib_build/xmc4_gpio.o
 .debug_ranges  0x0000000000000090       0x68 lib_build/xmc_common.o
 .debug_ranges  0x00000000000000f8       0x38 lib_build/system_XMC4500.o
 .debug_ranges  0x0000000000000130       0x18 lib_build/syscalls.o

.debug_weaknames
 *(.debug_weaknames)

.debug_funcnames
 *(.debug_funcnames)

.debug_typenames
 *(.debug_typenames)

.debug_varnames
 *(.debug_varnames)

.build_attributes
                0x0000000000000000      0x4a2
 *(.ARM.attributes)
 .ARM.attributes
                0x0000000000000000       0x32 build/partB.o
 .ARM.attributes
                0x0000000000000032       0x32 lib_build/xmc_gpio.o
 .ARM.attributes
                0x0000000000000064       0x32 lib_build/xmc4_gpio.o
 .ARM.attributes
                0x0000000000000096       0x32 lib_build/xmc_common.o
 .ARM.attributes
                0x00000000000000c8       0x20 lib_build/startup_XMC4500.o
 .ARM.attributes
                0x00000000000000e8       0x32 lib_build/system_XMC4500.o
 .ARM.attributes
                0x000000000000011a       0x32 lib_build/syscalls.o
 .ARM.attributes
                0x000000000000014c       0x2e /opt/gcc-arm-none-eabi/gcc-arm-none-eabi-10.3-2021.10/bin/../lib/gcc/arm-none-eabi/10.3.1/../../../../arm-none-eabi/lib/thumb/v7e-m/nofp/libm.a(lib_a-w_log10.o)
 .ARM.attributes
                0x000000000000017a       0x2e /opt/gcc-arm-none-eabi/gcc-arm-none-eabi-10.3-2021.10/bin/../lib/gcc/arm-none-eabi/10.3.1/../../../../arm-none-eabi/lib/thumb/v7e-m/nofp/libm.a(lib_a-w_pow.o)
 .ARM.attributes
                0x00000000000001a8       0x2e /opt/gcc-arm-none-eabi/gcc-arm-none-eabi-10.3-2021.10/bin/../lib/gcc/arm-none-eabi/10.3.1/../../../../arm-none-eabi/lib/thumb/v7e-m/nofp/libm.a(lib_a-e_log10.o)
 .ARM.attributes
                0x00000000000001d6       0x2e /opt/gcc-arm-none-eabi/gcc-arm-none-eabi-10.3-2021.10/bin/../lib/gcc/arm-none-eabi/10.3.1/../../../../arm-none-eabi/lib/thumb/v7e-m/nofp/libm.a(lib_a-e_pow.o)
 .ARM.attributes
                0x0000000000000204       0x2e /opt/gcc-arm-none-eabi/gcc-arm-none-eabi-10.3-2021.10/bin/../lib/gcc/arm-none-eabi/10.3.1/../../../../arm-none-eabi/lib/thumb/v7e-m/nofp/libm.a(lib_a-e_sqrt.o)
 .ARM.attributes
                0x0000000000000232       0x2e /opt/gcc-arm-none-eabi/gcc-arm-none-eabi-10.3-2021.10/bin/../lib/gcc/arm-none-eabi/10.3.1/../../../../arm-none-eabi/lib/thumb/v7e-m/nofp/libm.a(lib_a-math_err.o)
 .ARM.attributes
                0x0000000000000260       0x2e /opt/gcc-arm-none-eabi/gcc-arm-none-eabi-10.3-2021.10/bin/../lib/gcc/arm-none-eabi/10.3.1/../../../../arm-none-eabi/lib/thumb/v7e-m/nofp/libm.a(lib_a-s_fabs.o)
 .ARM.attributes
                0x000000000000028e       0x2e /opt/gcc-arm-none-eabi/gcc-arm-none-eabi-10.3-2021.10/bin/../lib/gcc/arm-none-eabi/10.3.1/../../../../arm-none-eabi/lib/thumb/v7e-m/nofp/libm.a(lib_a-s_finite.o)
 .ARM.attributes
                0x00000000000002bc       0x2e /opt/gcc-arm-none-eabi/gcc-arm-none-eabi-10.3-2021.10/bin/../lib/gcc/arm-none-eabi/10.3.1/../../../../arm-none-eabi/lib/thumb/v7e-m/nofp/libm.a(lib_a-s_nan.o)
 .ARM.attributes
                0x00000000000002ea       0x2e /opt/gcc-arm-none-eabi/gcc-arm-none-eabi-10.3-2021.10/bin/../lib/gcc/arm-none-eabi/10.3.1/../../../../arm-none-eabi/lib/thumb/v7e-m/nofp/libm.a(lib_a-s_scalbn.o)
 .ARM.attributes
                0x0000000000000318       0x2e /opt/gcc-arm-none-eabi/gcc-arm-none-eabi-10.3-2021.10/bin/../lib/gcc/arm-none-eabi/10.3.1/../../../../arm-none-eabi/lib/thumb/v7e-m/nofp/libm.a(lib_a-e_log.o)
 .ARM.attributes
                0x0000000000000346       0x1e /opt/gcc-arm-none-eabi/gcc-arm-none-eabi-10.3-2021.10/bin/../lib/gcc/arm-none-eabi/10.3.1/thumb/v7e-m/nofp/libgcc.a(_arm_muldf3.o)
 .ARM.attributes
                0x0000000000000364       0x1e /opt/gcc-arm-none-eabi/gcc-arm-none-eabi-10.3-2021.10/bin/../lib/gcc/arm-none-eabi/10.3.1/thumb/v7e-m/nofp/libgcc.a(_arm_addsubdf3.o)
 .ARM.attributes
                0x0000000000000382       0x1e /opt/gcc-arm-none-eabi/gcc-arm-none-eabi-10.3-2021.10/bin/../lib/gcc/arm-none-eabi/10.3.1/thumb/v7e-m/nofp/libgcc.a(_arm_muldivdf3.o)
 .ARM.attributes
                0x00000000000003a0       0x1e /opt/gcc-arm-none-eabi/gcc-arm-none-eabi-10.3-2021.10/bin/../lib/gcc/arm-none-eabi/10.3.1/thumb/v7e-m/nofp/libgcc.a(_arm_cmpdf2.o)
 .ARM.attributes
                0x00000000000003be       0x1e /opt/gcc-arm-none-eabi/gcc-arm-none-eabi-10.3-2021.10/bin/../lib/gcc/arm-none-eabi/10.3.1/thumb/v7e-m/nofp/libgcc.a(_arm_unorddf2.o)
 .ARM.attributes
                0x00000000000003dc       0x1e /opt/gcc-arm-none-eabi/gcc-arm-none-eabi-10.3-2021.10/bin/../lib/gcc/arm-none-eabi/10.3.1/thumb/v7e-m/nofp/libgcc.a(_arm_fixdfsi.o)
 .ARM.attributes
                0x00000000000003fa       0x1e /opt/gcc-arm-none-eabi/gcc-arm-none-eabi-10.3-2021.10/bin/../lib/gcc/arm-none-eabi/10.3.1/thumb/v7e-m/nofp/libgcc.a(_arm_fixunsdfsi.o)
 .ARM.attributes
                0x0000000000000418       0x2e /opt/gcc-arm-none-eabi/gcc-arm-none-eabi-10.3-2021.10/bin/../lib/gcc/arm-none-eabi/10.3.1/../../../../arm-none-eabi/lib/thumb/v7e-m/nofp/libg.a(lib_a-errno.o)
 .ARM.attributes
                0x0000000000000446       0x2e /opt/gcc-arm-none-eabi/gcc-arm-none-eabi-10.3-2021.10/bin/../lib/gcc/arm-none-eabi/10.3.1/../../../../arm-none-eabi/lib/thumb/v7e-m/nofp/libg.a(lib_a-impure.o)
 .ARM.attributes
                0x0000000000000474       0x2e /opt/gcc-arm-none-eabi/gcc-arm-none-eabi-10.3-2021.10/bin/../lib/gcc/arm-none-eabi/10.3.1/../../../../arm-none-eabi/lib/thumb/v7e-m/nofp/libg.a(lib_a-init.o)
OUTPUT(build/main.elf elf32-littlearm)
LOAD linker stubs

.debug_macro    0x0000000000000000    0x18d8f
 .debug_macro   0x0000000000000000      0x1fd build/partB.o
 .debug_macro   0x00000000000001fd      0xa6c build/partB.o
 .debug_macro   0x0000000000000c69      0x16d build/partB.o
 .debug_macro   0x0000000000000dd6       0x22 build/partB.o
 .debug_macro   0x0000000000000df8       0x8e build/partB.o
 .debug_macro   0x0000000000000e86       0x51 build/partB.o
 .debug_macro   0x0000000000000ed7      0x103 build/partB.o
 .debug_macro   0x0000000000000fda       0x6a build/partB.o
 .debug_macro   0x0000000000001044      0x1df build/partB.o
 .debug_macro   0x0000000000001223       0x22 build/partB.o
 .debug_macro   0x0000000000001245       0x64 build/partB.o
 .debug_macro   0x00000000000012a9       0x1e build/partB.o
 .debug_macro   0x00000000000012c7       0x35 build/partB.o
 .debug_macro   0x00000000000012fc       0x34 build/partB.o
 .debug_macro   0x0000000000001330       0x16 build/partB.o
 .debug_macro   0x0000000000001346       0x43 build/partB.o
 .debug_macro   0x0000000000001389       0x34 build/partB.o
 .debug_macro   0x00000000000013bd       0x10 build/partB.o
 .debug_macro   0x00000000000013cd       0x58 build/partB.o
 .debug_macro   0x0000000000001425      0x182 build/partB.o
 .debug_macro   0x00000000000015a7      0x35d build/partB.o
 .debug_macro   0x0000000000001904       0x10 build/partB.o
 .debug_macro   0x0000000000001914       0x35 build/partB.o
 .debug_macro   0x0000000000001949      0x167 build/partB.o
 .debug_macro   0x0000000000001ab0       0x2d build/partB.o
 .debug_macro   0x0000000000001add       0x28 build/partB.o
 .debug_macro   0x0000000000001b05       0xaf build/partB.o
 .debug_macro   0x0000000000001bb4      0xfe7 build/partB.o
 .debug_macro   0x0000000000002b9b       0x16 build/partB.o
 .debug_macro   0x0000000000002bb1    0x1474b build/partB.o
 .debug_macro   0x00000000000172fc       0x12 build/partB.o
 .debug_macro   0x000000000001730e       0x4c build/partB.o
 .debug_macro   0x000000000001735a       0x22 build/partB.o
 .debug_macro   0x000000000001737c      0x861 build/partB.o
 .debug_macro   0x0000000000017bdd       0xa5 build/partB.o
 .debug_macro   0x0000000000017c82      0x19b build/partB.o
 .debug_macro   0x0000000000017e1d      0x1b6 lib_build/xmc_gpio.o
 .debug_macro   0x0000000000017fd3      0x1c2 lib_build/xmc4_gpio.o
 .debug_macro   0x0000000000018195      0x188 lib_build/xmc_common.o
 .debug_macro   0x000000000001831d      0x301 lib_build/system_XMC4500.o
 .debug_macro   0x000000000001861e       0x5e lib_build/system_XMC4500.o
 .debug_macro   0x000000000001867c       0x94 lib_build/system_XMC4500.o
 .debug_macro   0x0000000000018710       0x57 lib_build/system_XMC4500.o
 .debug_macro   0x0000000000018767       0x22 lib_build/system_XMC4500.o
 .debug_macro   0x0000000000018789      0x18b lib_build/syscalls.o
 .debug_macro   0x0000000000018914       0x10 lib_build/syscalls.o
 .debug_macro   0x0000000000018924      0x23b lib_build/syscalls.o
 .debug_macro   0x0000000000018b5f       0x10 lib_build/syscalls.o
 .debug_macro   0x0000000000018b6f       0x1c lib_build/syscalls.o
 .debug_macro   0x0000000000018b8b       0x52 lib_build/syscalls.o
 .debug_macro   0x0000000000018bdd       0x22 lib_build/syscalls.o
 .debug_macro   0x0000000000018bff       0x10 lib_build/syscalls.o
 .debug_macro   0x0000000000018c0f       0x52 lib_build/syscalls.o
 .debug_macro   0x0000000000018c61       0xd5 lib_build/syscalls.o
 .debug_macro   0x0000000000018d36       0x1c lib_build/syscalls.o
 .debug_macro   0x0000000000018d52       0x3d lib_build/syscalls.o
