Archive member included to satisfy reference by file (symbol)

/nas/ei/share/tools/gcc/gcc-arm/gcc-arm-none-eabi-10.3-2021.10/bin/../lib/gcc/arm-none-eabi/10.3.1/../../../../arm-none-eabi/lib/thumb/v7e-m/nofp/libg.a(lib_a-errno.o)
                              lib_build/syscalls.o (__errno)
/nas/ei/share/tools/gcc/gcc-arm/gcc-arm-none-eabi-10.3-2021.10/bin/../lib/gcc/arm-none-eabi/10.3.1/../../../../arm-none-eabi/lib/thumb/v7e-m/nofp/libg.a(lib_a-impure.o)
                              /nas/ei/share/tools/gcc/gcc-arm/gcc-arm-none-eabi-10.3-2021.10/bin/../lib/gcc/arm-none-eabi/10.3.1/../../../../arm-none-eabi/lib/thumb/v7e-m/nofp/libg.a(lib_a-errno.o) (_impure_ptr)
/nas/ei/share/tools/gcc/gcc-arm/gcc-arm-none-eabi-10.3-2021.10/bin/../lib/gcc/arm-none-eabi/10.3.1/../../../../arm-none-eabi/lib/thumb/v7e-m/nofp/libg.a(lib_a-init.o)
                              lib_build/startup_XMC4500.o (__libc_init_array)
/nas/ei/share/tools/gcc/gcc-arm/gcc-arm-none-eabi-10.3-2021.10/bin/../lib/gcc/arm-none-eabi/10.3.1/../../../../arm-none-eabi/lib/thumb/v7e-m/nofp/libg.a(lib_a-memcmp.o)
                              lib_build/HIDClassDevice.o (memcmp)
/nas/ei/share/tools/gcc/gcc-arm/gcc-arm-none-eabi-10.3-2021.10/bin/../lib/gcc/arm-none-eabi/10.3.1/../../../../arm-none-eabi/lib/thumb/v7e-m/nofp/libg.a(lib_a-memcpy.o)
                              lib_build/xmc_usbd.o (memcpy)
/nas/ei/share/tools/gcc/gcc-arm/gcc-arm-none-eabi-10.3-2021.10/bin/../lib/gcc/arm-none-eabi/10.3.1/../../../../arm-none-eabi/lib/thumb/v7e-m/nofp/libg.a(lib_a-memset.o)
                              lib_build/HIDClassDevice.o (memset)

Discarded input sections

 .group         0x0000000000000000        0xc build/main.o
 .group         0x0000000000000000        0xc build/main.o
 .group         0x0000000000000000        0xc build/main.o
 .group         0x0000000000000000        0xc build/main.o
 .group         0x0000000000000000        0xc build/main.o
 .group         0x0000000000000000        0xc build/main.o
 .group         0x0000000000000000        0xc build/main.o
 .group         0x0000000000000000        0xc build/main.o
 .group         0x0000000000000000        0xc build/main.o
 .group         0x0000000000000000        0xc build/main.o
 .group         0x0000000000000000        0xc build/main.o
 .group         0x0000000000000000        0xc build/main.o
 .group         0x0000000000000000        0xc build/main.o
 .group         0x0000000000000000        0xc build/main.o
 .group         0x0000000000000000        0xc build/main.o
 .group         0x0000000000000000        0xc build/main.o
 .group         0x0000000000000000        0xc build/main.o
 .group         0x0000000000000000        0xc build/main.o
 .group         0x0000000000000000        0xc build/main.o
 .group         0x0000000000000000        0xc build/main.o
 .group         0x0000000000000000        0xc build/main.o
 .group         0x0000000000000000        0xc build/main.o
 .group         0x0000000000000000        0xc build/main.o
 .group         0x0000000000000000        0xc build/main.o
 .group         0x0000000000000000        0xc build/main.o
 .group         0x0000000000000000        0xc build/main.o
 .group         0x0000000000000000        0xc build/main.o
 .group         0x0000000000000000        0xc build/main.o
 .group         0x0000000000000000        0xc build/main.o
 .group         0x0000000000000000        0xc build/main.o
 .group         0x0000000000000000        0xc build/main.o
 .group         0x0000000000000000        0xc build/main.o
 .group         0x0000000000000000        0xc build/main.o
 .group         0x0000000000000000        0xc build/main.o
 .group         0x0000000000000000        0xc build/main.o
 .group         0x0000000000000000        0xc build/main.o
 .group         0x0000000000000000        0xc build/main.o
 .group         0x0000000000000000        0xc build/main.o
 .group         0x0000000000000000        0xc build/main.o
 .group         0x0000000000000000        0xc build/main.o
 .group         0x0000000000000000        0xc build/main.o
 .group         0x0000000000000000        0xc build/main.o
 .group         0x0000000000000000        0xc build/main.o
 .group         0x0000000000000000        0xc build/main.o
 .group         0x0000000000000000        0xc build/main.o
 .group         0x0000000000000000        0xc build/main.o
 .group         0x0000000000000000        0xc build/main.o
 .group         0x0000000000000000        0xc build/main.o
 .group         0x0000000000000000        0xc build/main.o
 .group         0x0000000000000000        0xc build/main.o
 .group         0x0000000000000000        0xc build/main.o
 .group         0x0000000000000000        0xc build/main.o
 .group         0x0000000000000000        0xc build/main.o
 .group         0x0000000000000000        0xc build/main.o
 .group         0x0000000000000000        0xc build/main.o
 .group         0x0000000000000000        0xc build/main.o
[...]
Memory Configuration

Name             Origin             Length             Attributes
FLASH_1_cached   0x0000000008000000 0x0000000000100000 xr
FLASH_1_uncached 0x000000000c000000 0x0000000000100000 xr
PSRAM_1          0x0000000010000000 0x0000000000010000 !xr
DSRAM_1_system   0x0000000020000000 0x0000000000010000 !xr
DSRAM_2_comm     0x0000000030000000 0x0000000000008000 !xr
*default*        0x0000000000000000 0xffffffffffffffff

Linker script and memory map

LOAD build/main.o
LOAD build/KeyboardHID.o
LOAD build/Descriptors.o
LOAD lib_build/xmc4_scu.o
LOAD lib_build/xmc_gpio.o
LOAD lib_build/HIDClassDevice.o
LOAD lib_build/memcpy.o
LOAD lib_build/Endpoint_XMC4000.o
LOAD lib_build/EndpointStream_XMC4000.o
LOAD lib_build/USBController_XMC4000.o
LOAD lib_build/xmc_usbd.o
LOAD lib_build/ConfigDescriptors.o
LOAD lib_build/HostStandardReq.o
LOAD lib_build/USBTask.o
LOAD lib_build/Events.o
LOAD lib_build/startup_XMC4500.o
LOAD lib_build/system_XMC4500.o
LOAD lib_build/syscalls.o
START GROUP
LOAD /nas/ei/share/tools/gcc/gcc-arm/gcc-arm-none-eabi-10.3-2021.10/bin/../lib/gcc/arm-none-eabi/10.3.1/thumb/v7e-m/nofp/libgcc.a
LOAD /nas/ei/share/tools/gcc/gcc-arm/gcc-arm-none-eabi-10.3-2021.10/bin/../lib/gcc/arm-none-eabi/10.3.1/../../../../arm-none-eabi/lib/thumb/v7e-m/nofp/libg.a
LOAD /nas/ei/share/tools/gcc/gcc-arm/gcc-arm-none-eabi-10.3-2021.10/bin/../lib/gcc/arm-none-eabi/10.3.1/../../../../arm-none-eabi/lib/thumb/v7e-m/nofp/libc.a
END GROUP
START GROUP
LOAD /nas/ei/share/tools/gcc/gcc-arm/gcc-arm-none-eabi-10.3-2021.10/bin/../lib/gcc/arm-none-eabi/10.3.1/thumb/v7e-m/nofp/libgcc.a
LOAD /nas/ei/share/tools/gcc/gcc-arm/gcc-arm-none-eabi-10.3-2021.10/bin/../lib/gcc/arm-none-eabi/10.3.1/../../../../arm-none-eabi/lib/thumb/v7e-m/nofp/libc.a
LOAD /nas/ei/share/tools/gcc/gcc-arm/gcc-arm-none-eabi-10.3-2021.10/bin/../lib/gcc/arm-none-eabi/10.3.1/../../../../arm-none-eabi/lib/thumb/v7e-m/nofp/libnosys.a
END GROUP
                0x0000000000000800                stack_size = DEFINED (stack_size)?stack_size:0x800
                0x0000000000000040                no_init_size = 0x40

.text           0x0000000008000000     0x68d8 load address 0x000000000c000000
                0x0000000008000000                sText = .
 *(.reset)
 .reset         0x0000000008000000      0x2b2 lib_build/startup_XMC4500.o
                0x0000000008000000                __Vectors
                0x0000000008000200                Reset_Handler
                0x00000000080002b0                VADC0_C0_3_IRQHandler
                0x00000000080002b0                DSD0_7_IRQHandler
                0x00000000080002b0                DebugMon_Handler
                0x00000000080002b0                VADC0_C0_0_IRQHandler
                0x00000000080002b0                CAN0_4_IRQHandler
                0x00000000080002b0                VADC0_G2_0_IRQHandler
                0x00000000080002b0                USIC0_5_IRQHandler
                0x00000000080002b0                POSIF0_0_IRQHandler
                0x00000000080002b0                POSIF1_0_IRQHandler
                0x00000000080002b0                HardFault_Handler
                0x00000000080002b0                VADC0_G1_1_IRQHandler
                0x00000000080002b0                PendSV_Handler
                0x00000000080002b0                NMI_Handler
                0x00000000080002b0                USIC1_3_IRQHandler
                0x00000000080002b0                CCU40_2_IRQHandler
                0x00000000080002b0                SCU_0_IRQHandler
                0x00000000080002b0                ERU0_0_IRQHandler
                0x00000000080002b0                CCU41_0_IRQHandler
                0x00000000080002b0                USIC1_5_IRQHandler
                0x00000000080002b0                DSD0_4_IRQHandler
                0x00000000080002b0                CCU80_1_IRQHandler
                0x00000000080002b0                CCU81_0_IRQHandler
                0x00000000080002b0                UsageFault_Handler
                0x00000000080002b0                USIC0_0_IRQHandler
                0x00000000080002b0                POSIF1_1_IRQHandler
                0x00000000080002b0                ERU0_2_IRQHandler
                0x00000000080002b0                CCU81_1_IRQHandler
                0x00000000080002b0                ERU1_1_IRQHandler
                0x00000000080002b0                VADC0_G2_3_IRQHandler
                0x00000000080002b0                VADC0_G2_2_IRQHandler
                0x00000000080002b0                CCU42_3_IRQHandler
                0x00000000080002b0                ERU0_3_IRQHandler
                0x00000000080002b0                DSD0_5_IRQHandler
                0x00000000080002b0                CAN0_6_IRQHandler
                0x00000000080002b0                CCU43_0_IRQHandler
                0x00000000080002b0                VADC0_G0_1_IRQHandler
                0x00000000080002b0                CCU81_2_IRQHandler
                0x00000000080002b0                USIC2_4_IRQHandler
                0x00000000080002b0                CCU81_3_IRQHandler
                0x00000000080002b0                CCU42_1_IRQHandler
                0x00000000080002b0                USIC1_1_IRQHandler
                0x00000000080002b0                USIC2_5_IRQHandler
                0x00000000080002b0                CCU40_0_IRQHandler
                0x00000000080002b0                CAN0_0_IRQHandler
                0x00000000080002b0                ERU1_0_IRQHandler
                0x00000000080002b0                CCU42_2_IRQHandler
                0x00000000080002b0                Default_Handler
                0x00000000080002b0                USIC1_4_IRQHandler
                0x00000000080002b0                ERU1_3_IRQHandler
                0x00000000080002b0                USIC1_0_IRQHandler
                0x00000000080002b0                POSIF0_1_IRQHandler
                0x00000000080002b0                VADC0_G0_0_IRQHandler
                0x00000000080002b0                DSD0_2_IRQHandler
                0x00000000080002b0                CCU80_3_IRQHandler
                0x00000000080002b0                CCU41_3_IRQHandler
                0x00000000080002b0                CCU80_2_IRQHandler
                0x00000000080002b0                VADC0_G1_3_IRQHandler
                0x00000000080002b0                VADC0_G0_3_IRQHandler
                0x00000000080002b0                GPDMA0_0_IRQHandler
                0x00000000080002b0                PMU0_0_IRQHandler
                0x00000000080002b0                CAN0_7_IRQHandler
                0x00000000080002b0                DSD0_1_IRQHandler
                0x00000000080002b0                CCU41_2_IRQHandler
                0x00000000080002b0                VADC0_C0_1_IRQHandler
                0x00000000080002b0                CCU43_2_IRQHandler
                0x00000000080002b0                USIC2_2_IRQHandler
                0x00000000080002b0                MemManage_Handler
                0x00000000080002b0                VADC0_G3_1_IRQHandler
                0x00000000080002b0                DAC0_0_IRQHandler
                0x00000000080002b0                SVC_Handler
                0x00000000080002b0                VADC0_G3_3_IRQHandler
                0x00000000080002b0                ERU1_2_IRQHandler
                0x00000000080002b0                CCU41_1_IRQHandler
                0x00000000080002b0                DSD0_6_IRQHandler
                0x00000000080002b0                CCU43_1_IRQHandler
                0x00000000080002b0                VADC0_G1_2_IRQHandler
                0x00000000080002b0                USIC2_3_IRQHandler
                0x00000000080002b0                CAN0_2_IRQHandler
                0x00000000080002b0                USIC2_0_IRQHandler
                0x00000000080002b0                VADC0_G0_2_IRQHandler
                0x00000000080002b0                VADC0_G2_1_IRQHandler
                0x00000000080002b0                CAN0_3_IRQHandler
                0x00000000080002b0                ETH0_0_IRQHandler
                0x00000000080002b0                USIC0_3_IRQHandler
                0x00000000080002b0                DSD0_0_IRQHandler
                0x00000000080002b0                VADC0_C0_2_IRQHandler
                0x00000000080002b0                CCU42_0_IRQHandler
                0x00000000080002b0                FCE0_0_IRQHandler
                0x00000000080002b0                VADC0_G1_0_IRQHandler
                0x00000000080002b0                CAN0_5_IRQHandler
                0x00000000080002b0                CCU80_0_IRQHandler
                0x00000000080002b0                CCU40_1_IRQHandler
                0x00000000080002b0                USIC2_1_IRQHandler
                0x00000000080002b0                USIC0_1_IRQHandler
                0x00000000080002b0                VADC0_G3_2_IRQHandler
                0x00000000080002b0                CCU40_3_IRQHandler
                0x00000000080002b0                BusFault_Handler
                0x00000000080002b0                LEDTS0_0_IRQHandler
                0x00000000080002b0                USIC0_4_IRQHandler
                0x00000000080002b0                CCU43_3_IRQHandler
                0x00000000080002b0                ERU0_1_IRQHandler
                0x00000000080002b0                VADC0_G3_0_IRQHandler
                0x00000000080002b0                USIC1_2_IRQHandler
                0x00000000080002b0                DSD0_3_IRQHandler
                0x00000000080002b0                SDMMC0_0_IRQHandler
                0x00000000080002b0                CAN0_1_IRQHandler
                0x00000000080002b0                USIC0_2_IRQHandler
                0x00000000080002b0                DAC0_1_IRQHandler
                0x00000000080002b0                GPDMA1_0_IRQHandler
 *(.text .text.* .gnu.linkonce.t.*)
 .text          0x00000000080002b2        0x0 build/main.o
 *fill*         0x00000000080002b2        0x2 
 .text.__NVIC_SetPriority
                0x00000000080002b4       0x54 build/main.o
 .text.SysTick_Config
                0x0000000008000308       0x44 build/main.o
 .text.XMC_GPIO_SetOutputHigh
                0x000000000800034c       0x22 build/main.o
 .text.XMC_GPIO_SetOutputLow
                0x000000000800036e       0x24 build/main.o
 *fill*         0x0000000008000392        0x2 
 .text.main     0x0000000008000394       0x7c build/main.o
                0x0000000008000394                main
 .text.CALLBACK_HID_Device_CreateHIDReport
                0x0000000008000410      0x234 build/main.o
                0x0000000008000410                CALLBACK_HID_Device_CreateHIDReport
 .text.CALLBACK_HID_Device_ProcessHIDReport
                0x0000000008000644       0xb4 build/main.o
                0x0000000008000644                CALLBACK_HID_Device_ProcessHIDReport
 .text.SystemCoreClockSetup
                0x00000000080006f8       0x34 build/main.o
                0x00000000080006f8                SystemCoreClockSetup
 .text.SysTick_Handler
                0x000000000800072c       0x1c build/main.o
                0x000000000800072c                SysTick_Handler
 .text.what_modifier
                0x0000000008000748       0x36 build/main.o
                0x0000000008000748                what_modifier
 .text          0x000000000800077e        0x0 build/KeyboardHID.o
 *fill*         0x000000000800077e        0x2 
 .text.__NVIC_GetPriorityGrouping
                0x0000000008000780       0x1c build/KeyboardHID.o
 .text.__NVIC_EnableIRQ
                0x000000000800079c       0x3c build/KeyboardHID.o
 .text.__NVIC_ClearPendingIRQ
                0x00000000080007d8       0x3c build/KeyboardHID.o
 .text.__NVIC_SetPriority
                0x0000000008000814       0x54 build/KeyboardHID.o
 .text.NVIC_EncodePriority
                0x0000000008000868       0x66 build/KeyboardHID.o
 *fill*         0x00000000080008ce        0x2 
 .text.USB0_0_IRQHandler
                0x00000000080008d0       0x14 build/KeyboardHID.o
                0x00000000080008d0                USB0_0_IRQHandler
 .text.USB_Init
                0x00000000080008e4       0x48 build/KeyboardHID.o
                0x00000000080008e4                USB_Init
 .text.EVENT_USB_Device_
                0x000000000800092c        0xe build/KeyboardHID.o
                0x000000000800092c                EVENT_USB_Device_
 .text.EVENT_USB_Device_Connect
                0x000000000800093a        0xe build/KeyboardHID.o
                0x000000000800093a                EVENT_USB_Device_Connect
 .text.EVENT_USB_Device_Reset
                0x0000000008000948       0x30 build/KeyboardHID.o
                0x0000000008000948                EVENT_USB_Device_Reset
 .text.EVENT_USB_Device_ConfigurationChanged
                0x0000000008000978       0x50 build/KeyboardHID.o
                0x0000000008000978                EVENT_USB_Device_ConfigurationChanged
 .text.EVENT_USB_Device_ControlRequest
                0x00000000080009c8       0x14 build/KeyboardHID.o
                0x00000000080009c8                EVENT_USB_Device_ControlRequest
 .text.CALLBACK_HIDParser_FilterHIDReportItem
                0x00000000080009dc       0x16 build/KeyboardHID.o
                0x00000000080009dc                CALLBACK_HIDParser_FilterHIDReportItem
 .text          0x00000000080009f2        0x0 build/Descriptors.o
 *fill*         0x00000000080009f2        0x2 
 .text.CALLBACK_USB_GetDescriptor
                0x00000000080009f4      0x14c build/Descriptors.o
                0x00000000080009f4                CALLBACK_USB_GetDescriptor
 .text          0x0000000008000b40        0x0 lib_build/xmc4_scu.o
 .text.XMC_SCU_CLOCK_GetUsbClockSource
                0x0000000008000b40       0x1c lib_build/xmc4_scu.o
 .text.XMC_SCU_CLOCK_GetWdtClockSource
                0x0000000008000b5c       0x1c lib_build/xmc4_scu.o
 .text.XMC_SCU_CLOCK_GetExternalOutputClockSource
                0x0000000008000b78       0x20 lib_build/xmc4_scu.o
 .text.XMC_SCU_CLOCK_GetSystemClockFrequency
                0x0000000008000b98       0x28 lib_build/xmc4_scu.o
 .text.XMC_SCU_CLOCK_GetCpuClockFrequency
                0x0000000008000bc0       0x18 lib_build/xmc4_scu.o
 .text.XMC_SCU_GetMirrorStatus
                0x0000000008000bd8       0x18 lib_build/xmc4_scu.o
 .text.XMC_SCU_lDelay
                0x0000000008000bf0       0x48 lib_build/xmc4_scu.o
 .text.XMC_SCU_INTERRUPT_EnableEvent
                0x0000000008000c38       0x24 lib_build/xmc4_scu.o
                0x0000000008000c38                XMC_SCU_INTERRUPT_EnableEvent
 .text.XMC_SCU_INTERRUPT_DisableEvent
                0x0000000008000c5c       0x28 lib_build/xmc4_scu.o
                0x0000000008000c5c                XMC_SCU_INTERRUPT_DisableEvent
 .text.XMC_SCU_INTERRUPT_TriggerEvent
                0x0000000008000c84       0x24 lib_build/xmc4_scu.o
                0x0000000008000c84                XMC_SCU_INTERRUPT_TriggerEvent
 .text.XMC_SCU_INTERUPT_GetEventStatus
                0x0000000008000ca8       0x18 lib_build/xmc4_scu.o
                0x0000000008000ca8                XMC_SCU_INTERUPT_GetEventStatus
 .text.XMC_SCU_INTERRUPT_ClearEventStatus
                0x0000000008000cc0       0x20 lib_build/xmc4_scu.o
                0x0000000008000cc0                XMC_SCU_INTERRUPT_ClearEventStatus
 .text.XMC_SCU_GetBootMode
                0x0000000008000ce0       0x1c lib_build/xmc4_scu.o
                0x0000000008000ce0                XMC_SCU_GetBootMode
 .text.XMC_SCU_SetBootMode
                0x0000000008000cfc       0x20 lib_build/xmc4_scu.o
                0x0000000008000cfc                XMC_SCU_SetBootMode
 .text.XMC_SCU_ReadGPR
                0x0000000008000d1c       0x24 lib_build/xmc4_scu.o
                0x0000000008000d1c                XMC_SCU_ReadGPR
 .text.XMC_SCU_WriteGPR
                0x0000000008000d40       0x28 lib_build/xmc4_scu.o
                0x0000000008000d40                XMC_SCU_WriteGPR
 .text.XMC_SCU_EnableOutOfRangeComparator
                0x0000000008000d68       0x38 lib_build/xmc4_scu.o
                0x0000000008000d68                XMC_SCU_EnableOutOfRangeComparator
 .text.XMC_SCU_DisableOutOfRangeComparator
                0x0000000008000da0       0x3c lib_build/xmc4_scu.o
                0x0000000008000da0                XMC_SCU_DisableOutOfRangeComparator
 .text.XMC_SCU_CalibrateTemperatureSensor
                0x0000000008000ddc       0x30 lib_build/xmc4_scu.o
                0x0000000008000ddc                XMC_SCU_CalibrateTemperatureSensor
 .text.XMC_SCU_EnableTemperatureSensor
                0x0000000008000e0c       0x24 lib_build/xmc4_scu.o
                0x0000000008000e0c                XMC_SCU_EnableTemperatureSensor
 .text.XMC_SCU_DisableTemperatureSensor
                0x0000000008000e30       0x24 lib_build/xmc4_scu.o
                0x0000000008000e30                XMC_SCU_DisableTemperatureSensor
 .text.XMC_SCU_IsTemperatureSensorEnabled
                0x0000000008000e54       0x28 lib_build/xmc4_scu.o
                0x0000000008000e54                XMC_SCU_IsTemperatureSensorEnabled
 .text.XMC_SCU_IsTemperatureSensorReady
                0x0000000008000e7c       0x28 lib_build/xmc4_scu.o
                0x0000000008000e7c                XMC_SCU_IsTemperatureSensorReady
 .text.XMC_SCU_StartTemperatureMeasurement
                0x0000000008000ea4       0x4c lib_build/xmc4_scu.o
                0x0000000008000ea4                XMC_SCU_StartTemperatureMeasurement
 .text.XMC_SCU_GetTemperatureMeasurement
                0x0000000008000ef0       0x38 lib_build/xmc4_scu.o
                0x0000000008000ef0                XMC_SCU_GetTemperatureMeasurement
 .text.XMC_SCU_IsTemperatureSensorBusy
                0x0000000008000f28       0x28 lib_build/xmc4_scu.o
                0x0000000008000f28                XMC_SCU_IsTemperatureSensorBusy
 .text.XMC_SCU_WriteToRetentionMemory
                0x0000000008000f50       0x50 lib_build/xmc4_scu.o
                0x0000000008000f50                XMC_SCU_WriteToRetentionMemory
 .text.XMC_SCU_ReadFromRetentionMemory
                0x0000000008000fa0       0x48 lib_build/xmc4_scu.o
                0x0000000008000fa0                XMC_SCU_ReadFromRetentionMemory
 .text.XMC_SCU_CLOCK_Init
                0x0000000008000fe8       0xe6 lib_build/xmc4_scu.o
                0x0000000008000fe8                XMC_SCU_CLOCK_Init
 *fill*         0x00000000080010ce        0x2 
 .text.XMC_SCU_TRAP_Enable
                0x00000000080010d0       0x28 lib_build/xmc4_scu.o
                0x00000000080010d0                XMC_SCU_TRAP_Enable
 .text.XMC_SCU_TRAP_Disable
                0x00000000080010f8       0x24 lib_build/xmc4_scu.o
                0x00000000080010f8                XMC_SCU_TRAP_Disable
 .text.XMC_SCU_TRAP_GetStatus
                0x000000000800111c       0x18 lib_build/xmc4_scu.o
                0x000000000800111c                XMC_SCU_TRAP_GetStatus
 .text.XMC_SCU_TRAP_Trigger
                0x0000000008001134       0x20 lib_build/xmc4_scu.o
                0x0000000008001134                XMC_SCU_TRAP_Trigger
 .text.XMC_SCU_TRAP_ClearStatus
                0x0000000008001154       0x20 lib_build/xmc4_scu.o
                0x0000000008001154                XMC_SCU_TRAP_ClearStatus
 .text.XMC_SCU_PARITY_ClearStatus
                0x0000000008001174       0x24 lib_build/xmc4_scu.o
                0x0000000008001174                XMC_SCU_PARITY_ClearStatus
 .text.XMC_SCU_PARITY_GetStatus
                0x0000000008001198       0x18 lib_build/xmc4_scu.o
                0x0000000008001198                XMC_SCU_PARITY_GetStatus
 .text.XMC_SCU_PARITY_Enable
                0x00000000080011b0       0x24 lib_build/xmc4_scu.o
                0x00000000080011b0                XMC_SCU_PARITY_Enable
 .text.XMC_SCU_PARITY_Disable
                0x00000000080011d4       0x28 lib_build/xmc4_scu.o
                0x00000000080011d4                XMC_SCU_PARITY_Disable
 .text.XMC_SCU_PARITY_EnableTrapGeneration
                0x00000000080011fc       0x24 lib_build/xmc4_scu.o
                0x00000000080011fc                XMC_SCU_PARITY_EnableTrapGeneration
 .text.XMC_SCU_PARITY_DisableTrapGeneration
                0x0000000008001220       0x28 lib_build/xmc4_scu.o
                0x0000000008001220                XMC_SCU_PARITY_DisableTrapGeneration
 .text.XMC_SCU_INTERRUPT_EnableNmiRequest
                0x0000000008001248       0x24 lib_build/xmc4_scu.o
                0x0000000008001248                XMC_SCU_INTERRUPT_EnableNmiRequest
 .text.XMC_SCU_INTERRUPT_DisableNmiRequest
                0x000000000800126c       0x28 lib_build/xmc4_scu.o
                0x000000000800126c                XMC_SCU_INTERRUPT_DisableNmiRequest
 .text.XMC_SCU_RESET_AssertPeripheralReset
                0x0000000008001294       0x3c lib_build/xmc4_scu.o
                0x0000000008001294                XMC_SCU_RESET_AssertPeripheralReset
 .text.XMC_SCU_RESET_DeassertPeripheralReset
                0x00000000080012d0       0x3c lib_build/xmc4_scu.o
                0x00000000080012d0                XMC_SCU_RESET_DeassertPeripheralReset
 .text.XMC_SCU_RESET_IsPeripheralResetAsserted
                0x000000000800130c       0x48 lib_build/xmc4_scu.o
                0x000000000800130c                XMC_SCU_RESET_IsPeripheralResetAsserted
 .text.XMC_SCU_CLOCK_GetSystemPllClockFrequency
                0x0000000008001354       0x7c lib_build/xmc4_scu.o
                0x0000000008001354                XMC_SCU_CLOCK_GetSystemPllClockFrequency
 .text.XMC_SCU_CLOCK_GetSystemPllClockSourceFrequency
                0x00000000080013d0       0x30 lib_build/xmc4_scu.o
                0x00000000080013d0                XMC_SCU_CLOCK_GetSystemPllClockSourceFrequency
 .text.XMC_SCU_CLOCK_GetUsbPllClockFrequency
                0x0000000008001400       0x54 lib_build/xmc4_scu.o
                0x0000000008001400                XMC_SCU_CLOCK_GetUsbPllClockFrequency
 .text.XMC_SCU_CLOCK_GetCcuClockFrequency
                0x0000000008001454       0x2c lib_build/xmc4_scu.o
                0x0000000008001454                XMC_SCU_CLOCK_GetCcuClockFrequency
 .text.XMC_SCU_CLOCK_GetUsbClockFrequency
                0x0000000008001480       0x48 lib_build/xmc4_scu.o
                0x0000000008001480                XMC_SCU_CLOCK_GetUsbClockFrequency
 .text.XMC_SCU_CLOCK_GetEbuClockFrequency
                0x00000000080014c8       0x28 lib_build/xmc4_scu.o
                0x00000000080014c8                XMC_SCU_CLOCK_GetEbuClockFrequency
 .text.XMC_SCU_CLOCK_GetWdtClockFrequency
                0x00000000080014f0       0x58 lib_build/xmc4_scu.o
                0x00000000080014f0                XMC_SCU_CLOCK_GetWdtClockFrequency
 .text.XMC_SCU_CLOCK_GetExternalOutputClockFrequency
                0x0000000008001548       0x70 lib_build/xmc4_scu.o
                0x0000000008001548                XMC_SCU_CLOCK_GetExternalOutputClockFrequency
 .text.XMC_SCU_CLOCK_GetPeripheralClockFrequency
                0x00000000080015b8       0x20 lib_build/xmc4_scu.o
                0x00000000080015b8                XMC_SCU_CLOCK_GetPeripheralClockFrequency
 .text.XMC_SCU_CLOCK_SetSystemClockSource
                0x00000000080015d8       0x28 lib_build/xmc4_scu.o
                0x00000000080015d8                XMC_SCU_CLOCK_SetSystemClockSource
 .text.XMC_SCU_CLOCK_SetUsbClockSource
                0x0000000008001600       0x28 lib_build/xmc4_scu.o
                0x0000000008001600                XMC_SCU_CLOCK_SetUsbClockSource
 .text.XMC_SCU_CLOCK_SetWdtClockSource
                0x0000000008001628       0x28 lib_build/xmc4_scu.o
                0x0000000008001628                XMC_SCU_CLOCK_SetWdtClockSource
 .text.XMC_SCU_CLOCK_SetExternalOutputClockSource
                0x0000000008001650       0x2c lib_build/xmc4_scu.o
                0x0000000008001650                XMC_SCU_CLOCK_SetExternalOutputClockSource
 .text.XMC_SCU_CLOCK_SetSystemPllClockSource
                0x000000000800167c       0x44 lib_build/xmc4_scu.o
                0x000000000800167c                XMC_SCU_CLOCK_SetSystemPllClockSource
 .text.XMC_SCU_HIB_SetRtcClockSource
                0x00000000080016c0       0x40 lib_build/xmc4_scu.o
                0x00000000080016c0                XMC_SCU_HIB_SetRtcClockSource
 .text.XMC_SCU_HIB_SetStandbyClockSource
                0x0000000008001700       0x40 lib_build/xmc4_scu.o
                0x0000000008001700                XMC_SCU_HIB_SetStandbyClockSource
 .text.XMC_SCU_CLOCK_SetSystemClockDivider
                0x0000000008001740       0x2c lib_build/xmc4_scu.o
                0x0000000008001740                XMC_SCU_CLOCK_SetSystemClockDivider
 .text.XMC_SCU_CLOCK_SetCcuClockDivider
                0x000000000800176c       0x2c lib_build/xmc4_scu.o
                0x000000000800176c                XMC_SCU_CLOCK_SetCcuClockDivider
 .text.XMC_SCU_CLOCK_SetCpuClockDivider
                0x0000000008001798       0x2c lib_build/xmc4_scu.o
                0x0000000008001798                XMC_SCU_CLOCK_SetCpuClockDivider
 .text.XMC_SCU_CLOCK_SetPeripheralClockDivider
                0x00000000080017c4       0x2c lib_build/xmc4_scu.o
                0x00000000080017c4                XMC_SCU_CLOCK_SetPeripheralClockDivider
 .text.XMC_SCU_CLOCK_SetUsbClockDivider
                0x00000000080017f0       0x2c lib_build/xmc4_scu.o
                0x00000000080017f0                XMC_SCU_CLOCK_SetUsbClockDivider
 .text.XMC_SCU_CLOCK_SetEbuClockDivider
                0x000000000800181c       0x2c lib_build/xmc4_scu.o
                0x000000000800181c                XMC_SCU_CLOCK_SetEbuClockDivider
 .text.XMC_SCU_CLOCK_SetWdtClockDivider
                0x0000000008001848       0x2c lib_build/xmc4_scu.o
                0x0000000008001848                XMC_SCU_CLOCK_SetWdtClockDivider
 .text.XMC_SCU_CLOCK_SetExternalOutputClockDivider
                0x0000000008001874       0x30 lib_build/xmc4_scu.o
                0x0000000008001874                XMC_SCU_CLOCK_SetExternalOutputClockDivider
 .text.XMC_SCU_CLOCK_EnableClock
                0x00000000080018a4       0x20 lib_build/xmc4_scu.o
                0x00000000080018a4                XMC_SCU_CLOCK_EnableClock
 .text.XMC_SCU_CLOCK_DisableClock
                0x00000000080018c4       0x20 lib_build/xmc4_scu.o
                0x00000000080018c4                XMC_SCU_CLOCK_DisableClock
 .text.XMC_SCU_CLOCK_IsClockEnabled
                0x00000000080018e4       0x2c lib_build/xmc4_scu.o
                0x00000000080018e4                XMC_SCU_CLOCK_IsClockEnabled
 .text.XMC_SCU_POWER_GetEVR13Voltage
                0x0000000008001910       0x30 lib_build/xmc4_scu.o
                0x0000000008001910                XMC_SCU_POWER_GetEVR13Voltage
 .text.XMC_SCU_POWER_GetEVR33Voltage
                0x0000000008001940       0x34 lib_build/xmc4_scu.o
                0x0000000008001940                XMC_SCU_POWER_GetEVR33Voltage
 .text.XMC_SCU_CLOCK_EnableUsbPll
                0x0000000008001974       0x24 lib_build/xmc4_scu.o
                0x0000000008001974                XMC_SCU_CLOCK_EnableUsbPll
 .text.XMC_SCU_CLOCK_DisableUsbPll
                0x0000000008001998       0x24 lib_build/xmc4_scu.o
                0x0000000008001998                XMC_SCU_CLOCK_DisableUsbPll
 .text.XMC_SCU_CLOCK_StartUsbPll
                0x00000000080019bc       0x78 lib_build/xmc4_scu.o
                0x00000000080019bc                XMC_SCU_CLOCK_StartUsbPll
 .text.XMC_SCU_CLOCK_StopUsbPll
                0x0000000008001a34       0x1c lib_build/xmc4_scu.o
                0x0000000008001a34                XMC_SCU_CLOCK_StopUsbPll
 .text.XMC_SCU_CLOCK_SetBackupClockCalibrationMode
                0x0000000008001a50       0x4c lib_build/xmc4_scu.o
                0x0000000008001a50                XMC_SCU_CLOCK_SetBackupClockCalibrationMode
 .text.XMC_SCU_POWER_EnableUsb
                0x0000000008001a9c       0x1c lib_build/xmc4_scu.o
                0x0000000008001a9c                XMC_SCU_POWER_EnableUsb
 .text.XMC_SCU_POWER_DisableUsb
                0x0000000008001ab8       0x1c lib_build/xmc4_scu.o
                0x0000000008001ab8                XMC_SCU_POWER_DisableUsb
 .text.XMC_SCU_CLOCK_IsUsbPllLocked
                0x0000000008001ad4       0x24 lib_build/xmc4_scu.o
                0x0000000008001ad4                XMC_SCU_CLOCK_IsUsbPllLocked
 .text.XMC_SCU_HIB_EnableHibernateDomain
                0x0000000008001af8       0x58 lib_build/xmc4_scu.o
                0x0000000008001af8                XMC_SCU_HIB_EnableHibernateDomain
 .text.XMC_SCU_HIB_DisableHibernateDomain
                0x0000000008001b50       0x24 lib_build/xmc4_scu.o
                0x0000000008001b50                XMC_SCU_HIB_DisableHibernateDomain
 .text.XMC_SCU_HIB_IsHibernateDomainEnabled
                0x0000000008001b74       0x3c lib_build/xmc4_scu.o
                0x0000000008001b74                XMC_SCU_HIB_IsHibernateDomainEnabled
 .text.XMC_SCU_HIB_EnableInternalSlowClock
                0x0000000008001bb0       0x34 lib_build/xmc4_scu.o
                0x0000000008001bb0                XMC_SCU_HIB_EnableInternalSlowClock
 .text.XMC_SCU_HIB_DisableInternalSlowClock
                0x0000000008001be4       0x34 lib_build/xmc4_scu.o
                0x0000000008001be4                XMC_SCU_HIB_DisableInternalSlowClock
 .text.XMC_SCU_HIB_ClearEventStatus
                0x0000000008001c18       0x34 lib_build/xmc4_scu.o
                0x0000000008001c18                XMC_SCU_HIB_ClearEventStatus
 .text.XMC_SCU_HIB_TriggerEvent
                0x0000000008001c4c       0x34 lib_build/xmc4_scu.o
                0x0000000008001c4c                XMC_SCU_HIB_TriggerEvent
 .text.XMC_SCU_HIB_EnableEvent
                0x0000000008001c80       0x38 lib_build/xmc4_scu.o
                0x0000000008001c80                XMC_SCU_HIB_EnableEvent
 .text.XMC_SCU_HIB_DisableEvent
                0x0000000008001cb8       0x3c lib_build/xmc4_scu.o
                0x0000000008001cb8                XMC_SCU_HIB_DisableEvent
 .text.XMC_SCU_HIB_EnterHibernateState
                0x0000000008001cf4       0x34 lib_build/xmc4_scu.o
                0x0000000008001cf4                XMC_SCU_HIB_EnterHibernateState
 .text.XMC_SCU_HIB_EnterHibernateStateEx
                0x0000000008001d28       0x1c lib_build/xmc4_scu.o
                0x0000000008001d28                XMC_SCU_HIB_EnterHibernateStateEx
 .text.XMC_SCU_HIB_SetWakeupTriggerInput
                0x0000000008001d44       0x50 lib_build/xmc4_scu.o
                0x0000000008001d44                XMC_SCU_HIB_SetWakeupTriggerInput
 .text.XMC_SCU_HIB_SetPinMode
                0x0000000008001d94       0x54 lib_build/xmc4_scu.o
                0x0000000008001d94                XMC_SCU_HIB_SetPinMode
 .text.XMC_SCU_HIB_SetPinOutputLevel
                0x0000000008001de8       0x58 lib_build/xmc4_scu.o
                0x0000000008001de8                XMC_SCU_HIB_SetPinOutputLevel
 .text.XMC_SCU_HIB_SetInput0
                0x0000000008001e40       0x50 lib_build/xmc4_scu.o
                0x0000000008001e40                XMC_SCU_HIB_SetInput0
 .text.XMC_SCU_HIB_SetSR0Input
                0x0000000008001e90       0x40 lib_build/xmc4_scu.o
                0x0000000008001e90                XMC_SCU_HIB_SetSR0Input
 .text.XMC_SCU_CLOCK_IsLowPowerOscillatorStable
                0x0000000008001ed0       0x24 lib_build/xmc4_scu.o
                0x0000000008001ed0                XMC_SCU_CLOCK_IsLowPowerOscillatorStable
 .text.XMC_SCU_CLOCK_EnableLowPowerOscillator
                0x0000000008001ef4       0x6c lib_build/xmc4_scu.o
                0x0000000008001ef4                XMC_SCU_CLOCK_EnableLowPowerOscillator
 .text.XMC_SCU_CLOCK_DisableLowPowerOscillator
                0x0000000008001f60       0x34 lib_build/xmc4_scu.o
                0x0000000008001f60                XMC_SCU_CLOCK_DisableLowPowerOscillator
 .text.XMC_SCU_CLOCK_EnableLowPowerOscillatorGeneralPurposeInput
                0x0000000008001f94       0x34 lib_build/xmc4_scu.o
                0x0000000008001f94                XMC_SCU_CLOCK_EnableLowPowerOscillatorGeneralPurposeInput
 .text.XMC_SCU_CLOCK_DisableLowPowerOscillatorGeneralPurposeInput
                0x0000000008001fc8       0x38 lib_build/xmc4_scu.o
                0x0000000008001fc8                XMC_SCU_CLOCK_DisableLowPowerOscillatorGeneralPurposeInput
 .text.XMC_SCU_CLOCK_GetLowPowerOscillatorGeneralPurposeInputStatus
                0x0000000008002000       0x1c lib_build/xmc4_scu.o
                0x0000000008002000                XMC_SCU_CLOCK_GetLowPowerOscillatorGeneralPurposeInputStatus
 .text.XMC_SCU_CLOCK_EnableHighPerformanceOscillator
                0x000000000800201c       0x50 lib_build/xmc4_scu.o
                0x000000000800201c                XMC_SCU_CLOCK_EnableHighPerformanceOscillator
 .text.XMC_SCU_CLOCK_IsHighPerformanceOscillatorStable
                0x000000000800206c       0x28 lib_build/xmc4_scu.o
                0x000000000800206c                XMC_SCU_CLOCK_IsHighPerformanceOscillatorStable
 .text.XMC_SCU_CLOCK_DisableHighPerformanceOscillator
                0x0000000008002094       0x20 lib_build/xmc4_scu.o
                0x0000000008002094                XMC_SCU_CLOCK_DisableHighPerformanceOscillator
 .text.XMC_SCU_CLOCK_EnableHighPerformanceOscillatorGeneralPurposeInput
                0x00000000080020b4       0x20 lib_build/xmc4_scu.o
                0x00000000080020b4                XMC_SCU_CLOCK_EnableHighPerformanceOscillatorGeneralPurposeInput
 .text.XMC_SCU_CLOCK_DisableHighPerformanceOscillatorGeneralPurposeInput
                0x00000000080020d4       0x20 lib_build/xmc4_scu.o
                0x00000000080020d4                XMC_SCU_CLOCK_DisableHighPerformanceOscillatorGeneralPurposeInput
 .text.XMC_SCU_CLOCK_GetHighPerformanceOscillatorGeneralPurposeInputStatus
                0x00000000080020f4       0x1c lib_build/xmc4_scu.o
                0x00000000080020f4                XMC_SCU_CLOCK_GetHighPerformanceOscillatorGeneralPurposeInputStatus
 .text.XMC_SCU_CLOCK_EnableSystemPll
                0x0000000008002110       0x24 lib_build/xmc4_scu.o
                0x0000000008002110                XMC_SCU_CLOCK_EnableSystemPll
 .text.XMC_SCU_CLOCK_DisableSystemPll
                0x0000000008002134       0x24 lib_build/xmc4_scu.o
                0x0000000008002134                XMC_SCU_CLOCK_DisableSystemPll
 .text.XMC_SCU_CLOCK_StartSystemPll
                0x0000000008002158      0x178 lib_build/xmc4_scu.o
                0x0000000008002158                XMC_SCU_CLOCK_StartSystemPll
 .text.XMC_SCU_CLOCK_StopSystemPll
                0x00000000080022d0       0x20 lib_build/xmc4_scu.o
                0x00000000080022d0                XMC_SCU_CLOCK_StopSystemPll
 .text.XMC_SCU_CLOCK_StepSystemPllFrequency
                0x00000000080022f0       0x30 lib_build/xmc4_scu.o
                0x00000000080022f0                XMC_SCU_CLOCK_StepSystemPllFrequency
 .text.XMC_SCU_CLOCK_IsSystemPllLocked
                0x0000000008002320       0x24 lib_build/xmc4_scu.o
                0x0000000008002320                XMC_SCU_CLOCK_IsSystemPllLocked
 .text.XMC_SCU_INTERRUPT_SetEventHandler
                0x0000000008002344       0x58 lib_build/xmc4_scu.o
                0x0000000008002344                XMC_SCU_INTERRUPT_SetEventHandler
 .text.XMC_SCU_IRQHandler
                0x000000000800239c       0x64 lib_build/xmc4_scu.o
                0x000000000800239c                XMC_SCU_IRQHandler
 .text          0x0000000008002400        0x0 lib_build/xmc_gpio.o
 .text.XMC_GPIO_SetMode
                0x0000000008002400       0x82 lib_build/xmc_gpio.o
                0x0000000008002400                XMC_GPIO_SetMode
 .text.XMC_GPIO_SetHardwareControl
                0x0000000008002482       0x46 lib_build/xmc_gpio.o
                0x0000000008002482                XMC_GPIO_SetHardwareControl
 .text          0x00000000080024c8        0x0 lib_build/HIDClassDevice.o
 .text.HID_Device_ProcessControlRequest
                0x00000000080024c8      0x3ec lib_build/HIDClassDevice.o
                0x00000000080024c8                HID_Device_ProcessControlRequest
 .text.HID_Device_ConfigureEndpoints
                0x00000000080028b4       0x50 lib_build/HIDClassDevice.o
                0x00000000080028b4                HID_Device_ConfigureEndpoints
 .text.HID_Device_USBTask
                0x0000000008002904      0x1bc lib_build/HIDClassDevice.o
                0x0000000008002904                HID_Device_USBTask
 .text          0x0000000008002ac0        0x0 lib_build/memcpy.o
 .text.thumb2_memcpy
                0x0000000008002ac0       0x3e lib_build/memcpy.o
                0x0000000008002ac0                thumb2_memcpy
 .text          0x0000000008002afe        0x0 lib_build/Endpoint_XMC4000.o
 *fill*         0x0000000008002afe        0x2 
 .text.__NVIC_EnableIRQ
                0x0000000008002b00       0x3c lib_build/Endpoint_XMC4000.o
 .text.__NVIC_DisableIRQ
                0x0000000008002b3c       0x48 lib_build/Endpoint_XMC4000.o
 .text.Endpoint_WaitUntilReady
                0x0000000008002b84      0x124 lib_build/Endpoint_XMC4000.o
                0x0000000008002b84                Endpoint_WaitUntilReady
 .text.Endpoint_ClearOUT
                0x0000000008002ca8       0x98 lib_build/Endpoint_XMC4000.o
                0x0000000008002ca8                Endpoint_ClearOUT
 .text.Endpoint_ClearIN
                0x0000000008002d40       0xf0 lib_build/Endpoint_XMC4000.o
                0x0000000008002d40                Endpoint_ClearIN
 .text.Endpoint_IsReadWriteAllowed
                0x0000000008002e30       0x64 lib_build/Endpoint_XMC4000.o
                0x0000000008002e30                Endpoint_IsReadWriteAllowed
 .text.Endpoint_Write_8
                0x0000000008002e94       0x6c lib_build/Endpoint_XMC4000.o
                0x0000000008002e94                Endpoint_Write_8
 .text.Endpoint_Read_8
                0x0000000008002f00       0x70 lib_build/Endpoint_XMC4000.o
                0x0000000008002f00                Endpoint_Read_8
 .text.Endpoint_Write_32_LE
                0x0000000008002f70       0x6c lib_build/Endpoint_XMC4000.o
                0x0000000008002f70                Endpoint_Write_32_LE
 .text.Endpoint_Read_32_LE
                0x0000000008002fdc       0x70 lib_build/Endpoint_XMC4000.o
                0x0000000008002fdc                Endpoint_Read_32_LE
 .text.Endpoint_ConfigureEndpointTable
                0x000000000800304c      0x150 lib_build/Endpoint_XMC4000.o
                0x000000000800304c                Endpoint_ConfigureEndpointTable
 .text          0x000000000800319c        0x0 lib_build/EndpointStream_XMC4000.o
 .text.Endpoint_Write_Stream_LE
                0x000000000800319c      0x114 lib_build/EndpointStream_XMC4000.o
                0x000000000800319c                Endpoint_Write_Stream_LE
 .text.SwapCopy
                0x00000000080032b0       0x46 lib_build/EndpointStream_XMC4000.o
                0x00000000080032b0                SwapCopy
 *fill*         0x00000000080032f6        0x2 
 .text.Endpoint_Write_Stream_BE
                0x00000000080032f8       0xe8 lib_build/EndpointStream_XMC4000.o
                0x00000000080032f8                Endpoint_Write_Stream_BE
 .text.Endpoint_Read_Stream_LE
                0x00000000080033e0       0xf0 lib_build/EndpointStream_XMC4000.o
                0x00000000080033e0                Endpoint_Read_Stream_LE
 .text.Endpoint_Read_Stream_BE
                0x00000000080034d0       0xf0 lib_build/EndpointStream_XMC4000.o
                0x00000000080034d0                Endpoint_Read_Stream_BE
 .text.Endpoint_Write_Control_Stream_LE
                0x00000000080035c0       0x70 lib_build/EndpointStream_XMC4000.o
                0x00000000080035c0                Endpoint_Write_Control_Stream_LE
 .text.Endpoint_Write_Control_Stream_BE
                0x0000000008003630       0x20 lib_build/EndpointStream_XMC4000.o
                0x0000000008003630                Endpoint_Write_Control_Stream_BE
 .text.Endpoint_Read_Control_Stream_LE
                0x0000000008003650       0x68 lib_build/EndpointStream_XMC4000.o
                0x0000000008003650                Endpoint_Read_Control_Stream_LE
 .text.Endpoint_Read_Control_Stream_BE
                0x00000000080036b8       0x20 lib_build/EndpointStream_XMC4000.o
                0x00000000080036b8                Endpoint_Read_Control_Stream_BE
 .text.Endpoint_Null_Stream
                0x00000000080036d8       0xdc lib_build/EndpointStream_XMC4000.o
                0x00000000080036d8                Endpoint_Null_Stream
 .text          0x00000000080037b4        0x0 lib_build/USBController_XMC4000.o
 .text.USBD_HandleEP0_Stall
                0x00000000080037b4       0x2c lib_build/USBController_XMC4000.o
                0x00000000080037b4                USBD_HandleEP0_Stall
 .text.USB_Device_ProcessControlRequest
                0x00000000080037e0      0x43c lib_build/USBController_XMC4000.o
                0x00000000080037e0                USB_Device_ProcessControlRequest
 .text.USBD_HandleEP0_IN
                0x0000000008003c1c       0x4c lib_build/USBController_XMC4000.o
                0x0000000008003c1c                USBD_HandleEP0_IN
 .text.USBD_HandleEP0_OUT
                0x0000000008003c68       0x54 lib_build/USBController_XMC4000.o
                0x0000000008003c68                USBD_HandleEP0_OUT
 .text.USBD_HandleEP0_SETUP
                0x0000000008003cbc       0x94 lib_build/USBController_XMC4000.o
                0x0000000008003cbc                USBD_HandleEP0_SETUP
 .text.USBD_SignalDeviceEventHandler
                0x0000000008003d50      0x228 lib_build/USBController_XMC4000.o
                0x0000000008003d50                USBD_SignalDeviceEventHandler
 .text.USBD_SignalEndpointEvent_Handler
                0x0000000008003f78      0x1a0 lib_build/USBController_XMC4000.o
                0x0000000008003f78                USBD_SignalEndpointEvent_Handler
 .text.USBD_Initialize
                0x0000000008004118       0xcc lib_build/USBController_XMC4000.o
                0x0000000008004118                USBD_Initialize
 .text.USB_IsEnumDone
                0x00000000080041e4       0x20 lib_build/USBController_XMC4000.o
                0x00000000080041e4                USB_IsEnumDone
 .text.USBD_SetEndpointBuffer
                0x0000000008004204       0x7c lib_build/USBController_XMC4000.o
                0x0000000008004204                USBD_SetEndpointBuffer
 .text          0x0000000008004280        0x0 lib_build/xmc_usbd.o
 .text.XMC_USBD_lDeviceActive
                0x0000000008004280       0x68 lib_build/xmc_usbd.o
                0x0000000008004280                XMC_USBD_lDeviceActive
 .text.XMC_USBD_lReadFifo
                0x00000000080042e8       0xe8 lib_build/xmc_usbd.o
 .text.XMC_USBD_lWriteFifo
                0x00000000080043d0       0xa4 lib_build/xmc_usbd.o
 .text.XMC_USBD_lFlushTXFifo
                0x0000000008004474       0x80 lib_build/xmc_usbd.o
 .text.XMC_USBD_lFlushRXFifo
                0x00000000080044f4       0x6c lib_build/xmc_usbd.o
 .text.XMC_USBD_lAssignTXFifo
                0x0000000008004560       0x70 lib_build/xmc_usbd.o
 .text.XMC_USBD_lUnassignFifo
                0x00000000080045d0       0x38 lib_build/xmc_usbd.o
 .text.XMC_USBD_lStartReadXfer
                0x0000000008004608      0x178 lib_build/xmc_usbd.o
 .text.XMC_USBD_lStartWriteXfer
                0x0000000008004780      0x198 lib_build/xmc_usbd.o
 .text.XMC_USBD_lHandleUSBReset
                0x0000000008004918      0x150 lib_build/xmc_usbd.o
 .text.XMC_USBD_lHandleOTGInt
                0x0000000008004a68       0x48 lib_build/xmc_usbd.o
 .text.XMC_USBD_lHandleEnumDone
                0x0000000008004ab0       0x78 lib_build/xmc_usbd.o
 .text.XMC_USBD_lHandleOEPInt
                0x0000000008004b28      0x1b4 lib_build/xmc_usbd.o
 .text.XMC_USBD_lHandleIEPInt
                0x0000000008004cdc      0x1bc lib_build/xmc_usbd.o
 .text.XMC_USBD_lHandleRxFLvl
                0x0000000008004e98       0x84 lib_build/xmc_usbd.o
 .text.XMC_USBD_IRQHandler
                0x0000000008004f1c      0x150 lib_build/xmc_usbd.o
                0x0000000008004f1c                XMC_USBD_IRQHandler
 .text.XMC_USBD_Enable
                0x000000000800506c       0x18 lib_build/xmc_usbd.o
                0x000000000800506c                XMC_USBD_Enable
 .text.XMC_USBD_Disable
                0x0000000008005084       0x18 lib_build/xmc_usbd.o
                0x0000000008005084                XMC_USBD_Disable
 .text.XMC_USBD_ClearEvent
                0x000000000800509c       0xcc lib_build/xmc_usbd.o
                0x000000000800509c                XMC_USBD_ClearEvent
 .text.XMC_USBD_lClearEventOTG
                0x0000000008005168       0x2c lib_build/xmc_usbd.o
 .text.XMC_USBD_ClearEventINEP
                0x0000000008005194       0x30 lib_build/xmc_usbd.o
                0x0000000008005194                XMC_USBD_ClearEventINEP
 .text.XMC_USBD_ClearEventOUTEP
                0x00000000080051c4       0x30 lib_build/xmc_usbd.o
                0x00000000080051c4                XMC_USBD_ClearEventOUTEP
 .text.XMC_USBD_EnableEventOUTEP
                0x00000000080051f4       0x30 lib_build/xmc_usbd.o
                0x00000000080051f4                XMC_USBD_EnableEventOUTEP
 .text.XMC_USBD_EnableEventINEP
                0x0000000008005224       0x30 lib_build/xmc_usbd.o
                0x0000000008005224                XMC_USBD_EnableEventINEP
 .text.XMC_USBD_GetCapabilities
                0x0000000008005254       0x68 lib_build/xmc_usbd.o
                0x0000000008005254                XMC_USBD_GetCapabilities
 .text.XMC_USBD_Init
                0x00000000080052bc      0x23c lib_build/xmc_usbd.o
                0x00000000080052bc                XMC_USBD_Init
 .text.XMC_USBD_Uninitialize
                0x00000000080054f8       0x3c lib_build/xmc_usbd.o
                0x00000000080054f8                XMC_USBD_Uninitialize
 .text.XMC_USBD_DeviceConnect
                0x0000000008005534       0x34 lib_build/xmc_usbd.o
                0x0000000008005534                XMC_USBD_DeviceConnect
 .text.XMC_USBD_DeviceDisconnect
                0x0000000008005568       0x34 lib_build/xmc_usbd.o
                0x0000000008005568                XMC_USBD_DeviceDisconnect
 .text.XMC_USBD_DeviceGetState
                0x000000000800559c       0x64 lib_build/xmc_usbd.o
                0x000000000800559c                XMC_USBD_DeviceGetState
 .text.XMC_USBD_EndpointReadStart
                0x0000000008005600       0x88 lib_build/xmc_usbd.o
                0x0000000008005600                XMC_USBD_EndpointReadStart
 .text.XMC_USBD_EndpointRead
                0x0000000008005688       0x78 lib_build/xmc_usbd.o
                0x0000000008005688                XMC_USBD_EndpointRead
 .text.XMC_USBD_EndpointWrite
                0x0000000008005700       0xa4 lib_build/xmc_usbd.o
                0x0000000008005700                XMC_USBD_EndpointWrite
 .text.XMC_USBD_DeviceSetAddress
                0x00000000080057a4       0x4c lib_build/xmc_usbd.o
                0x00000000080057a4                XMC_USBD_DeviceSetAddress
 .text.XMC_USBD_EndpointStall
                0x00000000080057f0      0x14c lib_build/xmc_usbd.o
                0x00000000080057f0                XMC_USBD_EndpointStall
 .text.XMC_USBD_EndpointAbort
                0x000000000800593c       0x88 lib_build/xmc_usbd.o
                0x000000000800593c                XMC_USBD_EndpointAbort
 .text.XMC_USBD_EndpointConfigure
                0x00000000080059c4      0x2f8 lib_build/xmc_usbd.o
                0x00000000080059c4                XMC_USBD_EndpointConfigure
 .text.XMC_USBD_EndpointUnconfigure
                0x0000000008005cbc      0x170 lib_build/xmc_usbd.o
                0x0000000008005cbc                XMC_USBD_EndpointUnconfigure
 .text.XMC_USBD_GetFrameNumber
                0x0000000008005e2c       0x2c lib_build/xmc_usbd.o
                0x0000000008005e2c                XMC_USBD_GetFrameNumber
 .text.XMC_USBD_IsEnumDone
                0x0000000008005e58       0x38 lib_build/xmc_usbd.o
                0x0000000008005e58                XMC_USBD_IsEnumDone
 .text          0x0000000008005e90        0x0 lib_build/ConfigDescriptors.o
 .text.USB_GetNextDescriptor
                0x0000000008005e90       0x4c lib_build/ConfigDescriptors.o
 .text.USB_GetNextDescriptorOfType
                0x0000000008005edc       0x36 lib_build/ConfigDescriptors.o
                0x0000000008005edc                USB_GetNextDescriptorOfType
 .text.USB_GetNextDescriptorOfTypeBefore
                0x0000000008005f12       0x52 lib_build/ConfigDescriptors.o
                0x0000000008005f12                USB_GetNextDescriptorOfTypeBefore
 .text.USB_GetNextDescriptorOfTypeAfter
                0x0000000008005f64       0x3e lib_build/ConfigDescriptors.o
                0x0000000008005f64                USB_GetNextDescriptorOfTypeAfter
 .text.USB_GetNextDescriptorComp
                0x0000000008005fa2       0x5e lib_build/ConfigDescriptors.o
                0x0000000008005fa2                USB_GetNextDescriptorComp
 .text          0x0000000008006000        0x0 lib_build/HostStandardReq.o
 .text          0x0000000008006000        0x0 lib_build/USBTask.o
 .text.USB_USBTask
                0x0000000008006000        0xc lib_build/USBTask.o
                0x0000000008006000                USB_USBTask
 .text.USB_DeviceTask
                0x000000000800600c       0x84 lib_build/USBTask.o
 .text          0x0000000008006090        0x0 lib_build/Events.o
 .text.USB_Event_Stub
                0x0000000008006090        0xe lib_build/Events.o
                0x0000000008006090                EVENT_USB_Device_WakeUp
                0x0000000008006090                USB_Event_Stub
                0x0000000008006090                EVENT_USB_Device_Suspend
                0x0000000008006090                EVENT_USB_Device_StartOfFrame
                0x0000000008006090                EVENT_USB_Device_Disconnect
 .text          0x000000000800609e        0x0 lib_build/startup_XMC4500.o
 .text          0x000000000800609e        0x0 lib_build/system_XMC4500.o
 .text.delay    0x000000000800609e       0x2c lib_build/system_XMC4500.o
 *fill*         0x00000000080060ca        0x2 
 .text.SystemInit
                0x00000000080060cc       0x24 lib_build/system_XMC4500.o
                0x00000000080060cc                SystemInit
 .text.SystemCoreSetup
                0x00000000080060f0       0x74 lib_build/system_XMC4500.o
                0x00000000080060f0                SystemCoreSetup
 .text.SystemCoreClockSetup
                0x0000000008006164      0x208 lib_build/system_XMC4500.o
 .text.SystemCoreClockUpdate
                0x000000000800636c       0xd4 lib_build/system_XMC4500.o
                0x000000000800636c                SystemCoreClockUpdate
 .text.OSCHP_GetFrequency
                0x0000000008006440       0x14 lib_build/system_XMC4500.o
                0x0000000008006440                OSCHP_GetFrequency
 .text          0x0000000008006454        0x0 lib_build/syscalls.o
 .text._sbrk    0x0000000008006454       0x68 lib_build/syscalls.o
                0x0000000008006454                _sbrk
 .text._init    0x00000000080064bc        0xe lib_build/syscalls.o
                0x00000000080064bc                _init
 .text          0x00000000080064ca        0x0 /nas/ei/share/tools/gcc/gcc-arm/gcc-arm-none-eabi-10.3-2021.10/bin/../lib/gcc/arm-none-eabi/10.3.1/../../../../arm-none-eabi/lib/thumb/v7e-m/nofp/libg.a(lib_a-errno.o)
 *fill*         0x00000000080064ca        0x2 
 .text.__errno  0x00000000080064cc        0xc /nas/ei/share/tools/gcc/gcc-arm/gcc-arm-none-eabi-10.3-2021.10/bin/../lib/gcc/arm-none-eabi/10.3.1/../../../../arm-none-eabi/lib/thumb/v7e-m/nofp/libg.a(lib_a-errno.o)
                0x00000000080064cc                __errno
 .text          0x00000000080064d8        0x0 /nas/ei/share/tools/gcc/gcc-arm/gcc-arm-none-eabi-10.3-2021.10/bin/../lib/gcc/arm-none-eabi/10.3.1/../../../../arm-none-eabi/lib/thumb/v7e-m/nofp/libg.a(lib_a-impure.o)
 .text          0x00000000080064d8        0x0 /nas/ei/share/tools/gcc/gcc-arm/gcc-arm-none-eabi-10.3-2021.10/bin/../lib/gcc/arm-none-eabi/10.3.1/../../../../arm-none-eabi/lib/thumb/v7e-m/nofp/libg.a(lib_a-init.o)
 .text.__libc_init_array
                0x00000000080064d8       0x48 /nas/ei/share/tools/gcc/gcc-arm/gcc-arm-none-eabi-10.3-2021.10/bin/../lib/gcc/arm-none-eabi/10.3.1/../../../../arm-none-eabi/lib/thumb/v7e-m/nofp/libg.a(lib_a-init.o)
                0x00000000080064d8                __libc_init_array
 .text          0x0000000008006520        0x0 /nas/ei/share/tools/gcc/gcc-arm/gcc-arm-none-eabi-10.3-2021.10/bin/../lib/gcc/arm-none-eabi/10.3.1/../../../../arm-none-eabi/lib/thumb/v7e-m/nofp/libg.a(lib_a-memcmp.o)
 .text.memcmp   0x0000000008006520       0x68 /nas/ei/share/tools/gcc/gcc-arm/gcc-arm-none-eabi-10.3-2021.10/bin/../lib/gcc/arm-none-eabi/10.3.1/../../../../arm-none-eabi/lib/thumb/v7e-m/nofp/libg.a(lib_a-memcmp.o)
                0x0000000008006520                memcmp
 .text          0x0000000008006588      0x134 /nas/ei/share/tools/gcc/gcc-arm/gcc-arm-none-eabi-10.3-2021.10/bin/../lib/gcc/arm-none-eabi/10.3.1/../../../../arm-none-eabi/lib/thumb/v7e-m/nofp/libg.a(lib_a-memcpy.o)
                0x0000000008006588                memcpy
 .text          0x00000000080066bc        0x0 /nas/ei/share/tools/gcc/gcc-arm/gcc-arm-none-eabi-10.3-2021.10/bin/../lib/gcc/arm-none-eabi/10.3.1/../../../../arm-none-eabi/lib/thumb/v7e-m/nofp/libg.a(lib_a-memset.o)
 .text.memset   0x00000000080066bc       0xa4 /nas/ei/share/tools/gcc/gcc-arm/gcc-arm-none-eabi-10.3-2021.10/bin/../lib/gcc/arm-none-eabi/10.3.1/../../../../arm-none-eabi/lib/thumb/v7e-m/nofp/libg.a(lib_a-memset.o)
                0x00000000080066bc                memset
 *(.init)
 *(.fini)
 *crtbegin.o(.ctors)
 *crtbegin?.o(.ctors)
 *(EXCLUDE_FILE(*crtend.o *crtend?.o) .ctors)
 *(SORT_BY_NAME(.ctors.*))
 *(.ctors)
 *crtbegin.o(.dtors)
 *crtbegin?.o(.dtors)
 *(EXCLUDE_FILE(*crtend.o *crtend?.o) .dtors)
 *(SORT_BY_NAME(.dtors.*))
 *(.dtors)
 *(.rodata .rodata.*)
 .rodata        0x0000000008006760       0x14 build/main.o
                0x0000000008006760                clock_config
 .rodata        0x0000000008006774      0x11e build/Descriptors.o
                0x0000000008006774                KeyboardReport
                0x00000000080067b4                DeviceDescriptor
                0x00000000080067c8                ConfigurationDescriptor
                0x00000000080067ec                LanguageString
                0x00000000080067f4                ManufacturerString
                0x0000000008006848                ProductString
 *fill*         0x0000000008006892        0x2 
 .rodata        0x0000000008006894       0x40 lib_build/xmc_usbd.o
                0x0000000008006894                Driver_USBD0
 .rodata._global_impure_ptr
                0x00000000080068d4        0x4 /nas/ei/share/tools/gcc/gcc-arm/gcc-arm-none-eabi-10.3-2021.10/bin/../lib/gcc/arm-none-eabi/10.3.1/../../../../arm-none-eabi/lib/thumb/v7e-m/nofp/libg.a(lib_a-impure.o)
                0x00000000080068d4                _global_impure_ptr
 *(.gnu.linkonce.r*)
 *(vtable)
                0x00000000080068d8                . = ALIGN (0x4)

.glue_7         0x00000000080068d8        0x0 load address 0x000000000c0068d8
 .glue_7        0x00000000080068d8        0x0 linker stubs

.glue_7t        0x00000000080068d8        0x0 load address 0x000000000c0068d8
 .glue_7t       0x00000000080068d8        0x0 linker stubs

.vfp11_veneer   0x00000000080068d8        0x0 load address 0x000000000c0068d8
 .vfp11_veneer  0x00000000080068d8        0x0 linker stubs

.v4_bx          0x00000000080068d8        0x0 load address 0x000000000c0068d8
 .v4_bx         0x00000000080068d8        0x0 linker stubs

.iplt           0x00000000080068d8        0x0 load address 0x000000000c0068d8
 .iplt          0x00000000080068d8        0x0 build/main.o

.rel.dyn        0x00000000080068d8        0x0 load address 0x000000000c0068d8
 .rel.iplt      0x00000000080068d8        0x0 build/main.o

.eh_frame_hdr
 *(.eh_frame_hdr)

.eh_frame
 *(.eh_frame)

.ARM.extab
 *(.ARM.extab* .gnu.linkonce.armextab.*)
                0x00000000080068d8                . = ALIGN (0x4)
                0x00000000080068d8                __exidx_start = .

.ARM.exidx
 *(.ARM.exidx* .gnu.linkonce.armexidx.*)
                0x00000000080068d8                __exidx_end = .
                0x00000000080068d8                . = ALIGN (0x4)

Stack           0x0000000010000000      0x800
                0x0000000010000000                __stack_start = .
                0x0000000010000800                . = (. + stack_size)
 *fill*         0x0000000010000000      0x800 
                0x0000000010000800                __stack_end = .
                0x0000000010000800                __initial_sp = .

.ram_code       0x0000000010000800        0x0 load address 0x000000000c0068d8
                0x0000000010000800                . = ALIGN (0x4)
                0x0000000010000800                __ram_code_start = .
 *(.ram_code)
                0x0000000010000800                . = ALIGN (0x4)
                0x0000000010000800                __ram_code_end = .
                0x000000000c0068d8                __ram_code_load = LOADADDR (.ram_code)
                0x0000000000000000                __ram_code_size = (__ram_code_end - __ram_code_start)

PSRAM_DATA      0x0000000010000800        0x0 load address 0x000000000c0068d8
                0x0000000010000800                . = ALIGN (0x4)
                0x0000000010000800                __data3_start = .
 *(PSRAM_DATA)
                0x0000000010000800                . = ALIGN (0x4)
                0x0000000010000800                __data3_end = .
                0x000000000c0068d8                __data3_load = LOADADDR (PSRAM_DATA)
                0x0000000000000000                __data3_size = (__data3_end - __data3_start)

PSRAM_BSS       0x0000000010000800        0x0 load address 0x000000000c0068d8
                0x0000000010000800                . = ALIGN (0x4)
                0x0000000010000800                __bss3_start = .
 *(PSRAM_BSS)
                0x0000000010000800                . = ALIGN (0x4)
                0x0000000010000800                __bss3_end = .
                0x0000000010000800                . = ALIGN (0x8)
                0x0000000010000800                Heap_Bank3_Start = .
                0x0000000000000000                __bss3_size = (__bss3_end - __bss3_start)

.data           0x0000000020000000      0x4f8 load address 0x000000000c0068d8
                0x0000000020000000                . = ALIGN (0x4)
                0x0000000020000000                __data_start = .
 *(.data)
 .data          0x0000000020000000       0xa0 build/main.o
                0x0000000020000000                length
                0x0000000020000004                charArray
 .data          0x00000000200000a0       0x28 build/KeyboardHID.o
                0x00000000200000a0                Keyboard_HID_Interface
                0x00000000200000b8                USB_runtime
 .data          0x00000000200000c8        0x0 build/Descriptors.o
 .data          0x00000000200000c8        0x0 lib_build/xmc4_scu.o
 .data          0x00000000200000c8        0x0 lib_build/xmc_gpio.o
 .data          0x00000000200000c8        0x0 lib_build/HIDClassDevice.o
 .data          0x00000000200000c8        0x0 lib_build/memcpy.o
 .data          0x00000000200000c8        0x0 lib_build/Endpoint_XMC4000.o
 .data          0x00000000200000c8        0x0 lib_build/EndpointStream_XMC4000.o
 .data          0x00000000200000c8        0x0 lib_build/USBController_XMC4000.o
 .data          0x00000000200000c8        0x0 lib_build/xmc_usbd.o
 .data          0x00000000200000c8        0x0 lib_build/ConfigDescriptors.o
 .data          0x00000000200000c8        0x0 lib_build/HostStandardReq.o
 .data          0x00000000200000c8        0x0 lib_build/USBTask.o
 .data          0x00000000200000c8        0x0 lib_build/Events.o
 .data          0x00000000200000c8        0x0 lib_build/startup_XMC4500.o
 .data          0x00000000200000c8        0x0 lib_build/system_XMC4500.o
 .data          0x00000000200000c8        0x0 lib_build/syscalls.o
 .data          0x00000000200000c8        0x0 /nas/ei/share/tools/gcc/gcc-arm/gcc-arm-none-eabi-10.3-2021.10/bin/../lib/gcc/arm-none-eabi/10.3.1/../../../../arm-none-eabi/lib/thumb/v7e-m/nofp/libg.a(lib_a-errno.o)
 .data          0x00000000200000c8        0x0 /nas/ei/share/tools/gcc/gcc-arm/gcc-arm-none-eabi-10.3-2021.10/bin/../lib/gcc/arm-none-eabi/10.3.1/../../../../arm-none-eabi/lib/thumb/v7e-m/nofp/libg.a(lib_a-impure.o)
 .data          0x00000000200000c8        0x0 /nas/ei/share/tools/gcc/gcc-arm/gcc-arm-none-eabi-10.3-2021.10/bin/../lib/gcc/arm-none-eabi/10.3.1/../../../../arm-none-eabi/lib/thumb/v7e-m/nofp/libg.a(lib_a-init.o)
 .data          0x00000000200000c8        0x0 /nas/ei/share/tools/gcc/gcc-arm/gcc-arm-none-eabi-10.3-2021.10/bin/../lib/gcc/arm-none-eabi/10.3.1/../../../../arm-none-eabi/lib/thumb/v7e-m/nofp/libg.a(lib_a-memcmp.o)
 .data          0x00000000200000c8        0x0 /nas/ei/share/tools/gcc/gcc-arm/gcc-arm-none-eabi-10.3-2021.10/bin/../lib/gcc/arm-none-eabi/10.3.1/../../../../arm-none-eabi/lib/thumb/v7e-m/nofp/libg.a(lib_a-memcpy.o)
 .data          0x00000000200000c8        0x0 /nas/ei/share/tools/gcc/gcc-arm/gcc-arm-none-eabi-10.3-2021.10/bin/../lib/gcc/arm-none-eabi/10.3.1/../../../../arm-none-eabi/lib/thumb/v7e-m/nofp/libg.a(lib_a-memset.o)
 *(.data*)
 .data._impure_ptr
                0x00000000200000c8        0x4 /nas/ei/share/tools/gcc/gcc-arm/gcc-arm-none-eabi-10.3-2021.10/bin/../lib/gcc/arm-none-eabi/10.3.1/../../../../arm-none-eabi/lib/thumb/v7e-m/nofp/libg.a(lib_a-impure.o)
                0x00000000200000c8                _impure_ptr
 *fill*         0x00000000200000cc        0x4 
 .data.impure_data
                0x00000000200000d0      0x428 /nas/ei/share/tools/gcc/gcc-arm/gcc-arm-none-eabi-10.3-2021.10/bin/../lib/gcc/arm-none-eabi/10.3.1/../../../../arm-none-eabi/lib/thumb/v7e-m/nofp/libg.a(lib_a-impure.o)
 *(*.data)
 *(.gnu.linkonce.d*)
                0x00000000200004f8                . = ALIGN (0x4)
                0x00000000200004f8                PROVIDE (__preinit_array_start = .)
 *(.preinit_array)
                0x00000000200004f8                PROVIDE (__preinit_array_end = .)
                0x00000000200004f8                . = ALIGN (0x4)
                0x00000000200004f8                PROVIDE (__init_array_start = .)
 *(SORT_BY_NAME(.init_array.*))
 *(.init_array)
                0x00000000200004f8                PROVIDE (__init_array_end = .)
                0x00000000200004f8                . = ALIGN (0x4)
                [!provide]                        PROVIDE (__fini_array_start = .)
 *(SORT_BY_NAME(.fini_array.*))
 *(.fini_array)
                [!provide]                        PROVIDE (__fini_array_end = .)
                0x00000000200004f8                . = ALIGN (0x4)
                0x00000000200004f8                __data_end = .
                0x000000000c0068d8                __data_load = LOADADDR (.data)
                0x00000000000004f8                __data_size = (__data_end - __data_start)

.igot.plt       0x00000000200004f8        0x0 load address 0x000000000c006dd0
 .igot.plt      0x00000000200004f8        0x0 build/main.o

.bss            0x00000000200004f8      0x670 load address 0x000000000c006dd0
                0x00000000200004f8                . = ALIGN (0x4)
                0x00000000200004f8                __bss_start = .
 *(.bss)
 .bss           0x00000000200004f8       0x3e build/main.o
                0x00000000200004f8                tick
                0x00000000200004fc                maxTick
                0x0000000020000500                curTick
                0x0000000020000504                done
                0x0000000020000505                success
                0x0000000020000506                validIndex
                0x0000000020000507                charArrayIndex
                0x0000000020000508                password
 *fill*         0x0000000020000536        0x2 
 .bss           0x0000000020000538       0x10 build/KeyboardHID.o
                0x0000000020000540                buffer
 .bss           0x0000000020000548        0x0 build/Descriptors.o
 .bss           0x0000000020000548       0x80 lib_build/xmc4_scu.o
                0x0000000020000548                event_handler_list
 .bss           0x00000000200005c8        0x0 lib_build/xmc_gpio.o
 .bss           0x00000000200005c8        0x0 lib_build/HIDClassDevice.o
 .bss           0x00000000200005c8        0x0 lib_build/memcpy.o
 .bss           0x00000000200005c8        0x0 lib_build/Endpoint_XMC4000.o
 .bss           0x00000000200005c8        0x1 lib_build/EndpointStream_XMC4000.o
                0x00000000200005c8                zlp_flag
 *fill*         0x00000000200005c9        0x3 
 .bss           0x00000000200005cc      0x340 lib_build/USBController_XMC4000.o
                0x00000000200005cc                device
                0x000000002000070c                endpoint0_in_buffer
                0x000000002000080c                endpoint0_out_buffer
 .bss           0x000000002000090c      0x244 lib_build/xmc_usbd.o
                0x000000002000090c                XMC_USBD_EP_OUT_BUFFERSIZE
                0x0000000020000928                XMC_USBD_EP_IN_BUFFERSIZE
                0x0000000020000944                xmc_device
                0x0000000020000b4c                usbd_init
 .bss           0x0000000020000b50        0x0 lib_build/ConfigDescriptors.o
 .bss           0x0000000020000b50        0x0 lib_build/HostStandardReq.o
 .bss           0x0000000020000b50        0xd lib_build/USBTask.o
                0x0000000020000b50                USB_IsInitialized
                0x0000000020000b54                USB_ControlRequest
                0x0000000020000b5c                USB_DeviceState
 .bss           0x0000000020000b5d        0x0 lib_build/Events.o
 .bss           0x0000000020000b5d        0x0 lib_build/startup_XMC4500.o
 .bss           0x0000000020000b5d        0x0 lib_build/system_XMC4500.o
 *fill*         0x0000000020000b5d        0x3 
 .bss           0x0000000020000b60        0x8 lib_build/syscalls.o
                0x0000000020000b60                __dso_handle
 .bss           0x0000000020000b68        0x0 /nas/ei/share/tools/gcc/gcc-arm/gcc-arm-none-eabi-10.3-2021.10/bin/../lib/gcc/arm-none-eabi/10.3.1/../../../../arm-none-eabi/lib/thumb/v7e-m/nofp/libg.a(lib_a-errno.o)
 .bss           0x0000000020000b68        0x0 /nas/ei/share/tools/gcc/gcc-arm/gcc-arm-none-eabi-10.3-2021.10/bin/../lib/gcc/arm-none-eabi/10.3.1/../../../../arm-none-eabi/lib/thumb/v7e-m/nofp/libg.a(lib_a-impure.o)
 .bss           0x0000000020000b68        0x0 /nas/ei/share/tools/gcc/gcc-arm/gcc-arm-none-eabi-10.3-2021.10/bin/../lib/gcc/arm-none-eabi/10.3.1/../../../../arm-none-eabi/lib/thumb/v7e-m/nofp/libg.a(lib_a-init.o)
 .bss           0x0000000020000b68        0x0 /nas/ei/share/tools/gcc/gcc-arm/gcc-arm-none-eabi-10.3-2021.10/bin/../lib/gcc/arm-none-eabi/10.3.1/../../../../arm-none-eabi/lib/thumb/v7e-m/nofp/libg.a(lib_a-memcmp.o)
 .bss           0x0000000020000b68        0x0 /nas/ei/share/tools/gcc/gcc-arm/gcc-arm-none-eabi-10.3-2021.10/bin/../lib/gcc/arm-none-eabi/10.3.1/../../../../arm-none-eabi/lib/thumb/v7e-m/nofp/libg.a(lib_a-memcpy.o)
 .bss           0x0000000020000b68        0x0 /nas/ei/share/tools/gcc/gcc-arm/gcc-arm-none-eabi-10.3-2021.10/bin/../lib/gcc/arm-none-eabi/10.3.1/../../../../arm-none-eabi/lib/thumb/v7e-m/nofp/libg.a(lib_a-memset.o)
 *(.bss*)
 *(COMMON)
 *(.gnu.linkonce.b*)
                0x0000000020000b68                . = ALIGN (0x4)
                0x0000000020000b68                __bss_end = .
                0x0000000020000b68                . = ALIGN (0x8)
                0x0000000020000b68                Heap_Bank1_Start = .
                0x0000000000000670                __bss_size = (__bss_end - __bss_start)

.no_init        0x000000002000ffc0       0x14
                0x000000002000ffc0                Heap_Bank1_End = .
 *(.no_init)
 .no_init       0x000000002000ffc0       0x14 lib_build/system_XMC4500.o
                0x000000002000ffc0                SystemCoreClock
                0x000000002000ffc4                g_chipid

DSRAM2_DATA     0x0000000030000000        0x0 load address 0x000000000c006dd0
                0x0000000030000000                . = ALIGN (0x4)
                0x0000000030000000                __data2_start = .
 *(DSRAM2_DATA)
                0x0000000030000000                . = ALIGN (0x4)
                0x0000000030000000                __data2_end = .
                0x000000000c006dd0                __data2_load = LOADADDR (DSRAM2_DATA)
                0x0000000000000000                __data2_size = (__data2_end - __data2_start)
                0x0000000000006dd0                __text_size = (((((__exidx_end - sText) + __data_size) + __ram_code_size) + __data2_size) + __data3_size)
                0x0000000008006dd0                eText = (sText + __text_size)

DSRAM2_BSS      0x0000000030000000      0xe00 load address 0x000000000c006dd0
                0x0000000030000000                . = ALIGN (0x4)
                0x0000000030000000                __bss2_start = .
 *(ETH_RAM)
 *(USB_RAM)
 USB_RAM        0x0000000030000000      0xe00 lib_build/xmc_usbd.o
 *(DSRAM2_BSS)
                0x0000000030000e00                . = ALIGN (0x4)
                0x0000000030000e00                __bss2_end = .
                0x0000000030000e00                . = ALIGN (0x8)
                0x0000000030000e00                Heap_Bank2_Start = .
                0x0000000000000e00                __bss2_size = (__bss2_end - __bss2_start)
                0x000000000000f458                Heap_Bank1_Size = (Heap_Bank1_End - Heap_Bank1_Start)
                0x0000000000007200                Heap_Bank2_Size = (LENGTH (DSRAM_2_comm) - (Heap_Bank2_Start - ORIGIN (DSRAM_2_comm)))
                0x000000000000f800                Heap_Bank3_Size = (LENGTH (PSRAM_1) - (Heap_Bank3_Start - ORIGIN (PSRAM_1)))
                0x0000000000000001                ASSERT ((Heap_Bank1_Start <= Heap_Bank1_End), region SRAM_combined overflowed no_init section)

/DISCARD/
 *(.comment)

.stab
 *(.stab)

.stabstr
 *(.stabstr)

.debug
 *(.debug)

.line
 *(.line)

.debug_srcinfo
 *(.debug_srcinfo)

.debug_sfnames
 *(.debug_sfnames)

.debug_aranges  0x0000000000000000      0x8f0
 *(.debug_aranges)
 .debug_aranges
                0x0000000000000000       0x68 build/main.o
 .debug_aranges
                0x0000000000000068       0x80 build/KeyboardHID.o
 .debug_aranges
                0x00000000000000e8       0x20 build/Descriptors.o
 .debug_aranges
                0x0000000000000108      0x3c8 lib_build/xmc4_scu.o
 .debug_aranges
                0x00000000000004d0       0x28 lib_build/xmc_gpio.o
 .debug_aranges
                0x00000000000004f8       0x30 lib_build/HIDClassDevice.o
 .debug_aranges
                0x0000000000000528       0x20 lib_build/memcpy.o
 .debug_aranges
                0x0000000000000548       0x70 lib_build/Endpoint_XMC4000.o
 .debug_aranges
                0x00000000000005b8       0x68 lib_build/EndpointStream_XMC4000.o
 .debug_aranges
                0x0000000000000620       0x68 lib_build/USBController_XMC4000.o
 .debug_aranges
                0x0000000000000688      0x158 lib_build/xmc_usbd.o
 .debug_aranges
                0x00000000000007e0       0x40 lib_build/ConfigDescriptors.o
 .debug_aranges
                0x0000000000000820       0x18 lib_build/HostStandardReq.o
 .debug_aranges
                0x0000000000000838       0x28 lib_build/USBTask.o
 .debug_aranges
                0x0000000000000860       0x20 lib_build/Events.o
 .debug_aranges
                0x0000000000000880       0x48 lib_build/system_XMC4500.o
 .debug_aranges
                0x00000000000008c8       0x28 lib_build/syscalls.o

.debug_pubnames
 *(.debug_pubnames)

.debug_pubtypes
 *(.debug_pubtypes)

.debug_info     0x0000000000000000    0x1051f
 *(.debug_info .gnu.linkonce.wi.*)
 .debug_info    0x0000000000000000     0x1140 build/main.o
 .debug_info    0x0000000000001140     0x1a21 build/KeyboardHID.o
 .debug_info    0x0000000000002b61      0x6f9 build/Descriptors.o
 .debug_info    0x000000000000325a     0x22a0 lib_build/xmc4_scu.o
 .debug_info    0x00000000000054fa      0x397 lib_build/xmc_gpio.o
 .debug_info    0x0000000000005891     0x1463 lib_build/HIDClassDevice.o
 .debug_info    0x0000000000006cf4       0xd5 lib_build/memcpy.o
 .debug_info    0x0000000000006dc9     0x17be lib_build/Endpoint_XMC4000.o
 .debug_info    0x0000000000008587     0x137c lib_build/EndpointStream_XMC4000.o
 .debug_info    0x0000000000009903     0x128b lib_build/USBController_XMC4000.o
 .debug_info    0x000000000000ab8e     0x3a8d lib_build/xmc_usbd.o
 .debug_info    0x000000000000e61b      0x354 lib_build/ConfigDescriptors.o
 .debug_info    0x000000000000e96f       0x6f lib_build/HostStandardReq.o
 .debug_info    0x000000000000e9de     0x1067 lib_build/USBTask.o
 .debug_info    0x000000000000fa45       0x92 lib_build/Events.o
 .debug_info    0x000000000000fad7      0x927 lib_build/system_XMC4500.o
 .debug_info    0x00000000000103fe      0x121 lib_build/syscalls.o

.debug_abbrev   0x0000000000000000     0x2438
 *(.debug_abbrev)
 .debug_abbrev  0x0000000000000000      0x2ee build/main.o
 .debug_abbrev  0x00000000000002ee      0x365 build/KeyboardHID.o
 .debug_abbrev  0x0000000000000653      0x141 build/Descriptors.o
 .debug_abbrev  0x0000000000000794      0x2cb lib_build/xmc4_scu.o
 .debug_abbrev  0x0000000000000a5f      0x130 lib_build/xmc_gpio.o
 .debug_abbrev  0x0000000000000b8f      0x309 lib_build/HIDClassDevice.o
 .debug_abbrev  0x0000000000000e98       0x80 lib_build/memcpy.o
 .debug_abbrev  0x0000000000000f18      0x37f lib_build/Endpoint_XMC4000.o
 .debug_abbrev  0x0000000000001297      0x2e6 lib_build/EndpointStream_XMC4000.o
 .debug_abbrev  0x000000000000157d      0x356 lib_build/USBController_XMC4000.o
 .debug_abbrev  0x00000000000018d3      0x451 lib_build/xmc_usbd.o
 .debug_abbrev  0x0000000000001d24      0x153 lib_build/ConfigDescriptors.o
 .debug_abbrev  0x0000000000001e77       0x29 lib_build/HostStandardReq.o
 .debug_abbrev  0x0000000000001ea0      0x2aa lib_build/USBTask.o
 .debug_abbrev  0x000000000000214a       0x49 lib_build/Events.o
 .debug_abbrev  0x0000000000002193      0x1d9 lib_build/system_XMC4500.o
 .debug_abbrev  0x000000000000236c       0xcc lib_build/syscalls.o

.debug_line     0x0000000000000000     0xd238
 *(.debug_line)
 .debug_line    0x0000000000000000     0x1217 build/main.o
 .debug_line    0x0000000000001217     0x115e build/KeyboardHID.o
 .debug_line    0x0000000000002375      0xf9e build/Descriptors.o
 .debug_line    0x0000000000003313     0x187e lib_build/xmc4_scu.o
 .debug_line    0x0000000000004b91      0x4c9 lib_build/xmc_gpio.o
 .debug_line    0x000000000000505a     0x14db lib_build/HIDClassDevice.o
 .debug_line    0x0000000000006535      0x36d lib_build/memcpy.o
 .debug_line    0x00000000000068a2     0x104a lib_build/Endpoint_XMC4000.o
 .debug_line    0x00000000000078ec      0xe34 lib_build/EndpointStream_XMC4000.o
 .debug_line    0x0000000000008720     0x101b lib_build/USBController_XMC4000.o
 .debug_line    0x000000000000973b     0x15bf lib_build/xmc_usbd.o
 .debug_line    0x000000000000acfa      0x657 lib_build/ConfigDescriptors.o
 .debug_line    0x000000000000b351      0x522 lib_build/HostStandardReq.o
 .debug_line    0x000000000000b873      0xa4a lib_build/USBTask.o
 .debug_line    0x000000000000c2bd      0x537 lib_build/Events.o
 .debug_line    0x000000000000c7f4      0x690 lib_build/system_XMC4500.o
 .debug_line    0x000000000000ce84      0x3b4 lib_build/syscalls.o

.debug_frame    0x0000000000000000     0x2314
 *(.debug_frame)
 .debug_frame   0x0000000000000000      0x17c build/main.o
 .debug_frame   0x000000000000017c      0x1cc build/KeyboardHID.o
 .debug_frame   0x0000000000000348       0x38 build/Descriptors.o
 .debug_frame   0x0000000000000380     0x10c8 lib_build/xmc4_scu.o
 .debug_frame   0x0000000000001448       0x60 lib_build/xmc_gpio.o
 .debug_frame   0x00000000000014a8       0x98 lib_build/HIDClassDevice.o
 .debug_frame   0x0000000000001540       0x20 lib_build/memcpy.o
 .debug_frame   0x0000000000001560      0x1bc lib_build/Endpoint_XMC4000.o
 .debug_frame   0x000000000000171c      0x17c lib_build/EndpointStream_XMC4000.o
 .debug_frame   0x0000000000001898      0x164 lib_build/USBController_XMC4000.o
 .debug_frame   0x00000000000019fc      0x5fc lib_build/xmc_usbd.o
 .debug_frame   0x0000000000001ff8       0xc8 lib_build/ConfigDescriptors.o
 .debug_frame   0x00000000000020c0       0x50 lib_build/USBTask.o
 .debug_frame   0x0000000000002110       0x30 lib_build/Events.o
 .debug_frame   0x0000000000002140       0xe0 lib_build/system_XMC4500.o
 .debug_frame   0x0000000000002220       0x54 lib_build/syscalls.o
 .debug_frame   0x0000000000002274       0x20 /nas/ei/share/tools/gcc/gcc-arm/gcc-arm-none-eabi-10.3-2021.10/bin/../lib/gcc/arm-none-eabi/10.3.1/../../../../arm-none-eabi/lib/thumb/v7e-m/nofp/libg.a(lib_a-errno.o)
 .debug_frame   0x0000000000002294       0x2c /nas/ei/share/tools/gcc/gcc-arm/gcc-arm-none-eabi-10.3-2021.10/bin/../lib/gcc/arm-none-eabi/10.3.1/../../../../arm-none-eabi/lib/thumb/v7e-m/nofp/libg.a(lib_a-init.o)
 .debug_frame   0x00000000000022c0       0x28 /nas/ei/share/tools/gcc/gcc-arm/gcc-arm-none-eabi-10.3-2021.10/bin/../lib/gcc/arm-none-eabi/10.3.1/../../../../arm-none-eabi/lib/thumb/v7e-m/nofp/libg.a(lib_a-memcmp.o)
 .debug_frame   0x00000000000022e8       0x2c /nas/ei/share/tools/gcc/gcc-arm/gcc-arm-none-eabi-10.3-2021.10/bin/../lib/gcc/arm-none-eabi/10.3.1/../../../../arm-none-eabi/lib/thumb/v7e-m/nofp/libg.a(lib_a-memset.o)

.debug_str      0x0000000000000000    0x83530
 *(.debug_str)
 .debug_str     0x0000000000000000    0x7c880 build/main.o
                                      0x7cb6f (size before relaxing)
 .debug_str     0x000000000007c880      0xca7 build/KeyboardHID.o
                                      0x7c972 (size before relaxing)
 .debug_str     0x000000000007d527      0x6e7 build/Descriptors.o
                                      0x77e7a (size before relaxing)
 .debug_str     0x000000000007dc0e     0x2046 lib_build/xmc4_scu.o
                                      0x71f75 (size before relaxing)
 .debug_str     0x000000000007fc54       0xe3 lib_build/xmc_gpio.o
                                      0x73563 (size before relaxing)
 .debug_str     0x000000000007fd37      0x36f lib_build/HIDClassDevice.o
                                      0x786da (size before relaxing)
 .debug_str     0x00000000000800a6       0x76 lib_build/memcpy.o
                                       0x6e19 (size before relaxing)
 .debug_str     0x000000000008011c      0x2d1 lib_build/Endpoint_XMC4000.o
                                      0x7354f (size before relaxing)
 .debug_str     0x00000000000803ed      0x333 lib_build/EndpointStream_XMC4000.o
                                      0x72e65 (size before relaxing)
 .debug_str     0x0000000000080720      0x31d lib_build/USBController_XMC4000.o
                                      0x72f62 (size before relaxing)
 .debug_str     0x0000000000080a3d     0x1687 lib_build/xmc_usbd.o
                                      0x72df0 (size before relaxing)
 .debug_str     0x00000000000820c4      0x25c lib_build/ConfigDescriptors.o
                                      0x709a8 (size before relaxing)
 .debug_str     0x0000000000082320       0x61 lib_build/HostStandardReq.o
                                      0x70213 (size before relaxing)
 .debug_str     0x0000000000082381       0xc9 lib_build/USBTask.o
                                      0x72d08 (size before relaxing)
 .debug_str     0x000000000008244a       0x80 lib_build/Events.o
                                      0x70243 (size before relaxing)
 .debug_str     0x00000000000824ca      0xb5e lib_build/system_XMC4500.o
                                      0x6fded (size before relaxing)
 .debug_str     0x0000000000083028      0x508 lib_build/syscalls.o
                                       0x75b8 (size before relaxing)

.debug_loc      0x0000000000000000     0x4900
 *(.debug_loc)
 .debug_loc     0x0000000000000000      0x308 build/main.o
 .debug_loc     0x0000000000000308      0x398 build/KeyboardHID.o
 .debug_loc     0x00000000000006a0       0x5c build/Descriptors.o
 .debug_loc     0x00000000000006fc     0x2504 lib_build/xmc4_scu.o
 .debug_loc     0x0000000000002c00       0xb8 lib_build/xmc_gpio.o
 .debug_loc     0x0000000000002cb8       0xf4 lib_build/HIDClassDevice.o
 .debug_loc     0x0000000000002dac      0x3c4 lib_build/Endpoint_XMC4000.o
 .debug_loc     0x0000000000003170      0x32c lib_build/EndpointStream_XMC4000.o
 .debug_loc     0x000000000000349c      0x29c lib_build/USBController_XMC4000.o
 .debug_loc     0x0000000000003738      0xd34 lib_build/xmc_usbd.o
 .debug_loc     0x000000000000446c      0x19c lib_build/ConfigDescriptors.o
 .debug_loc     0x0000000000004608       0x7c lib_build/USBTask.o
 .debug_loc     0x0000000000004684       0x44 lib_build/Events.o
 .debug_loc     0x00000000000046c8      0x1a4 lib_build/system_XMC4500.o
 .debug_loc     0x000000000000486c       0x94 lib_build/syscalls.o

.debug_macinfo
 *(.debug_macinfo)

.debug_ranges   0x0000000000000000      0x7d8
 *(.debug_ranges)
 .debug_ranges  0x0000000000000000       0x58 build/main.o
 .debug_ranges  0x0000000000000058       0x70 build/KeyboardHID.o
 .debug_ranges  0x00000000000000c8       0x10 build/Descriptors.o
 .debug_ranges  0x00000000000000d8      0x3b8 lib_build/xmc4_scu.o
 .debug_ranges  0x0000000000000490       0x18 lib_build/xmc_gpio.o
 .debug_ranges  0x00000000000004a8       0x20 lib_build/HIDClassDevice.o
 .debug_ranges  0x00000000000004c8       0x10 lib_build/memcpy.o
 .debug_ranges  0x00000000000004d8       0x60 lib_build/Endpoint_XMC4000.o
 .debug_ranges  0x0000000000000538       0x58 lib_build/EndpointStream_XMC4000.o
 .debug_ranges  0x0000000000000590       0x58 lib_build/USBController_XMC4000.o
 .debug_ranges  0x00000000000005e8      0x148 lib_build/xmc_usbd.o
 .debug_ranges  0x0000000000000730       0x30 lib_build/ConfigDescriptors.o
 .debug_ranges  0x0000000000000760       0x18 lib_build/USBTask.o
 .debug_ranges  0x0000000000000778       0x10 lib_build/Events.o
 .debug_ranges  0x0000000000000788       0x38 lib_build/system_XMC4500.o
 .debug_ranges  0x00000000000007c0       0x18 lib_build/syscalls.o

.debug_weaknames
 *(.debug_weaknames)

.debug_funcnames
 *(.debug_funcnames)

.debug_typenames
 *(.debug_typenames)

.debug_varnames
 *(.debug_varnames)

.build_attributes
                0x0000000000000000      0x474
 *(.ARM.attributes)
 .ARM.attributes
                0x0000000000000000       0x32 build/main.o
 .ARM.attributes
                0x0000000000000032       0x32 build/KeyboardHID.o
 .ARM.attributes
                0x0000000000000064       0x32 build/Descriptors.o
 .ARM.attributes
                0x0000000000000096       0x32 lib_build/xmc4_scu.o
 .ARM.attributes
                0x00000000000000c8       0x32 lib_build/xmc_gpio.o
 .ARM.attributes
                0x00000000000000fa       0x32 lib_build/HIDClassDevice.o
 .ARM.attributes
                0x000000000000012c       0x32 lib_build/memcpy.o
 .ARM.attributes
                0x000000000000015e       0x32 lib_build/Endpoint_XMC4000.o
 .ARM.attributes
                0x0000000000000190       0x32 lib_build/EndpointStream_XMC4000.o
 .ARM.attributes
                0x00000000000001c2       0x32 lib_build/USBController_XMC4000.o
 .ARM.attributes
                0x00000000000001f4       0x32 lib_build/xmc_usbd.o
 .ARM.attributes
                0x0000000000000226       0x32 lib_build/ConfigDescriptors.o
 .ARM.attributes
                0x0000000000000258       0x32 lib_build/HostStandardReq.o
 .ARM.attributes
                0x000000000000028a       0x32 lib_build/USBTask.o
 .ARM.attributes
                0x00000000000002bc       0x32 lib_build/Events.o
 .ARM.attributes
                0x00000000000002ee       0x20 lib_build/startup_XMC4500.o
 .ARM.attributes
                0x000000000000030e       0x32 lib_build/system_XMC4500.o
 .ARM.attributes
                0x0000000000000340       0x32 lib_build/syscalls.o
 .ARM.attributes
                0x0000000000000372       0x2e /nas/ei/share/tools/gcc/gcc-arm/gcc-arm-none-eabi-10.3-2021.10/bin/../lib/gcc/arm-none-eabi/10.3.1/../../../../arm-none-eabi/lib/thumb/v7e-m/nofp/libg.a(lib_a-errno.o)
 .ARM.attributes
                0x00000000000003a0       0x2e /nas/ei/share/tools/gcc/gcc-arm/gcc-arm-none-eabi-10.3-2021.10/bin/../lib/gcc/arm-none-eabi/10.3.1/../../../../arm-none-eabi/lib/thumb/v7e-m/nofp/libg.a(lib_a-impure.o)
 .ARM.attributes
                0x00000000000003ce       0x2e /nas/ei/share/tools/gcc/gcc-arm/gcc-arm-none-eabi-10.3-2021.10/bin/../lib/gcc/arm-none-eabi/10.3.1/../../../../arm-none-eabi/lib/thumb/v7e-m/nofp/libg.a(lib_a-init.o)
 .ARM.attributes
                0x00000000000003fc       0x2e /nas/ei/share/tools/gcc/gcc-arm/gcc-arm-none-eabi-10.3-2021.10/bin/../lib/gcc/arm-none-eabi/10.3.1/../../../../arm-none-eabi/lib/thumb/v7e-m/nofp/libg.a(lib_a-memcmp.o)
 .ARM.attributes
                0x000000000000042a       0x1c /nas/ei/share/tools/gcc/gcc-arm/gcc-arm-none-eabi-10.3-2021.10/bin/../lib/gcc/arm-none-eabi/10.3.1/../../../../arm-none-eabi/lib/thumb/v7e-m/nofp/libg.a(lib_a-memcpy.o)
 .ARM.attributes
                0x0000000000000446       0x2e /nas/ei/share/tools/gcc/gcc-arm/gcc-arm-none-eabi-10.3-2021.10/bin/../lib/gcc/arm-none-eabi/10.3.1/../../../../arm-none-eabi/lib/thumb/v7e-m/nofp/libg.a(lib_a-memset.o)
OUTPUT(build/main.elf elf32-littlearm)
LOAD linker stubs

.debug_macro    0x0000000000000000    0x1cd13
 .debug_macro   0x0000000000000000      0x520 build/main.o
 .debug_macro   0x0000000000000520      0xa6c build/main.o
 .debug_macro   0x0000000000000f8c       0x22 build/main.o
 .debug_macro   0x0000000000000fae       0x5e build/main.o
 .debug_macro   0x000000000000100c       0x1e build/main.o
 .debug_macro   0x000000000000102a       0x94 build/main.o
 .debug_macro   0x00000000000010be       0x35 build/main.o
 .debug_macro   0x00000000000010f3       0x34 build/main.o
 .debug_macro   0x0000000000001127      0x16d build/main.o
 .debug_macro   0x0000000000001294       0x16 build/main.o
 .debug_macro   0x00000000000012aa       0x43 build/main.o
 .debug_macro   0x00000000000012ed       0x57 build/main.o
 .debug_macro   0x0000000000001344       0x34 build/main.o
 .debug_macro   0x0000000000001378       0x10 build/main.o
 .debug_macro   0x0000000000001388       0x58 build/main.o
 .debug_macro   0x00000000000013e0      0x182 build/main.o
 .debug_macro   0x0000000000001562      0x35d build/main.o
 .debug_macro   0x00000000000018bf       0x10 build/main.o
 .debug_macro   0x00000000000018cf       0x35 build/main.o
 .debug_macro   0x0000000000001904      0x103 build/main.o
 .debug_macro   0x0000000000001a07       0x6a build/main.o
 .debug_macro   0x0000000000001a71      0x1df build/main.o
 .debug_macro   0x0000000000001c50       0x22 build/main.o
 .debug_macro   0x0000000000001c72      0x167 build/main.o
 .debug_macro   0x0000000000001dd9       0x2d build/main.o
 .debug_macro   0x0000000000001e06       0x28 build/main.o
 .debug_macro   0x0000000000001e2e       0xaf build/main.o
 .debug_macro   0x0000000000001edd      0xfe7 build/main.o
 .debug_macro   0x0000000000002ec4       0x16 build/main.o
 .debug_macro   0x0000000000002eda    0x1474b build/main.o
 .debug_macro   0x0000000000017625       0x12 build/main.o
 .debug_macro   0x0000000000017637       0x4c build/main.o
 .debug_macro   0x0000000000017683       0x22 build/main.o
 .debug_macro   0x00000000000176a5      0x861 build/main.o
 .debug_macro   0x0000000000017f06       0xa5 build/main.o
 .debug_macro   0x0000000000017fab       0x12 build/main.o
 .debug_macro   0x0000000000017fbd       0x10 build/main.o
 .debug_macro   0x0000000000017fcd      0x1a7 build/main.o
 .debug_macro   0x0000000000018174       0x22 build/main.o
 .debug_macro   0x0000000000018196       0x6f build/main.o
 .debug_macro   0x0000000000018205       0x86 build/main.o
 .debug_macro   0x000000000001828b       0x40 build/main.o
 .debug_macro   0x00000000000182cb       0x4d build/main.o
 .debug_macro   0x0000000000018318       0x16 build/main.o
 .debug_macro   0x000000000001832e       0x16 build/main.o
 .debug_macro   0x0000000000018344       0x29 build/main.o
 .debug_macro   0x000000000001836d      0x2c3 build/main.o
 .debug_macro   0x0000000000018630       0xa5 build/main.o
 .debug_macro   0x00000000000186d5       0xc5 build/main.o
 .debug_macro   0x000000000001879a       0x16 build/main.o
 .debug_macro   0x00000000000187b0       0x7a build/main.o
 .debug_macro   0x000000000001882a       0x16 build/main.o
 .debug_macro   0x0000000000018840       0x16 build/main.o
 .debug_macro   0x0000000000018856       0x64 build/main.o
 .debug_macro   0x00000000000188ba       0x22 build/main.o
 .debug_macro   0x00000000000188dc       0x16 build/main.o
 .debug_macro   0x00000000000188f2       0x40 build/main.o
 .debug_macro   0x0000000000018932       0x1c build/main.o
 .debug_macro   0x000000000001894e       0x10 build/main.o
 .debug_macro   0x000000000001895e       0x10 build/main.o
 .debug_macro   0x000000000001896e       0x1c build/main.o
 .debug_macro   0x000000000001898a       0x52 build/main.o
 .debug_macro   0x00000000000189dc       0x22 build/main.o
 .debug_macro   0x00000000000189fe       0x10 build/main.o
 .debug_macro   0x0000000000018a0e       0x52 build/main.o
 .debug_macro   0x0000000000018a60       0xd5 build/main.o
 .debug_macro   0x0000000000018b35       0x1c build/main.o
 .debug_macro   0x0000000000018b51       0x3d build/main.o
 .debug_macro   0x0000000000018b8e       0x16 build/main.o
 .debug_macro   0x0000000000018ba4      0x16f build/main.o
 .debug_macro   0x0000000000018d13       0x16 build/main.o
 .debug_macro   0x0000000000018d29      0x154 build/main.o
 .debug_macro   0x0000000000018e7d       0x2a build/main.o
 .debug_macro   0x0000000000018ea7      0x6ce build/main.o
 .debug_macro   0x0000000000019575       0x16 build/main.o
 .debug_macro   0x000000000001958b      0x132 build/main.o
 .debug_macro   0x00000000000196bd       0x1c build/main.o
 .debug_macro   0x00000000000196d9      0x130 build/main.o
 .debug_macro   0x0000000000019809      0x50f build/KeyboardHID.o
 .debug_macro   0x0000000000019d18      0x4e5 build/Descriptors.o
 .debug_macro   0x000000000001a1fd       0x8e build/Descriptors.o
 .debug_macro   0x000000000001a28b       0x51 build/Descriptors.o
 .debug_macro   0x000000000001a2dc       0x64 build/Descriptors.o
 .debug_macro   0x000000000001a340       0x16 build/Descriptors.o
 .debug_macro   0x000000000001a356      0x20d lib_build/xmc4_scu.o
 .debug_macro   0x000000000001a563       0x9f lib_build/xmc4_scu.o
 .debug_macro   0x000000000001a602      0x1b6 lib_build/xmc_gpio.o
 .debug_macro   0x000000000001a7b8      0x4f4 lib_build/HIDClassDevice.o
 .debug_macro   0x000000000001acac      0x190 lib_build/memcpy.o
 .debug_macro   0x000000000001ae3c       0x16 lib_build/memcpy.o
 .debug_macro   0x000000000001ae52       0x97 lib_build/memcpy.o
 .debug_macro   0x000000000001aee9       0xf6 lib_build/memcpy.o
 .debug_macro   0x000000000001afdf      0x377 lib_build/Endpoint_XMC4000.o
 .debug_macro   0x000000000001b356       0x10 lib_build/Endpoint_XMC4000.o
 .debug_macro   0x000000000001b366      0x353 lib_build/EndpointStream_XMC4000.o
 .debug_macro   0x000000000001b6b9      0x33e lib_build/USBController_XMC4000.o
 .debug_macro   0x000000000001b9f7       0x10 lib_build/USBController_XMC4000.o
 .debug_macro   0x000000000001ba07       0x47 lib_build/USBController_XMC4000.o
 .debug_macro   0x000000000001ba4e       0x80 lib_build/USBController_XMC4000.o
 .debug_macro   0x000000000001bace      0x1f2 lib_build/xmc_usbd.o
 .debug_macro   0x000000000001bcc0      0x20f lib_build/ConfigDescriptors.o
 .debug_macro   0x000000000001becf       0x1c lib_build/ConfigDescriptors.o
 .debug_macro   0x000000000001beeb      0x1ee lib_build/HostStandardReq.o
 .debug_macro   0x000000000001c0d9      0x34a lib_build/USBTask.o
 .debug_macro   0x000000000001c423      0x1f7 lib_build/Events.o
 .debug_macro   0x000000000001c61a      0x301 lib_build/system_XMC4500.o
 .debug_macro   0x000000000001c91b       0x22 lib_build/system_XMC4500.o
 .debug_macro   0x000000000001c93d      0x18b lib_build/syscalls.o
 .debug_macro   0x000000000001cac8       0x10 lib_build/syscalls.o
 .debug_macro   0x000000000001cad8      0x23b lib_build/syscalls.o